stm32f4xx_hal_tim.c:4791:13:TIM_OC1_SetConfig	16	static
stm32f4xx_hal_tim.c:4856:13:TIM_OC3_SetConfig	16	static
stm32f4xx_hal_tim.c:4924:13:TIM_OC4_SetConfig	12	static
stm32f4xx_hal_tim.c:4982:13:TIM_SlaveTimer_SetConfig	12	static
stm32f4xx_hal_tim.c:272:13:HAL_TIM_Base_MspInit	0	static
stm32f4xx_hal_tim.c:287:13:HAL_TIM_Base_MspDeInit	0	static
stm32f4xx_hal_tim.c:244:19:HAL_TIM_Base_DeInit	8	static
stm32f4xx_hal_tim.c:302:19:HAL_TIM_Base_Start	0	static
stm32f4xx_hal_tim.c:326:19:HAL_TIM_Base_Stop	0	static
stm32f4xx_hal_tim.c:350:19:HAL_TIM_Base_Start_IT	0	static
stm32f4xx_hal_tim.c:371:19:HAL_TIM_Base_Stop_IT	0	static
stm32f4xx_hal_tim.c:393:19:HAL_TIM_Base_Start_DMA	8	static
stm32f4xx_hal_tim.c:438:19:HAL_TIM_Base_Stop_DMA	0	static
stm32f4xx_hal_tim.c:554:13:HAL_TIM_OC_MspInit	0	static
stm32f4xx_hal_tim.c:569:13:HAL_TIM_OC_MspDeInit	0	static
stm32f4xx_hal_tim.c:526:19:HAL_TIM_OC_DeInit	8	static
stm32f4xx_hal_tim.c:1066:13:HAL_TIM_PWM_MspInit	0	static
stm32f4xx_hal_tim.c:1081:13:HAL_TIM_PWM_MspDeInit	0	static
stm32f4xx_hal_tim.c:1038:19:HAL_TIM_PWM_DeInit	8	static
stm32f4xx_hal_tim.c:1581:13:HAL_TIM_IC_MspInit	0	static
stm32f4xx_hal_tim.c:1596:13:HAL_TIM_IC_MspDeInit	0	static
stm32f4xx_hal_tim.c:1553:19:HAL_TIM_IC_DeInit	8	static
stm32f4xx_hal_tim.c:2070:13:HAL_TIM_OnePulse_MspInit	0	static
stm32f4xx_hal_tim.c:2085:13:HAL_TIM_OnePulse_MspDeInit	0	static
stm32f4xx_hal_tim.c:2042:19:HAL_TIM_OnePulse_DeInit	8	static
stm32f4xx_hal_tim.c:2104:19:HAL_TIM_OnePulse_Start	0	static
stm32f4xx_hal_tim.c:2141:19:HAL_TIM_OnePulse_Stop	0	static
stm32f4xx_hal_tim.c:2178:19:HAL_TIM_OnePulse_Start_IT	0	static
stm32f4xx_hal_tim.c:2221:19:HAL_TIM_OnePulse_Stop_IT	0	static
stm32f4xx_hal_tim.c:2401:13:HAL_TIM_Encoder_MspInit	0	static
stm32f4xx_hal_tim.c:2416:13:HAL_TIM_Encoder_MspDeInit	0	static
stm32f4xx_hal_tim.c:2373:19:HAL_TIM_Encoder_DeInit	8	static
stm32f4xx_hal_tim.c:2436:19:HAL_TIM_Encoder_Start	0	static
stm32f4xx_hal_tim.c:2479:19:HAL_TIM_Encoder_Stop	0	static
stm32f4xx_hal_tim.c:2523:19:HAL_TIM_Encoder_Start_IT	0	static
stm32f4xx_hal_tim.c:2572:19:HAL_TIM_Encoder_Stop_IT	0	static
stm32f4xx_hal_tim.c:2627:19:HAL_TIM_Encoder_Start_DMA	24	static
stm32f4xx_hal_tim.c:2745:19:HAL_TIM_Encoder_Stop_DMA	0	static
stm32f4xx_hal_tim.c:3376:19:HAL_TIM_DMABurst_WriteStart	24	static
stm32f4xx_hal_tim.c:3601:19:HAL_TIM_DMABurst_ReadStart	24	static
stm32f4xx_hal_tim.c:3734:19:HAL_TIM_DMABurst_ReadStop	16	static
stm32f4xx_hal_tim.c:3508:19:HAL_TIM_DMABurst_WriteStop	0	static
stm32f4xx_hal_tim.c:3807:19:HAL_TIM_GenerateEvent	0	static
stm32f4xx_hal_tim.c:3845:19:HAL_TIM_ConfigOCrefClear	16	static
stm32f4xx_hal_tim.c:3948:19:HAL_TIM_ConfigClockSource	16	static
stm32f4xx_hal_tim.c:4109:19:HAL_TIM_ConfigTI1Input	0	static
stm32f4xx_hal_tim.c:4142:19:HAL_TIM_SlaveConfigSynchronization	16	static
stm32f4xx_hal_tim.c:4177:19:HAL_TIM_SlaveConfigSynchronization_IT	16	static
stm32f4xx_hal_tim.c:4216:10:HAL_TIM_ReadCapturedValue	0	static
stm32f4xx_hal_tim.c:4303:13:HAL_TIM_PeriodElapsedCallback	0	static
stm32f4xx_hal_tim.c:4761:13:TIM_DMAPeriodElapsedCplt	8	static
stm32f4xx_hal_tim.c:4318:13:HAL_TIM_OC_DelayElapsedCallback	0	static
stm32f4xx_hal_tim.c:4333:13:HAL_TIM_IC_CaptureCallback	0	static
stm32f4xx_hal_tim.c:4697:6:TIM_DMACaptureCplt	8	static
stm32f4xx_hal_tim.c:4348:13:HAL_TIM_PWM_PulseFinishedCallback	0	static
stm32f4xx_hal_tim.c:4648:6:TIM_DMADelayPulseCplt	8	static
stm32f4xx_hal_tim.c:4363:13:HAL_TIM_TriggerCallback	0	static
stm32f4xx_hal_tim.c:2808:6:HAL_TIM_IRQHandler	8	static
stm32f4xx_hal_tim.c:4776:13:TIM_DMATriggerCplt	8	static
stm32f4xx_hal_tim.c:4378:13:HAL_TIM_ErrorCallback	0	static
stm32f4xx_hal_tim.c:4682:6:TIM_DMAError	8	static
stm32f4xx_hal_tim.c:4411:22:HAL_TIM_Base_GetState	0	static
stm32f4xx_hal_tim.c:4422:22:HAL_TIM_OC_GetState	0	static
stm32f4xx_hal_tim.c:4433:22:HAL_TIM_PWM_GetState	0	static
stm32f4xx_hal_tim.c:4444:22:HAL_TIM_IC_GetState	0	static
stm32f4xx_hal_tim.c:4455:22:HAL_TIM_OnePulse_GetState	0	static
stm32f4xx_hal_tim.c:4466:22:HAL_TIM_Encoder_GetState	0	static
stm32f4xx_hal_tim.c:4480:6:TIM_Base_SetConfig	0	static
stm32f4xx_hal_tim.c:205:19:HAL_TIM_Base_Init	8	static
stm32f4xx_hal_tim.c:487:19:HAL_TIM_OC_Init	8	static
stm32f4xx_hal_tim.c:999:19:HAL_TIM_PWM_Init	8	static
stm32f4xx_hal_tim.c:1514:19:HAL_TIM_IC_Init	8	static
stm32f4xx_hal_tim.c:1996:19:HAL_TIM_OnePulse_Init	16	static
stm32f4xx_hal_tim.c:2284:19:HAL_TIM_Encoder_Init	24	static
stm32f4xx_hal_tim.c:4539:6:TIM_TI1_SetConfig	16	static
stm32f4xx_hal_tim.c:3041:19:HAL_TIM_IC_ConfigChannel	24	static
stm32f4xx_hal_tim.c:4581:6:TIM_OC2_SetConfig	16	static
stm32f4xx_hal_tim.c:2971:19:HAL_TIM_OC_ConfigChannel	16	static
stm32f4xx_hal_tim.c:3138:19:HAL_TIM_PWM_ConfigChannel	16	static
stm32f4xx_hal_tim.c:3239:19:HAL_TIM_OnePulse_ConfigChannel	48	static
stm32f4xx_hal_tim.c:4738:6:TIM_CCxChannelCmd	8	static
stm32f4xx_hal_tim.c:623:19:HAL_TIM_OC_Stop	8	static
stm32f4xx_hal_tim.c:1102:19:HAL_TIM_PWM_Start	8	static
stm32f4xx_hal_tim.c:590:19:HAL_TIM_OC_Start	0	static
stm32f4xx_hal_tim.c:1135:19:HAL_TIM_PWM_Stop	8	static
stm32f4xx_hal_tim.c:1171:19:HAL_TIM_PWM_Start_IT	8	static
stm32f4xx_hal_tim.c:656:19:HAL_TIM_OC_Start_IT	0	static
stm32f4xx_hal_tim.c:1238:19:HAL_TIM_PWM_Stop_IT	8	static
stm32f4xx_hal_tim.c:723:19:HAL_TIM_OC_Stop_IT	0	static
stm32f4xx_hal_tim.c:1307:19:HAL_TIM_PWM_Start_DMA	16	static
stm32f4xx_hal_tim.c:792:19:HAL_TIM_OC_Start_DMA	0	static
stm32f4xx_hal_tim.c:1425:19:HAL_TIM_PWM_Stop_DMA	8	static
stm32f4xx_hal_tim.c:910:19:HAL_TIM_OC_Stop_DMA	0	static
stm32f4xx_hal_tim.c:1617:19:HAL_TIM_IC_Start	8	static
stm32f4xx_hal_tim.c:1644:19:HAL_TIM_IC_Stop	8	static
stm32f4xx_hal_tim.c:1671:19:HAL_TIM_IC_Start_IT	8	static
stm32f4xx_hal_tim.c:1731:19:HAL_TIM_IC_Stop_IT	8	static
stm32f4xx_hal_tim.c:1794:19:HAL_TIM_IC_Start_DMA	16	static
stm32f4xx_hal_tim.c:1908:19:HAL_TIM_IC_Stop_DMA	8	static
