Archive member included to satisfy reference by file (symbol)

d:/program files/ac6/systemworkbench/plugins/fr.ac6.mcu.externaltools.arm-none.win32_1.16.0.201807130628/tools/compiler/bin/../lib/gcc/arm-none-eabi/7.2.1/../../../../arm-none-eabi/lib/thumb/v7e-m/fpv4-sp/hard\libc_nano.a(lib_a-atoi.o)
                              Middlewares/ST/STM32_SPWF0xSy/Utils/spwf04WiFi.o (atoi)
d:/program files/ac6/systemworkbench/plugins/fr.ac6.mcu.externaltools.arm-none.win32_1.16.0.201807130628/tools/compiler/bin/../lib/gcc/arm-none-eabi/7.2.1/../../../../arm-none-eabi/lib/thumb/v7e-m/fpv4-sp/hard\libc_nano.a(lib_a-exit.o)
                              d:/program files/ac6/systemworkbench/plugins/fr.ac6.mcu.externaltools.arm-none.win32_1.16.0.201807130628/tools/compiler/bin/../lib/gcc/arm-none-eabi/7.2.1/../../../../arm-none-eabi/lib/thumb/v7e-m/fpv4-sp/hard/crt0.o (exit)
d:/program files/ac6/systemworkbench/plugins/fr.ac6.mcu.externaltools.arm-none.win32_1.16.0.201807130628/tools/compiler/bin/../lib/gcc/arm-none-eabi/7.2.1/../../../../arm-none-eabi/lib/thumb/v7e-m/fpv4-sp/hard\libc_nano.a(lib_a-fflush.o)
                              Example/User/console.o (fflush)
d:/program files/ac6/systemworkbench/plugins/fr.ac6.mcu.externaltools.arm-none.win32_1.16.0.201807130628/tools/compiler/bin/../lib/gcc/arm-none-eabi/7.2.1/../../../../arm-none-eabi/lib/thumb/v7e-m/fpv4-sp/hard\libc_nano.a(lib_a-findfp.o)
                              d:/program files/ac6/systemworkbench/plugins/fr.ac6.mcu.externaltools.arm-none.win32_1.16.0.201807130628/tools/compiler/bin/../lib/gcc/arm-none-eabi/7.2.1/../../../../arm-none-eabi/lib/thumb/v7e-m/fpv4-sp/hard\libc_nano.a(lib_a-fflush.o) (__sinit)
d:/program files/ac6/systemworkbench/plugins/fr.ac6.mcu.externaltools.arm-none.win32_1.16.0.201807130628/tools/compiler/bin/../lib/gcc/arm-none-eabi/7.2.1/../../../../arm-none-eabi/lib/thumb/v7e-m/fpv4-sp/hard\libc_nano.a(lib_a-fwalk.o)
                              d:/program files/ac6/systemworkbench/plugins/fr.ac6.mcu.externaltools.arm-none.win32_1.16.0.201807130628/tools/compiler/bin/../lib/gcc/arm-none-eabi/7.2.1/../../../../arm-none-eabi/lib/thumb/v7e-m/fpv4-sp/hard\libc_nano.a(lib_a-findfp.o) (_fwalk)
d:/program files/ac6/systemworkbench/plugins/fr.ac6.mcu.externaltools.arm-none.win32_1.16.0.201807130628/tools/compiler/bin/../lib/gcc/arm-none-eabi/7.2.1/../../../../arm-none-eabi/lib/thumb/v7e-m/fpv4-sp/hard\libc_nano.a(lib_a-impure.o)
                              d:/program files/ac6/systemworkbench/plugins/fr.ac6.mcu.externaltools.arm-none.win32_1.16.0.201807130628/tools/compiler/bin/../lib/gcc/arm-none-eabi/7.2.1/../../../../arm-none-eabi/lib/thumb/v7e-m/fpv4-sp/hard\libc_nano.a(lib_a-exit.o) (_global_impure_ptr)
d:/program files/ac6/systemworkbench/plugins/fr.ac6.mcu.externaltools.arm-none.win32_1.16.0.201807130628/tools/compiler/bin/../lib/gcc/arm-none-eabi/7.2.1/../../../../arm-none-eabi/lib/thumb/v7e-m/fpv4-sp/hard\libc_nano.a(lib_a-init.o)
                              d:/program files/ac6/systemworkbench/plugins/fr.ac6.mcu.externaltools.arm-none.win32_1.16.0.201807130628/tools/compiler/bin/../lib/gcc/arm-none-eabi/7.2.1/../../../../arm-none-eabi/lib/thumb/v7e-m/fpv4-sp/hard/crt0.o (__libc_init_array)
d:/program files/ac6/systemworkbench/plugins/fr.ac6.mcu.externaltools.arm-none.win32_1.16.0.201807130628/tools/compiler/bin/../lib/gcc/arm-none-eabi/7.2.1/../../../../arm-none-eabi/lib/thumb/v7e-m/fpv4-sp/hard\libc_nano.a(lib_a-memchr.o)
                              Middlewares/ST/STM32_SPWF0xSy/wifi_module_uart_04.o (memchr)
d:/program files/ac6/systemworkbench/plugins/fr.ac6.mcu.externaltools.arm-none.win32_1.16.0.201807130628/tools/compiler/bin/../lib/gcc/arm-none-eabi/7.2.1/../../../../arm-none-eabi/lib/thumb/v7e-m/fpv4-sp/hard\libc_nano.a(lib_a-memcmp.o)
                              Middlewares/ST/STM32_SPWF0xSy/wifi_module_uart_04.o (memcmp)
d:/program files/ac6/systemworkbench/plugins/fr.ac6.mcu.externaltools.arm-none.win32_1.16.0.201807130628/tools/compiler/bin/../lib/gcc/arm-none-eabi/7.2.1/../../../../arm-none-eabi/lib/thumb/v7e-m/fpv4-sp/hard\libc_nano.a(lib_a-memcpy-stub.o)
                              Middlewares/ST/STM32_SPWF0xSy/Utils/ring_buffer.o (memcpy)
d:/program files/ac6/systemworkbench/plugins/fr.ac6.mcu.externaltools.arm-none.win32_1.16.0.201807130628/tools/compiler/bin/../lib/gcc/arm-none-eabi/7.2.1/../../../../arm-none-eabi/lib/thumb/v7e-m/fpv4-sp/hard\libc_nano.a(lib_a-memset.o)
                              d:/program files/ac6/systemworkbench/plugins/fr.ac6.mcu.externaltools.arm-none.win32_1.16.0.201807130628/tools/compiler/bin/../lib/gcc/arm-none-eabi/7.2.1/../../../../arm-none-eabi/lib/thumb/v7e-m/fpv4-sp/hard/crt0.o (memset)
d:/program files/ac6/systemworkbench/plugins/fr.ac6.mcu.externaltools.arm-none.win32_1.16.0.201807130628/tools/compiler/bin/../lib/gcc/arm-none-eabi/7.2.1/../../../../arm-none-eabi/lib/thumb/v7e-m/fpv4-sp/hard\libc_nano.a(lib_a-nano-freer.o)
[...]
Memory Configuration

Name             Origin             Length             Attributes
ROM              0x08000000         0x00020000         xr
RAM              0x20000000         0x00005000         xrw
*default*        0x00000000         0xffffffff

Linker script and memory map

LOAD d:/program files/ac6/systemworkbench/plugins/fr.ac6.mcu.externaltools.arm-none.win32_1.16.0.201807130628/tools/compiler/bin/../lib/gcc/arm-none-eabi/7.2.1/thumb/v7e-m/fpv4-sp/hard/crti.o
LOAD d:/program files/ac6/systemworkbench/plugins/fr.ac6.mcu.externaltools.arm-none.win32_1.16.0.201807130628/tools/compiler/bin/../lib/gcc/arm-none-eabi/7.2.1/thumb/v7e-m/fpv4-sp/hard/crtbegin.o
LOAD d:/program files/ac6/systemworkbench/plugins/fr.ac6.mcu.externaltools.arm-none.win32_1.16.0.201807130628/tools/compiler/bin/../lib/gcc/arm-none-eabi/7.2.1/../../../../arm-none-eabi/lib/thumb/v7e-m/fpv4-sp/hard/crt0.o
LOAD Drivers/BSP/STM32F4xx-Nucleo/stm32f4xx_nucleo.o
LOAD Drivers/BSP/X-NUCLEO-IDW0xx1/stm32_spwf_wifi.o
LOAD Drivers/CMSIS/system_stm32f4xx.o
LOAD Drivers/STM32F4xx_HAL_Driver/stm32f4xx_hal.o
LOAD Drivers/STM32F4xx_HAL_Driver/stm32f4xx_hal_cortex.o
LOAD Drivers/STM32F4xx_HAL_Driver/stm32f4xx_hal_dma.o
LOAD Drivers/STM32F4xx_HAL_Driver/stm32f4xx_hal_flash.o
LOAD Drivers/STM32F4xx_HAL_Driver/stm32f4xx_hal_flash_ex.o
LOAD Drivers/STM32F4xx_HAL_Driver/stm32f4xx_hal_gpio.o
LOAD Drivers/STM32F4xx_HAL_Driver/stm32f4xx_hal_rcc.o
LOAD Drivers/STM32F4xx_HAL_Driver/stm32f4xx_hal_rcc_ex.o
LOAD Drivers/STM32F4xx_HAL_Driver/stm32f4xx_hal_spi.o
LOAD Drivers/STM32F4xx_HAL_Driver/stm32f4xx_hal_tim.o
LOAD Drivers/STM32F4xx_HAL_Driver/stm32f4xx_hal_tim_ex.o
LOAD Drivers/STM32F4xx_HAL_Driver/stm32f4xx_hal_uart.o
LOAD Drivers/STM32F4xx_HAL_Driver/stm32f4xx_hal_usart.o
LOAD Drivers/STM32F4xx_HAL_Driver/stm32f4xx_ll_dma.o
LOAD Example/SW4STM32/startup_stm32f401xe.o
LOAD Example/User/connexionMQTT.o
LOAD Example/User/console.o
LOAD Example/User/main.o
LOAD Example/User/stm32_xx_hal_msp.o
LOAD Example/User/stm32_xx_it.o
LOAD Example/User/syscalls.o
LOAD Middlewares/ST/STM32_SPWF0xSy/Utils/event_buffer.o
LOAD Middlewares/ST/STM32_SPWF0xSy/Utils/ring_buffer.o
LOAD Middlewares/ST/STM32_SPWF0xSy/Utils/spwf04WiFi.o
LOAD Middlewares/ST/STM32_SPWF0xSy/Utils/wifi_globals.o
LOAD Middlewares/ST/STM32_SPWF0xSy/wifi_interface.o
LOAD Middlewares/ST/STM32_SPWF0xSy/wifi_module.o
LOAD Middlewares/ST/STM32_SPWF0xSy/wifi_module_spi.o
LOAD Middlewares/ST/STM32_SPWF0xSy/wifi_module_uart_01.o
LOAD Middlewares/ST/STM32_SPWF0xSy/wifi_module_uart_04.o
LOAD d:/program files/ac6/systemworkbench/plugins/fr.ac6.mcu.externaltools.arm-none.win32_1.16.0.201807130628/tools/compiler/bin/../lib/gcc/arm-none-eabi/7.2.1/../../../../arm-none-eabi/lib/thumb/v7e-m/fpv4-sp/hard\libm.a
LOAD d:/program files/ac6/systemworkbench/plugins/fr.ac6.mcu.externaltools.arm-none.win32_1.16.0.201807130628/tools/compiler/bin/../lib/gcc/arm-none-eabi/7.2.1/../../../../arm-none-eabi/lib/thumb/v7e-m/fpv4-sp/hard\libc_nano.a
LOAD d:/program files/ac6/systemworkbench/plugins/fr.ac6.mcu.externaltools.arm-none.win32_1.16.0.201807130628/tools/compiler/bin/../lib/gcc/arm-none-eabi/7.2.1/../../../../arm-none-eabi/lib/thumb/v7e-m/fpv4-sp/hard\libm.a
START GROUP
LOAD d:/program files/ac6/systemworkbench/plugins/fr.ac6.mcu.externaltools.arm-none.win32_1.16.0.201807130628/tools/compiler/bin/../lib/gcc/arm-none-eabi/7.2.1/thumb/v7e-m/fpv4-sp/hard\libgcc.a
LOAD d:/program files/ac6/systemworkbench/plugins/fr.ac6.mcu.externaltools.arm-none.win32_1.16.0.201807130628/tools/compiler/bin/../lib/gcc/arm-none-eabi/7.2.1/../../../../arm-none-eabi/lib/thumb/v7e-m/fpv4-sp/hard\libc_nano.a
END GROUP
START GROUP
LOAD d:/program files/ac6/systemworkbench/plugins/fr.ac6.mcu.externaltools.arm-none.win32_1.16.0.201807130628/tools/compiler/bin/../lib/gcc/arm-none-eabi/7.2.1/thumb/v7e-m/fpv4-sp/hard\libgcc.a
LOAD d:/program files/ac6/systemworkbench/plugins/fr.ac6.mcu.externaltools.arm-none.win32_1.16.0.201807130628/tools/compiler/bin/../lib/gcc/arm-none-eabi/7.2.1/../../../../arm-none-eabi/lib/thumb/v7e-m/fpv4-sp/hard\libc_nano.a
END GROUP
LOAD d:/program files/ac6/systemworkbench/plugins/fr.ac6.mcu.externaltools.arm-none.win32_1.16.0.201807130628/tools/compiler/bin/../lib/gcc/arm-none-eabi/7.2.1/thumb/v7e-m/fpv4-sp/hard/crtend.o
LOAD d:/program files/ac6/systemworkbench/plugins/fr.ac6.mcu.externaltools.arm-none.win32_1.16.0.201807130628/tools/compiler/bin/../lib/gcc/arm-none-eabi/7.2.1/thumb/v7e-m/fpv4-sp/hard/crtn.o
                0x20005000                _estack = 0x20005000
                0x00000000                _Min_Heap_Size = 0x0
                0x00000400                _Min_Stack_Size = 0x400

.isr_vector     0x08000000      0x194
                0x08000000                . = ALIGN (0x4)
 *(.isr_vector)
 .isr_vector    0x08000000      0x194 Example/SW4STM32/startup_stm32f401xe.o
                0x08000000                g_pfnVectors
                0x08000194                . = ALIGN (0x4)

.text           0x080001a0     0x3300
                0x080001a0                . = ALIGN (0x4)
 *(.text)
 .text          0x080001a0       0x40 d:/program files/ac6/systemworkbench/plugins/fr.ac6.mcu.externaltools.arm-none.win32_1.16.0.201807130628/tools/compiler/bin/../lib/gcc/arm-none-eabi/7.2.1/thumb/v7e-m/fpv4-sp/hard/crtbegin.o
 .text          0x080001e0       0xa0 d:/program files/ac6/systemworkbench/plugins/fr.ac6.mcu.externaltools.arm-none.win32_1.16.0.201807130628/tools/compiler/bin/../lib/gcc/arm-none-eabi/7.2.1/../../../../arm-none-eabi/lib/thumb/v7e-m/fpv4-sp/hard\libc_nano.a(lib_a-memchr.o)
                0x080001e0                memchr
 .text          0x08000280       0x10 d:/program files/ac6/systemworkbench/plugins/fr.ac6.mcu.externaltools.arm-none.win32_1.16.0.201807130628/tools/compiler/bin/../lib/gcc/arm-none-eabi/7.2.1/../../../../arm-none-eabi/lib/thumb/v7e-m/fpv4-sp/hard\libc_nano.a(lib_a-strlen.o)
                0x08000280                strlen
 *(.text*)
 .text.BSP_LED_On
                0x08000290       0x14 Drivers/BSP/STM32F4xx-Nucleo/stm32f4xx_nucleo.o
                0x08000290                BSP_LED_On
 .text.UART_Configuration
                0x080002a4       0x48 Drivers/BSP/X-NUCLEO-IDW0xx1/stm32_spwf_wifi.o
                0x080002a4                UART_Configuration
 .text.WiFi_CheckBaudrate
                0x080002ec       0x44 Drivers/BSP/X-NUCLEO-IDW0xx1/stm32_spwf_wifi.o
                0x080002ec                WiFi_CheckBaudrate
 .text.WiFi_Module_UART_Configuration
                0x08000330       0x74 Drivers/BSP/X-NUCLEO-IDW0xx1/stm32_spwf_wifi.o
                0x08000330                WiFi_Module_UART_Configuration
 .text.SystemInit
                0x080003a4       0x4c Drivers/CMSIS/system_stm32f4xx.o
                0x080003a4                SystemInit
 .text.HAL_MspInit
                0x080003f0        0x2 Drivers/STM32F4xx_HAL_Driver/stm32f4xx_hal.o
                0x080003f0                HAL_MspInit
 *fill*         0x080003f2        0x2 
 .text.HAL_InitTick
                0x080003f4       0x28 Drivers/STM32F4xx_HAL_Driver/stm32f4xx_hal.o
                0x080003f4                HAL_InitTick
 .text.HAL_Init
                0x0800041c       0x34 Drivers/STM32F4xx_HAL_Driver/stm32f4xx_hal.o
                0x0800041c                HAL_Init
 .text.HAL_IncTick
                0x08000450       0x10 Drivers/STM32F4xx_HAL_Driver/stm32f4xx_hal.o
                0x08000450                HAL_IncTick
 .text.HAL_GetTick
                0x08000460        0xc Drivers/STM32F4xx_HAL_Driver/stm32f4xx_hal.o
                0x08000460                HAL_GetTick
 .text.HAL_Delay
                0x0800046c       0x1a Drivers/STM32F4xx_HAL_Driver/stm32f4xx_hal.o
                0x0800046c                HAL_Delay
 *fill*         0x08000486        0x2 
 .text.HAL_NVIC_SetPriorityGrouping
                0x08000488       0x24 Drivers/STM32F4xx_HAL_Driver/stm32f4xx_hal_cortex.o
                0x08000488                HAL_NVIC_SetPriorityGrouping
 .text.HAL_NVIC_SetPriority
                0x080004ac       0x68 Drivers/STM32F4xx_HAL_Driver/stm32f4xx_hal_cortex.o
                0x080004ac                HAL_NVIC_SetPriority
 .text.HAL_NVIC_EnableIRQ
                0x08000514       0x18 Drivers/STM32F4xx_HAL_Driver/stm32f4xx_hal_cortex.o
                0x08000514                HAL_NVIC_EnableIRQ
 .text.HAL_NVIC_DisableIRQ
                0x0800052c       0x1c Drivers/STM32F4xx_HAL_Driver/stm32f4xx_hal_cortex.o
                0x0800052c                HAL_NVIC_DisableIRQ
 .text.HAL_SYSTICK_Config
                0x08000548       0x2c Drivers/STM32F4xx_HAL_Driver/stm32f4xx_hal_cortex.o
                0x08000548                HAL_SYSTICK_Config
 .text.DMA_CalcBaseAndBitshift
                0x08000574       0x2c Drivers/STM32F4xx_HAL_Driver/stm32f4xx_hal_dma.o
 .text.HAL_DMA_Init
                0x080005a0       0xfc Drivers/STM32F4xx_HAL_Driver/stm32f4xx_hal_dma.o
                0x080005a0                HAL_DMA_Init
 .text.HAL_DMA_Abort_IT
                0x0800069c       0x24 Drivers/STM32F4xx_HAL_Driver/stm32f4xx_hal_dma.o
                0x0800069c                HAL_DMA_Abort_IT
 .text.HAL_GPIO_Init
                0x080006c0      0x1ac Drivers/STM32F4xx_HAL_Driver/stm32f4xx_hal_gpio.o
                0x080006c0                HAL_GPIO_Init
 .text.HAL_GPIO_DeInit
                0x0800086c       0xec Drivers/STM32F4xx_HAL_Driver/stm32f4xx_hal_gpio.o
                0x0800086c                HAL_GPIO_DeInit
 .text.HAL_GPIO_WritePin
                0x08000958        0xa Drivers/STM32F4xx_HAL_Driver/stm32f4xx_hal_gpio.o
                0x08000958                HAL_GPIO_WritePin
 *fill*         0x08000962        0x2 
 .text.HAL_RCC_OscConfig
                0x08000964      0x2e4 Drivers/STM32F4xx_HAL_Driver/stm32f4xx_hal_rcc.o
                0x08000964                HAL_RCC_OscConfig
 .text.HAL_RCC_GetSysClockFreq
                0x08000c48       0x78 Drivers/STM32F4xx_HAL_Driver/stm32f4xx_hal_rcc.o
                0x08000c48                HAL_RCC_GetSysClockFreq
 .text.HAL_RCC_ClockConfig
                0x08000cc0      0x16c Drivers/STM32F4xx_HAL_Driver/stm32f4xx_hal_rcc.o
                0x08000cc0                HAL_RCC_ClockConfig
 .text.HAL_RCC_GetPCLK1Freq
                0x08000e2c       0x34 Drivers/STM32F4xx_HAL_Driver/stm32f4xx_hal_rcc.o
                0x08000e2c                HAL_RCC_GetPCLK1Freq
 .text.HAL_RCC_GetPCLK2Freq
                0x08000e60       0x34 Drivers/STM32F4xx_HAL_Driver/stm32f4xx_hal_rcc.o
                0x08000e60                HAL_RCC_GetPCLK2Freq
 .text.HAL_TIM_OC_DelayElapsedCallback
                0x08000e94        0x2 Drivers/STM32F4xx_HAL_Driver/stm32f4xx_hal_tim.o
                0x08000e94                HAL_TIM_OC_DelayElapsedCallback
 .text.HAL_TIM_IC_CaptureCallback
                0x08000e96        0x2 Drivers/STM32F4xx_HAL_Driver/stm32f4xx_hal_tim.o
                0x08000e96                HAL_TIM_IC_CaptureCallback
 .text.HAL_TIM_PWM_PulseFinishedCallback
                0x08000e98        0x2 Drivers/STM32F4xx_HAL_Driver/stm32f4xx_hal_tim.o
                0x08000e98                HAL_TIM_PWM_PulseFinishedCallback
 .text.HAL_TIM_TriggerCallback
                0x08000e9a        0x2 Drivers/STM32F4xx_HAL_Driver/stm32f4xx_hal_tim.o
                0x08000e9a                HAL_TIM_TriggerCallback
 .text.HAL_TIM_IRQHandler
                0x08000e9c      0x144 Drivers/STM32F4xx_HAL_Driver/stm32f4xx_hal_tim.o
                0x08000e9c                HAL_TIM_IRQHandler
 .text.HAL_TIMEx_CommutationCallback
                0x08000fe0        0x2 Drivers/STM32F4xx_HAL_Driver/stm32f4xx_hal_tim_ex.o
                0x08000fe0                HAL_TIMEx_CommutationCallback
 .text.HAL_TIMEx_BreakCallback
                0x08000fe2        0x2 Drivers/STM32F4xx_HAL_Driver/stm32f4xx_hal_tim_ex.o
                0x08000fe2                HAL_TIMEx_BreakCallback
 .text.UART_EndRxTransfer
                0x08000fe4       0x1a Drivers/STM32F4xx_HAL_Driver/stm32f4xx_hal_uart.o
 *fill*         0x08000ffe        0x2 
 .text.UART_SetConfig
                0x08001000      0x234 Drivers/STM32F4xx_HAL_Driver/stm32f4xx_hal_uart.o
 .text.UART_WaitOnFlagUntilTimeout.constprop.3
                0x08001234       0x50 Drivers/STM32F4xx_HAL_Driver/stm32f4xx_hal_uart.o
 .text.HAL_UART_Init
                0x08001284       0x5c Drivers/STM32F4xx_HAL_Driver/stm32f4xx_hal_uart.o
                0x08001284                HAL_UART_Init
 .text.HAL_UART_DeInit
                0x080012e0       0x26 Drivers/STM32F4xx_HAL_Driver/stm32f4xx_hal_uart.o
                0x080012e0                HAL_UART_DeInit
 .text.HAL_UART_Transmit
                0x08001306       0xae Drivers/STM32F4xx_HAL_Driver/stm32f4xx_hal_uart.o
                0x08001306                HAL_UART_Transmit
 .text.HAL_UART_Receive
                0x080013b4       0xba Drivers/STM32F4xx_HAL_Driver/stm32f4xx_hal_uart.o
                0x080013b4                HAL_UART_Receive
 .text.HAL_UART_Receive_IT
                0x0800146e       0x46 Drivers/STM32F4xx_HAL_Driver/stm32f4xx_hal_uart.o
                0x0800146e                HAL_UART_Receive_IT
 .text.UART_Receive_IT
                0x080014b4       0x6e Drivers/STM32F4xx_HAL_Driver/stm32f4xx_hal_uart.o
 .text.UART_DMAAbortOnError
                0x08001522       0x10 Drivers/STM32F4xx_HAL_Driver/stm32f4xx_hal_uart.o
 .text.HAL_UART_IdleCallback
                0x08001532        0x2 Drivers/STM32F4xx_HAL_Driver/stm32f4xx_hal_uart.o
                0x08001532                HAL_UART_IdleCallback
 .text.HAL_UART_IRQHandler
                0x08001534      0x16c Drivers/STM32F4xx_HAL_Driver/stm32f4xx_hal_uart.o
                0x08001534                HAL_UART_IRQHandler
 .text.Reset_Handler
                0x080016a0       0x50 Example/SW4STM32/startup_stm32f401xe.o
                0x080016a0                Reset_Handler
 .text.Default_Handler
                0x080016f0        0x2 Example/SW4STM32/startup_stm32f401xe.o
                0x080016f0                RTC_Alarm_IRQHandler
                0x080016f0                EXTI2_IRQHandler
                0x080016f0                SPI4_IRQHandler
                0x080016f0                TIM1_CC_IRQHandler
                0x080016f0                DMA2_Stream5_IRQHandler
                0x080016f0                PVD_IRQHandler
                0x080016f0                SDIO_IRQHandler
                0x080016f0                TAMP_STAMP_IRQHandler
                0x080016f0                EXTI3_IRQHandler
                0x080016f0                TIM1_UP_TIM10_IRQHandler
                0x080016f0                I2C3_ER_IRQHandler
                0x080016f0                EXTI0_IRQHandler
                0x080016f0                I2C2_EV_IRQHandler
                0x080016f0                DMA1_Stream2_IRQHandler
                0x080016f0                FPU_IRQHandler
                0x080016f0                SPI1_IRQHandler
                0x080016f0                TIM1_BRK_TIM9_IRQHandler
                0x080016f0                DMA2_Stream3_IRQHandler
                0x080016f0                USART6_IRQHandler
                0x080016f0                DMA2_Stream0_IRQHandler
                0x080016f0                TIM4_IRQHandler
                0x080016f0                I2C1_EV_IRQHandler
                0x080016f0                DMA1_Stream6_IRQHandler
                0x080016f0                DMA1_Stream1_IRQHandler
                0x080016f0                RCC_IRQHandler
                0x080016f0                Default_Handler
                0x080016f0                EXTI15_10_IRQHandler
                0x080016f0                ADC_IRQHandler
                0x080016f0                DMA1_Stream7_IRQHandler
                0x080016f0                TIM5_IRQHandler
                0x080016f0                DMA2_Stream7_IRQHandler
                0x080016f0                I2C3_EV_IRQHandler
                0x080016f0                EXTI9_5_IRQHandler
                0x080016f0                RTC_WKUP_IRQHandler
                0x080016f0                SPI2_IRQHandler
                0x080016f0                DMA1_Stream0_IRQHandler
                0x080016f0                EXTI4_IRQHandler
                0x080016f0                WWDG_IRQHandler
                0x080016f0                OTG_FS_WKUP_IRQHandler
                0x080016f0                TIM1_TRG_COM_TIM11_IRQHandler
                0x080016f0                EXTI1_IRQHandler
                0x080016f0                I2C2_ER_IRQHandler
                0x080016f0                DMA2_Stream1_IRQHandler
                0x080016f0                FLASH_IRQHandler
                0x080016f0                DMA2_Stream4_IRQHandler
                0x080016f0                OTG_FS_IRQHandler
                0x080016f0                SPI3_IRQHandler
                0x080016f0                DMA1_Stream4_IRQHandler
                0x080016f0                I2C1_ER_IRQHandler
                0x080016f0                DMA2_Stream6_IRQHandler
                0x080016f0                DMA1_Stream3_IRQHandler
 *fill*         0x080016f2        0x2 
 .text.uartSendChar
                0x080016f4       0x24 Example/User/console.o
                0x080016f4                uartSendChar
 .text.uartReceiveChar
                0x08001718       0x4c Example/User/console.o
                0x08001718                uartReceiveChar
 .text.__io_putchar
                0x08001764        0x4 Example/User/console.o
                0x08001764                __io_putchar
 .text.__io_getchar
                0x08001768        0x4 Example/User/console.o
                0x08001768                __io_getchar
 .text.SystemClock_Config
                0x0800176c       0x80 Example/User/main.o
                0x0800176c                SystemClock_Config
 .text.USART_PRINT_MSG_Configuration
                0x080017ec       0x40 Example/User/main.o
                0x080017ec                USART_PRINT_MSG_Configuration
 .text.UART_Msg_Gpio_Init
                0x0800182c       0xa8 Example/User/main.o
                0x0800182c                UART_Msg_Gpio_Init
 .text.startup.main
                0x080018d4      0x118 Example/User/main.o
                0x080018d4                main
 .text.HAL_UART_MspInit
                0x080019ec       0xc0 Example/User/stm32_xx_hal_msp.o
                0x080019ec                HAL_UART_MspInit
 .text.HAL_UART_MspDeInit
                0x08001aac       0x48 Example/User/stm32_xx_hal_msp.o
                0x08001aac                HAL_UART_MspDeInit
 .text.NMI_Handler
                0x08001af4        0x2 Example/User/stm32_xx_it.o
                0x08001af4                NMI_Handler
 .text.HardFault_Handler
                0x08001af6        0xa Example/User/stm32_xx_it.o
                0x08001af6                HardFault_Handler
 .text.MemManage_Handler
                0x08001b00        0x6 Example/User/stm32_xx_it.o
                0x08001b00                MemManage_Handler
 .text.BusFault_Handler
                0x08001b06        0x6 Example/User/stm32_xx_it.o
                0x08001b06                BusFault_Handler
 .text.UsageFault_Handler
                0x08001b0c        0x6 Example/User/stm32_xx_it.o
                0x08001b0c                UsageFault_Handler
 .text.SVC_Handler
                0x08001b12        0x6 Example/User/stm32_xx_it.o
                0x08001b12                SVC_Handler
 .text.DebugMon_Handler
                0x08001b18        0x4 Example/User/stm32_xx_it.o
                0x08001b18                DebugMon_Handler
 .text.PendSV_Handler
                0x08001b1c        0x2 Example/User/stm32_xx_it.o
                0x08001b1c                PendSV_Handler
 *fill*         0x08001b1e        0x2 
 .text.TIM3_IRQHandler
                0x08001b20        0xc Example/User/stm32_xx_it.o
                0x08001b20                TIM3_IRQHandler
 .text.TIM2_IRQHandler
                0x08001b2c        0xc Example/User/stm32_xx_it.o
                0x08001b2c                TIM2_IRQHandler
 .text.SysTick_Handler
                0x08001b38        0x4 Example/User/stm32_xx_it.o
                0x08001b38                SysTick_Handler
 .text.HAL_TIM_PeriodElapsedCallback
                0x08001b3c        0x2 Example/User/stm32_xx_it.o
                0x08001b3c                HAL_TIM_PeriodElapsedCallback
 .text.HAL_UART_RxCpltCallback
                0x08001b3e        0x2 Example/User/stm32_xx_it.o
                0x08001b3e                HAL_UART_RxCpltCallback
 .text.HAL_UART_TxCpltCallback
                0x08001b40        0x2 Example/User/stm32_xx_it.o
                0x08001b40                HAL_UART_TxCpltCallback
 .text.HAL_UART_ErrorCallback
                0x08001b42        0x4 Example/User/stm32_xx_it.o
                0x08001b42                HAL_UART_ErrorCallback
 *fill*         0x08001b46        0x2 
 .text.USART1_IRQHandler
                0x08001b48        0xc Example/User/stm32_xx_it.o
                0x08001b48                USART1_IRQHandler
 .text.USART2_IRQHandler
                0x08001b54        0xc Example/User/stm32_xx_it.o
                0x08001b54                USART2_IRQHandler
 .text.DMA1_Stream5_IRQHandler
                0x08001b60       0x1c Example/User/stm32_xx_it.o
                0x08001b60                DMA1_Stream5_IRQHandler
 .text.DMA2_Stream2_IRQHandler
                0x08001b7c       0x1c Example/User/stm32_xx_it.o
                0x08001b7c                DMA2_Stream2_IRQHandler
 .text._sbrk    0x08001b98       0x40 Example/User/syscalls.o
                0x08001b98                _sbrk
 .text._write   0x08001bd8       0x1c Example/User/syscalls.o
                0x08001bd8                _write
 .text._close   0x08001bf4        0x6 Example/User/syscalls.o
                0x08001bf4                _close
 .text._fstat   0x08001bfa        0xa Example/User/syscalls.o
                0x08001bfa                _fstat
 .text._isatty  0x08001c04        0x4 Example/User/syscalls.o
                0x08001c04                _isatty
 .text._lseek   0x08001c08        0x4 Example/User/syscalls.o
                0x08001c08                _lseek
 .text._read    0x08001c0c        0xe Example/User/syscalls.o
                0x08001c0c                _read
 .text.push_eventbuffer_queue
                0x08001c1a       0x70 Middlewares/ST/STM32_SPWF0xSy/Utils/event_buffer.o
                0x08001c1a                push_eventbuffer_queue
 .text.reset_event
                0x08001c8a       0x18 Middlewares/ST/STM32_SPWF0xSy/Utils/event_buffer.o
                0x08001c8a                reset_event
 *fill*         0x08001ca2        0x2 
 .text.Set_UartMsgHandle
                0x08001ca4        0xc Middlewares/ST/STM32_SPWF0xSy/Utils/wifi_globals.o
                0x08001ca4                Set_UartMsgHandle
 .text.wifi_mqtt_connect
                0x08001cb0       0x18 Middlewares/ST/STM32_SPWF0xSy/wifi_interface.o
                0x08001cb0                wifi_mqtt_connect
 .text.wifi_mqtt_subscribe
                0x08001cc8       0x18 Middlewares/ST/STM32_SPWF0xSy/wifi_interface.o
                0x08001cc8                wifi_mqtt_subscribe
 .text.wifi_mqtt_publish
                0x08001ce0       0x18 Middlewares/ST/STM32_SPWF0xSy/wifi_interface.o
                0x08001ce0                wifi_mqtt_publish
 .text.DMA1_TransferComplete
                0x08001cf8       0x44 Middlewares/ST/STM32_SPWF0xSy/wifi_module.o
                0x08001cf8                DMA1_TransferComplete
 .text.DMA2_TransferComplete
                0x08001d3c       0x48 Middlewares/ST/STM32_SPWF0xSy/wifi_module.o
                0x08001d3c                DMA2_TransferComplete
 .text.Receive_Data
                0x08001d84       0x38 Middlewares/ST/STM32_SPWF0xSy/wifi_module.o
                0x08001d84                Receive_Data
 .text.USART_Receive_AT_Resp
                0x08001dbc       0x1c Middlewares/ST/STM32_SPWF0xSy/wifi_module.o
                0x08001dbc                USART_Receive_AT_Resp
 .text.Wait_For_Sock_Read_To_Complete
                0x08001dd8       0x20 Middlewares/ST/STM32_SPWF0xSy/wifi_module.o
                0x08001dd8                Wait_For_Sock_Read_To_Complete
 .text.Queue_Mqtt_Connect_Event
                0x08001df8       0x40 Middlewares/ST/STM32_SPWF0xSy/wifi_module.o
                0x08001df8                Queue_Mqtt_Connect_Event
 .text.Queue_Mqtt_Event
                0x08001e38       0x38 Middlewares/ST/STM32_SPWF0xSy/wifi_module.o
                0x08001e38                Queue_Mqtt_Event
 .text.Queue_Mqtt_Publish_Event
                0x08001e70       0x44 Middlewares/ST/STM32_SPWF0xSy/wifi_module.o
                0x08001e70                Queue_Mqtt_Publish_Event
 .text.Reset_AT_CMD_Buffer
                0x08001eb4       0x10 Middlewares/ST/STM32_SPWF0xSy/wifi_module.o
                0x08001eb4                Reset_AT_CMD_Buffer
 .text.Error_Handler
                0x08001ec4        0x6 Middlewares/ST/STM32_SPWF0xSy/wifi_module.o
                0x08001ec4                Error_Handler
 *fill*         0x08001eca        0x2 
 .text.UART_DMA_Init
                0x08001ecc      0x138 Middlewares/ST/STM32_SPWF0xSy/wifi_module.o
                0x08001ecc                UART_DMA_Init
 .text.WiFi_HAL_UART_ErrorCallback
                0x08002004        0x4 Middlewares/ST/STM32_SPWF0xSy/wifi_module.o
                0x08002004                WiFi_HAL_UART_ErrorCallback
 .text.USART_Transmit_AT_Cmd
                0x08002008       0x7c Middlewares/ST/STM32_SPWF0xSy/wifi_module.o
                0x08002008                USART_Transmit_AT_Cmd
 .text.Attention_Cmd_Check
                0x08002084       0xa4 Middlewares/ST/STM32_SPWF0xSy/wifi_module.o
                0x08002084                Attention_Cmd_Check
 .text.WaitForResponse
                0x08002128       0x48 Middlewares/ST/STM32_SPWF0xSy/wifi_module.o
                0x08002128                WaitForResponse
 .text.config_init_value
                0x08002170       0x4c Middlewares/ST/STM32_SPWF0xSy/wifi_module.o
                0x08002170                config_init_value
 .text.__sflush_r
                0x080021bc      0x10c d:/program files/ac6/systemworkbench/plugins/fr.ac6.mcu.externaltools.arm-none.win32_1.16.0.201807130628/tools/compiler/bin/../lib/gcc/arm-none-eabi/7.2.1/../../../../arm-none-eabi/lib/thumb/v7e-m/fpv4-sp/hard\libc_nano.a(lib_a-fflush.o)
                0x080021bc                __sflush_r
 .text._fflush_r
                0x080022c8       0x54 d:/program files/ac6/systemworkbench/plugins/fr.ac6.mcu.externaltools.arm-none.win32_1.16.0.201807130628/tools/compiler/bin/../lib/gcc/arm-none-eabi/7.2.1/../../../../arm-none-eabi/lib/thumb/v7e-m/fpv4-sp/hard\libc_nano.a(lib_a-fflush.o)
                0x080022c8                _fflush_r
 .text.std      0x0800231c       0x48 d:/program files/ac6/systemworkbench/plugins/fr.ac6.mcu.externaltools.arm-none.win32_1.16.0.201807130628/tools/compiler/bin/../lib/gcc/arm-none-eabi/7.2.1/../../../../arm-none-eabi/lib/thumb/v7e-m/fpv4-sp/hard\libc_nano.a(lib_a-findfp.o)
 .text._cleanup_r
                0x08002364        0xc d:/program files/ac6/systemworkbench/plugins/fr.ac6.mcu.externaltools.arm-none.win32_1.16.0.201807130628/tools/compiler/bin/../lib/gcc/arm-none-eabi/7.2.1/../../../../arm-none-eabi/lib/thumb/v7e-m/fpv4-sp/hard\libc_nano.a(lib_a-findfp.o)
                0x08002364                _cleanup_r
 .text.__sfmoreglue
                0x08002370       0x2c d:/program files/ac6/systemworkbench/plugins/fr.ac6.mcu.externaltools.arm-none.win32_1.16.0.201807130628/tools/compiler/bin/../lib/gcc/arm-none-eabi/7.2.1/../../../../arm-none-eabi/lib/thumb/v7e-m/fpv4-sp/hard\libc_nano.a(lib_a-findfp.o)
                0x08002370                __sfmoreglue
 .text.__sinit  0x0800239c       0x60 d:/program files/ac6/systemworkbench/plugins/fr.ac6.mcu.externaltools.arm-none.win32_1.16.0.201807130628/tools/compiler/bin/../lib/gcc/arm-none-eabi/7.2.1/../../../../arm-none-eabi/lib/thumb/v7e-m/fpv4-sp/hard\libc_nano.a(lib_a-findfp.o)
                0x0800239c                __sinit
 .text.__sfp    0x080023fc       0x78 d:/program files/ac6/systemworkbench/plugins/fr.ac6.mcu.externaltools.arm-none.win32_1.16.0.201807130628/tools/compiler/bin/../lib/gcc/arm-none-eabi/7.2.1/../../../../arm-none-eabi/lib/thumb/v7e-m/fpv4-sp/hard\libc_nano.a(lib_a-findfp.o)
                0x080023fc                __sfp
 .text._fwalk_reent
                0x08002474       0x3c d:/program files/ac6/systemworkbench/plugins/fr.ac6.mcu.externaltools.arm-none.win32_1.16.0.201807130628/tools/compiler/bin/../lib/gcc/arm-none-eabi/7.2.1/../../../../arm-none-eabi/lib/thumb/v7e-m/fpv4-sp/hard\libc_nano.a(lib_a-fwalk.o)
                0x08002474                _fwalk_reent
 .text.__libc_init_array
                0x080024b0       0x48 d:/program files/ac6/systemworkbench/plugins/fr.ac6.mcu.externaltools.arm-none.win32_1.16.0.201807130628/tools/compiler/bin/../lib/gcc/arm-none-eabi/7.2.1/../../../../arm-none-eabi/lib/thumb/v7e-m/fpv4-sp/hard\libc_nano.a(lib_a-init.o)
                0x080024b0                __libc_init_array
 .text.memcpy   0x080024f8       0x16 d:/program files/ac6/systemworkbench/plugins/fr.ac6.mcu.externaltools.arm-none.win32_1.16.0.201807130628/tools/compiler/bin/../lib/gcc/arm-none-eabi/7.2.1/../../../../arm-none-eabi/lib/thumb/v7e-m/fpv4-sp/hard\libc_nano.a(lib_a-memcpy-stub.o)
                0x080024f8                memcpy
 .text.memset   0x0800250e       0x10 d:/program files/ac6/systemworkbench/plugins/fr.ac6.mcu.externaltools.arm-none.win32_1.16.0.201807130628/tools/compiler/bin/../lib/gcc/arm-none-eabi/7.2.1/../../../../arm-none-eabi/lib/thumb/v7e-m/fpv4-sp/hard\libc_nano.a(lib_a-memset.o)
                0x0800250e                memset
 *fill*         0x0800251e        0x2 
 .text._free_r  0x08002520       0x9c d:/program files/ac6/systemworkbench/plugins/fr.ac6.mcu.externaltools.arm-none.win32_1.16.0.201807130628/tools/compiler/bin/../lib/gcc/arm-none-eabi/7.2.1/../../../../arm-none-eabi/lib/thumb/v7e-m/fpv4-sp/hard\libc_nano.a(lib_a-nano-freer.o)
                0x08002520                _free_r
 .text._malloc_r
                0x080025bc       0xb4 d:/program files/ac6/systemworkbench/plugins/fr.ac6.mcu.externaltools.arm-none.win32_1.16.0.201807130628/tools/compiler/bin/../lib/gcc/arm-none-eabi/7.2.1/../../../../arm-none-eabi/lib/thumb/v7e-m/fpv4-sp/hard\libc_nano.a(lib_a-nano-mallocr.o)
                0x080025bc                _malloc_r
 .text.printf   0x08002670       0x30 d:/program files/ac6/systemworkbench/plugins/fr.ac6.mcu.externaltools.arm-none.win32_1.16.0.201807130628/tools/compiler/bin/../lib/gcc/arm-none-eabi/7.2.1/../../../../arm-none-eabi/lib/thumb/v7e-m/fpv4-sp/hard\libc_nano.a(lib_a-printf.o)
                0x08002670                iprintf
                0x08002670                printf
 .text._puts_r  0x080026a0       0xb8 d:/program files/ac6/systemworkbench/plugins/fr.ac6.mcu.externaltools.arm-none.win32_1.16.0.201807130628/tools/compiler/bin/../lib/gcc/arm-none-eabi/7.2.1/../../../../arm-none-eabi/lib/thumb/v7e-m/fpv4-sp/hard\libc_nano.a(lib_a-puts.o)
                0x080026a0                _puts_r
 .text.puts     0x08002758       0x10 d:/program files/ac6/systemworkbench/plugins/fr.ac6.mcu.externaltools.arm-none.win32_1.16.0.201807130628/tools/compiler/bin/../lib/gcc/arm-none-eabi/7.2.1/../../../../arm-none-eabi/lib/thumb/v7e-m/fpv4-sp/hard\libc_nano.a(lib_a-puts.o)
                0x08002758                puts
 .text._sbrk_r  0x08002768       0x20 d:/program files/ac6/systemworkbench/plugins/fr.ac6.mcu.externaltools.arm-none.win32_1.16.0.201807130628/tools/compiler/bin/../lib/gcc/arm-none-eabi/7.2.1/../../../../arm-none-eabi/lib/thumb/v7e-m/fpv4-sp/hard\libc_nano.a(lib_a-sbrkr.o)
                0x08002768                _sbrk_r
 .text.sprintf  0x08002788       0x40 d:/program files/ac6/systemworkbench/plugins/fr.ac6.mcu.externaltools.arm-none.win32_1.16.0.201807130628/tools/compiler/bin/../lib/gcc/arm-none-eabi/7.2.1/../../../../arm-none-eabi/lib/thumb/v7e-m/fpv4-sp/hard\libc_nano.a(lib_a-sprintf.o)
                0x08002788                siprintf
                0x08002788                sprintf
 .text.__sread  0x080027c8       0x22 d:/program files/ac6/systemworkbench/plugins/fr.ac6.mcu.externaltools.arm-none.win32_1.16.0.201807130628/tools/compiler/bin/../lib/gcc/arm-none-eabi/7.2.1/../../../../arm-none-eabi/lib/thumb/v7e-m/fpv4-sp/hard\libc_nano.a(lib_a-stdio.o)
                0x080027c8                __sread
 .text.__swrite
                0x080027ea       0x38 d:/program files/ac6/systemworkbench/plugins/fr.ac6.mcu.externaltools.arm-none.win32_1.16.0.201807130628/tools/compiler/bin/../lib/gcc/arm-none-eabi/7.2.1/../../../../arm-none-eabi/lib/thumb/v7e-m/fpv4-sp/hard\libc_nano.a(lib_a-stdio.o)
                0x080027ea                __swrite
 .text.__sseek  0x08002822       0x24 d:/program files/ac6/systemworkbench/plugins/fr.ac6.mcu.externaltools.arm-none.win32_1.16.0.201807130628/tools/compiler/bin/../lib/gcc/arm-none-eabi/7.2.1/../../../../arm-none-eabi/lib/thumb/v7e-m/fpv4-sp/hard\libc_nano.a(lib_a-stdio.o)
                0x08002822                __sseek
 .text.__sclose
                0x08002846        0x8 d:/program files/ac6/systemworkbench/plugins/fr.ac6.mcu.externaltools.arm-none.win32_1.16.0.201807130628/tools/compiler/bin/../lib/gcc/arm-none-eabi/7.2.1/../../../../arm-none-eabi/lib/thumb/v7e-m/fpv4-sp/hard\libc_nano.a(lib_a-stdio.o)
                0x08002846                __sclose
 .text.strcat   0x0800284e       0x1e d:/program files/ac6/systemworkbench/plugins/fr.ac6.mcu.externaltools.arm-none.win32_1.16.0.201807130628/tools/compiler/bin/../lib/gcc/arm-none-eabi/7.2.1/../../../../arm-none-eabi/lib/thumb/v7e-m/fpv4-sp/hard\libc_nano.a(lib_a-strcat.o)
                0x0800284e                strcat
 .text.strcpy   0x0800286c       0x10 d:/program files/ac6/systemworkbench/plugins/fr.ac6.mcu.externaltools.arm-none.win32_1.16.0.201807130628/tools/compiler/bin/../lib/gcc/arm-none-eabi/7.2.1/../../../../arm-none-eabi/lib/thumb/v7e-m/fpv4-sp/hard\libc_nano.a(lib_a-strcpy.o)
                0x0800286c                strcpy
 .text.strstr   0x0800287c       0x34 d:/program files/ac6/systemworkbench/plugins/fr.ac6.mcu.externaltools.arm-none.win32_1.16.0.201807130628/tools/compiler/bin/../lib/gcc/arm-none-eabi/7.2.1/../../../../arm-none-eabi/lib/thumb/v7e-m/fpv4-sp/hard\libc_nano.a(lib_a-strstr.o)
                0x0800287c                strstr
 .text.__swbuf_r
                0x080028b0       0xa4 d:/program files/ac6/systemworkbench/plugins/fr.ac6.mcu.externaltools.arm-none.win32_1.16.0.201807130628/tools/compiler/bin/../lib/gcc/arm-none-eabi/7.2.1/../../../../arm-none-eabi/lib/thumb/v7e-m/fpv4-sp/hard\libc_nano.a(lib_a-wbuf.o)
                0x080028b0                __swbuf_r
 .text._write_r
                0x08002954       0x24 d:/program files/ac6/systemworkbench/plugins/fr.ac6.mcu.externaltools.arm-none.win32_1.16.0.201807130628/tools/compiler/bin/../lib/gcc/arm-none-eabi/7.2.1/../../../../arm-none-eabi/lib/thumb/v7e-m/fpv4-sp/hard\libc_nano.a(lib_a-writer.o)
                0x08002954                _write_r
 .text.__swsetup_r
                0x08002978       0xdc d:/program files/ac6/systemworkbench/plugins/fr.ac6.mcu.externaltools.arm-none.win32_1.16.0.201807130628/tools/compiler/bin/../lib/gcc/arm-none-eabi/7.2.1/../../../../arm-none-eabi/lib/thumb/v7e-m/fpv4-sp/hard\libc_nano.a(lib_a-wsetup.o)
                0x08002978                __swsetup_r
 .text._close_r
                0x08002a54       0x20 d:/program files/ac6/systemworkbench/plugins/fr.ac6.mcu.externaltools.arm-none.win32_1.16.0.201807130628/tools/compiler/bin/../lib/gcc/arm-none-eabi/7.2.1/../../../../arm-none-eabi/lib/thumb/v7e-m/fpv4-sp/hard\libc_nano.a(lib_a-closer.o)
                0x08002a54                _close_r
 .text._lseek_r
                0x08002a74       0x24 d:/program files/ac6/systemworkbench/plugins/fr.ac6.mcu.externaltools.arm-none.win32_1.16.0.201807130628/tools/compiler/bin/../lib/gcc/arm-none-eabi/7.2.1/../../../../arm-none-eabi/lib/thumb/v7e-m/fpv4-sp/hard\libc_nano.a(lib_a-lseekr.o)
                0x08002a74                _lseek_r
 .text.__swhatbuf_r
                0x08002a98       0x48 d:/program files/ac6/systemworkbench/plugins/fr.ac6.mcu.externaltools.arm-none.win32_1.16.0.201807130628/tools/compiler/bin/../lib/gcc/arm-none-eabi/7.2.1/../../../../arm-none-eabi/lib/thumb/v7e-m/fpv4-sp/hard\libc_nano.a(lib_a-makebuf.o)
                0x08002a98                __swhatbuf_r
 .text.__smakebuf_r
                0x08002ae0       0x80 d:/program files/ac6/systemworkbench/plugins/fr.ac6.mcu.externaltools.arm-none.win32_1.16.0.201807130628/tools/compiler/bin/../lib/gcc/arm-none-eabi/7.2.1/../../../../arm-none-eabi/lib/thumb/v7e-m/fpv4-sp/hard\libc_nano.a(lib_a-makebuf.o)
                0x08002ae0                __smakebuf_r
 .text.__malloc_lock
                0x08002b60        0x2 d:/program files/ac6/systemworkbench/plugins/fr.ac6.mcu.externaltools.arm-none.win32_1.16.0.201807130628/tools/compiler/bin/../lib/gcc/arm-none-eabi/7.2.1/../../../../arm-none-eabi/lib/thumb/v7e-m/fpv4-sp/hard\libc_nano.a(lib_a-mlock.o)
                0x08002b60                __malloc_lock
 .text.__malloc_unlock
                0x08002b62        0x2 d:/program files/ac6/systemworkbench/plugins/fr.ac6.mcu.externaltools.arm-none.win32_1.16.0.201807130628/tools/compiler/bin/../lib/gcc/arm-none-eabi/7.2.1/../../../../arm-none-eabi/lib/thumb/v7e-m/fpv4-sp/hard\libc_nano.a(lib_a-mlock.o)
                0x08002b62                __malloc_unlock
 .text.__ssputs_r
                0x08002b64       0xb4 d:/program files/ac6/systemworkbench/plugins/fr.ac6.mcu.externaltools.arm-none.win32_1.16.0.201807130628/tools/compiler/bin/../lib/gcc/arm-none-eabi/7.2.1/../../../../arm-none-eabi/lib/thumb/v7e-m/fpv4-sp/hard\libc_nano.a(lib_a-nano-svfprintf.o)
                0x08002b64                __ssputs_r
 .text._svfprintf_r
                0x08002c18      0x1ec d:/program files/ac6/systemworkbench/plugins/fr.ac6.mcu.externaltools.arm-none.win32_1.16.0.201807130628/tools/compiler/bin/../lib/gcc/arm-none-eabi/7.2.1/../../../../arm-none-eabi/lib/thumb/v7e-m/fpv4-sp/hard\libc_nano.a(lib_a-nano-svfprintf.o)
                0x08002c18                _svfiprintf_r
                0x08002c18                _svfprintf_r
 .text.__sfputc_r
                0x08002e04       0x2e d:/program files/ac6/systemworkbench/plugins/fr.ac6.mcu.externaltools.arm-none.win32_1.16.0.201807130628/tools/compiler/bin/../lib/gcc/arm-none-eabi/7.2.1/../../../../arm-none-eabi/lib/thumb/v7e-m/fpv4-sp/hard\libc_nano.a(lib_a-nano-vfprintf.o)
 .text.__sfputs_r
                0x08002e32       0x24 d:/program files/ac6/systemworkbench/plugins/fr.ac6.mcu.externaltools.arm-none.win32_1.16.0.201807130628/tools/compiler/bin/../lib/gcc/arm-none-eabi/7.2.1/../../../../arm-none-eabi/lib/thumb/v7e-m/fpv4-sp/hard\libc_nano.a(lib_a-nano-vfprintf.o)
                0x08002e32                __sfputs_r
 *fill*         0x08002e56        0x2 
 .text._vfprintf_r
                0x08002e58      0x228 d:/program files/ac6/systemworkbench/plugins/fr.ac6.mcu.externaltools.arm-none.win32_1.16.0.201807130628/tools/compiler/bin/../lib/gcc/arm-none-eabi/7.2.1/../../../../arm-none-eabi/lib/thumb/v7e-m/fpv4-sp/hard\libc_nano.a(lib_a-nano-vfprintf.o)
                0x08002e58                _vfprintf_r
                0x08002e58                _vfiprintf_r
 .text._printf_common
                0x08003080       0xea d:/program files/ac6/systemworkbench/plugins/fr.ac6.mcu.externaltools.arm-none.win32_1.16.0.201807130628/tools/compiler/bin/../lib/gcc/arm-none-eabi/7.2.1/../../../../arm-none-eabi/lib/thumb/v7e-m/fpv4-sp/hard\libc_nano.a(lib_a-nano-vfprintf_i.o)
                0x08003080                _printf_common
 *fill*         0x0800316a        0x2 
 .text._printf_i
                0x0800316c      0x224 d:/program files/ac6/systemworkbench/plugins/fr.ac6.mcu.externaltools.arm-none.win32_1.16.0.201807130628/tools/compiler/bin/../lib/gcc/arm-none-eabi/7.2.1/../../../../arm-none-eabi/lib/thumb/v7e-m/fpv4-sp/hard\libc_nano.a(lib_a-nano-vfprintf_i.o)
                0x0800316c                _printf_i
 .text._read_r  0x08003390       0x24 d:/program files/ac6/systemworkbench/plugins/fr.ac6.mcu.externaltools.arm-none.win32_1.16.0.201807130628/tools/compiler/bin/../lib/gcc/arm-none-eabi/7.2.1/../../../../arm-none-eabi/lib/thumb/v7e-m/fpv4-sp/hard\libc_nano.a(lib_a-readr.o)
                0x08003390                _read_r
 .text._fstat_r
                0x080033b4       0x24 d:/program files/ac6/systemworkbench/plugins/fr.ac6.mcu.externaltools.arm-none.win32_1.16.0.201807130628/tools/compiler/bin/../lib/gcc/arm-none-eabi/7.2.1/../../../../arm-none-eabi/lib/thumb/v7e-m/fpv4-sp/hard\libc_nano.a(lib_a-fstatr.o)
                0x080033b4                _fstat_r
 .text._isatty_r
                0x080033d8       0x20 d:/program files/ac6/systemworkbench/plugins/fr.ac6.mcu.externaltools.arm-none.win32_1.16.0.201807130628/tools/compiler/bin/../lib/gcc/arm-none-eabi/7.2.1/../../../../arm-none-eabi/lib/thumb/v7e-m/fpv4-sp/hard\libc_nano.a(lib_a-isattyr.o)
                0x080033d8                _isatty_r
 .text.memmove  0x080033f8       0x32 d:/program files/ac6/systemworkbench/plugins/fr.ac6.mcu.externaltools.arm-none.win32_1.16.0.201807130628/tools/compiler/bin/../lib/gcc/arm-none-eabi/7.2.1/../../../../arm-none-eabi/lib/thumb/v7e-m/fpv4-sp/hard\libc_nano.a(lib_a-memmove.o)
                0x080033f8                memmove
 .text._realloc_r
                0x0800342a       0x4c d:/program files/ac6/systemworkbench/plugins/fr.ac6.mcu.externaltools.arm-none.win32_1.16.0.201807130628/tools/compiler/bin/../lib/gcc/arm-none-eabi/7.2.1/../../../../arm-none-eabi/lib/thumb/v7e-m/fpv4-sp/hard\libc_nano.a(lib_a-nano-reallocr.o)
                0x0800342a                _realloc_r
 .text._malloc_usable_size_r
                0x08003476       0x10 d:/program files/ac6/systemworkbench/plugins/fr.ac6.mcu.externaltools.arm-none.win32_1.16.0.201807130628/tools/compiler/bin/../lib/gcc/arm-none-eabi/7.2.1/../../../../arm-none-eabi/lib/thumb/v7e-m/fpv4-sp/hard\libc_nano.a(lib_a-nano-msizer.o)
                0x08003476                _malloc_usable_size_r
 *(.glue_7)
 .glue_7        0x08003486        0x0 linker stubs
 *(.glue_7t)
 .glue_7t       0x08003486        0x0 linker stubs
 *(.eh_frame)
 *fill*         0x08003486        0x2 
 .eh_frame      0x08003488        0x0 d:/program files/ac6/systemworkbench/plugins/fr.ac6.mcu.externaltools.arm-none.win32_1.16.0.201807130628/tools/compiler/bin/../lib/gcc/arm-none-eabi/7.2.1/thumb/v7e-m/fpv4-sp/hard/crtbegin.o
 *(.init)
 .init          0x08003488        0x4 d:/program files/ac6/systemworkbench/plugins/fr.ac6.mcu.externaltools.arm-none.win32_1.16.0.201807130628/tools/compiler/bin/../lib/gcc/arm-none-eabi/7.2.1/thumb/v7e-m/fpv4-sp/hard/crti.o
                0x08003488                _init
 .init          0x0800348c        0x8 d:/program files/ac6/systemworkbench/plugins/fr.ac6.mcu.externaltools.arm-none.win32_1.16.0.201807130628/tools/compiler/bin/../lib/gcc/arm-none-eabi/7.2.1/thumb/v7e-m/fpv4-sp/hard/crtn.o
 *(.fini)
 .fini          0x08003494        0x4 d:/program files/ac6/systemworkbench/plugins/fr.ac6.mcu.externaltools.arm-none.win32_1.16.0.201807130628/tools/compiler/bin/../lib/gcc/arm-none-eabi/7.2.1/thumb/v7e-m/fpv4-sp/hard/crti.o
                0x08003494                _fini
 .fini          0x08003498        0x8 d:/program files/ac6/systemworkbench/plugins/fr.ac6.mcu.externaltools.arm-none.win32_1.16.0.201807130628/tools/compiler/bin/../lib/gcc/arm-none-eabi/7.2.1/thumb/v7e-m/fpv4-sp/hard/crtn.o
                0x080034a0                . = ALIGN (0x4)
                0x080034a0                _etext = .

.vfp11_veneer   0x080034a0        0x0
 .vfp11_veneer  0x080034a0        0x0 linker stubs

.v4_bx          0x080034a0        0x0
 .v4_bx         0x080034a0        0x0 linker stubs

.iplt           0x080034a0        0x0
 .iplt          0x080034a0        0x0 d:/program files/ac6/systemworkbench/plugins/fr.ac6.mcu.externaltools.arm-none.win32_1.16.0.201807130628/tools/compiler/bin/../lib/gcc/arm-none-eabi/7.2.1/thumb/v7e-m/fpv4-sp/hard/crtbegin.o

.rodata         0x080034a0      0x738
                0x080034a0                . = ALIGN (0x4)
 *(.rodata)
 .rodata        0x080034a0       0x18 Drivers/BSP/X-NUCLEO-IDW0xx1/stm32_spwf_wifi.o
 .rodata        0x080034b8        0x8 Drivers/STM32F4xx_HAL_Driver/stm32f4xx_hal_dma.o
 .rodata        0x080034c0       0x10 Drivers/STM32F4xx_HAL_Driver/stm32f4xx_hal_rcc.o
                0x080034c0                APBAHBPrescTable
 *(.rodata*)
 .rodata.str1.1
                0x080034d0       0x48 Drivers/BSP/X-NUCLEO-IDW0xx1/stm32_spwf_wifi.o
 .rodata.str1.1
                0x08003518      0x291 Example/User/main.o
 .rodata.str1.1
                0x080037a9      0x394 Middlewares/ST/STM32_SPWF0xSy/wifi_module.o
                                0x39f (size before relaxing)
 *fill*         0x08003b3d        0x3 
 .rodata.__sf_fake_stderr
                0x08003b40       0x20 d:/program files/ac6/systemworkbench/plugins/fr.ac6.mcu.externaltools.arm-none.win32_1.16.0.201807130628/tools/compiler/bin/../lib/gcc/arm-none-eabi/7.2.1/../../../../arm-none-eabi/lib/thumb/v7e-m/fpv4-sp/hard\libc_nano.a(lib_a-findfp.o)
                0x08003b40                __sf_fake_stderr
 .rodata.__sf_fake_stdin
                0x08003b60       0x20 d:/program files/ac6/systemworkbench/plugins/fr.ac6.mcu.externaltools.arm-none.win32_1.16.0.201807130628/tools/compiler/bin/../lib/gcc/arm-none-eabi/7.2.1/../../../../arm-none-eabi/lib/thumb/v7e-m/fpv4-sp/hard\libc_nano.a(lib_a-findfp.o)
                0x08003b60                __sf_fake_stdin
 .rodata.__sf_fake_stdout
                0x08003b80       0x20 d:/program files/ac6/systemworkbench/plugins/fr.ac6.mcu.externaltools.arm-none.win32_1.16.0.201807130628/tools/compiler/bin/../lib/gcc/arm-none-eabi/7.2.1/../../../../arm-none-eabi/lib/thumb/v7e-m/fpv4-sp/hard\libc_nano.a(lib_a-findfp.o)
                0x08003b80                __sf_fake_stdout
 .rodata._global_impure_ptr
                0x08003ba0        0x4 d:/program files/ac6/systemworkbench/plugins/fr.ac6.mcu.externaltools.arm-none.win32_1.16.0.201807130628/tools/compiler/bin/../lib/gcc/arm-none-eabi/7.2.1/../../../../arm-none-eabi/lib/thumb/v7e-m/fpv4-sp/hard\libc_nano.a(lib_a-impure.o)
                0x08003ba0                _global_impure_ptr
 .rodata._svfprintf_r.str1.1
                0x08003ba4       0x11 d:/program files/ac6/systemworkbench/plugins/fr.ac6.mcu.externaltools.arm-none.win32_1.16.0.201807130628/tools/compiler/bin/../lib/gcc/arm-none-eabi/7.2.1/../../../../arm-none-eabi/lib/thumb/v7e-m/fpv4-sp/hard\libc_nano.a(lib_a-nano-svfprintf.o)
 .rodata._vfprintf_r.str1.1
                0x08003bb5       0x11 d:/program files/ac6/systemworkbench/plugins/fr.ac6.mcu.externaltools.arm-none.win32_1.16.0.201807130628/tools/compiler/bin/../lib/gcc/arm-none-eabi/7.2.1/../../../../arm-none-eabi/lib/thumb/v7e-m/fpv4-sp/hard\libc_nano.a(lib_a-nano-vfprintf.o)
 .rodata._printf_i.str1.1
                0x08003bb5       0x22 d:/program files/ac6/systemworkbench/plugins/fr.ac6.mcu.externaltools.arm-none.win32_1.16.0.201807130628/tools/compiler/bin/../lib/gcc/arm-none-eabi/7.2.1/../../../../arm-none-eabi/lib/thumb/v7e-m/fpv4-sp/hard\libc_nano.a(lib_a-nano-vfprintf_i.o)
                0x08003bd8                . = ALIGN (0x4)
 *fill*         0x08003bd7        0x1 

.rel.dyn        0x08003bd8        0x0
 .rel.iplt      0x08003bd8        0x0 d:/program files/ac6/systemworkbench/plugins/fr.ac6.mcu.externaltools.arm-none.win32_1.16.0.201807130628/tools/compiler/bin/../lib/gcc/arm-none-eabi/7.2.1/thumb/v7e-m/fpv4-sp/hard/crtbegin.o

.ARM.extab
 *(.ARM.extab* .gnu.linkonce.armextab.*)

.ARM            0x08003bd8        0x0
                0x08003bd8                __exidx_start = .
 *(.ARM.exidx*)
                0x08003bd8                __exidx_end = .

.preinit_array  0x08003bd8        0x0
                0x08003bd8                PROVIDE (__preinit_array_start, .)
 *(.preinit_array*)
                0x08003bd8                PROVIDE (__preinit_array_end, .)

.init_array     0x08003bd8        0x4
                0x08003bd8                PROVIDE (__init_array_start, .)
 *(SORT_BY_NAME(.init_array.*))
 *(.init_array*)
 .init_array    0x08003bd8        0x4 d:/program files/ac6/systemworkbench/plugins/fr.ac6.mcu.externaltools.arm-none.win32_1.16.0.201807130628/tools/compiler/bin/../lib/gcc/arm-none-eabi/7.2.1/thumb/v7e-m/fpv4-sp/hard/crtbegin.o
                0x08003bdc                PROVIDE (__init_array_end, .)

.fini_array     0x08003bdc        0x4
                [!provide]                PROVIDE (__fini_array_start, .)
 *(SORT_BY_NAME(.fini_array.*))
 *(.fini_array*)
 .fini_array    0x08003bdc        0x4 d:/program files/ac6/systemworkbench/plugins/fr.ac6.mcu.externaltools.arm-none.win32_1.16.0.201807130628/tools/compiler/bin/../lib/gcc/arm-none-eabi/7.2.1/thumb/v7e-m/fpv4-sp/hard/crtbegin.o
                [!provide]                PROVIDE (__fini_array_end, .)
                0x08003be0                _sidata = LOADADDR (.data)

.data           0x20000000       0x74 load address 0x08003be0
                0x20000000                . = ALIGN (0x4)
                0x20000000                _sdata = .
 *(.data)
 .data          0x20000000        0xc Drivers/BSP/STM32F4xx-Nucleo/stm32f4xx_nucleo.o
                0x20000000                SpixTimeout
                0x20000004                GPIO_PORT
                0x20000008                BUTTON_PORT
 .data          0x2000000c        0x4 Drivers/CMSIS/system_stm32f4xx.o
                0x2000000c                SystemCoreClock
 *(.data*)
 .data._impure_ptr
                0x20000010        0x4 d:/program files/ac6/systemworkbench/plugins/fr.ac6.mcu.externaltools.arm-none.win32_1.16.0.201807130628/tools/compiler/bin/../lib/gcc/arm-none-eabi/7.2.1/../../../../arm-none-eabi/lib/thumb/v7e-m/fpv4-sp/hard\libc_nano.a(lib_a-impure.o)
                0x20000010                _impure_ptr
 .data.impure_data
                0x20000014       0x60 d:/program files/ac6/systemworkbench/plugins/fr.ac6.mcu.externaltools.arm-none.win32_1.16.0.201807130628/tools/compiler/bin/../lib/gcc/arm-none-eabi/7.2.1/../../../../arm-none-eabi/lib/thumb/v7e-m/fpv4-sp/hard\libc_nano.a(lib_a-impure.o)
                0x20000074                . = ALIGN (0x4)
                0x20000074                _edata = .

.igot.plt       0x20000074        0x0 load address 0x08003c54
 .igot.plt      0x20000074        0x0 d:/program files/ac6/systemworkbench/plugins/fr.ac6.mcu.externaltools.arm-none.win32_1.16.0.201807130628/tools/compiler/bin/../lib/gcc/arm-none-eabi/7.2.1/thumb/v7e-m/fpv4-sp/hard/crtbegin.o
                0x20000074                . = ALIGN (0x4)

.bss            0x20000074     0x18dc load address 0x08003c54
                0x20000074                _sbss = .
                0x20000074                __bss_start__ = _sbss
 *(.bss)
 .bss           0x20000074       0x1c d:/program files/ac6/systemworkbench/plugins/fr.ac6.mcu.externaltools.arm-none.win32_1.16.0.201807130628/tools/compiler/bin/../lib/gcc/arm-none-eabi/7.2.1/thumb/v7e-m/fpv4-sp/hard/crtbegin.o
 .bss           0x20000090        0x4 Example/User/syscalls.o
 .bss           0x20000094        0xc Middlewares/ST/STM32_SPWF0xSy/Utils/wifi_globals.o
                0x20000094                curr_node
                0x20000098                ROOT
                0x2000009c                mqtt_type
                0x2000009d                wifi_client_disconnected
                0x2000009e                wifi_client_connected
                0x2000009f                wifi_connected
 *(.bss*)
 .bss.__malloc_free_list
                0x200000a0        0x4 d:/program files/ac6/systemworkbench/plugins/fr.ac6.mcu.externaltools.arm-none.win32_1.16.0.201807130628/tools/compiler/bin/../lib/gcc/arm-none-eabi/7.2.1/../../../../arm-none-eabi/lib/thumb/v7e-m/fpv4-sp/hard\libc_nano.a(lib_a-nano-mallocr.o)
                0x200000a0                __malloc_free_list
 .bss.__malloc_sbrk_start
                0x200000a4        0x4 d:/program files/ac6/systemworkbench/plugins/fr.ac6.mcu.externaltools.arm-none.win32_1.16.0.201807130628/tools/compiler/bin/../lib/gcc/arm-none-eabi/7.2.1/../../../../arm-none-eabi/lib/thumb/v7e-m/fpv4-sp/hard\libc_nano.a(lib_a-nano-mallocr.o)
                0x200000a4                __malloc_sbrk_start
 *(COMMON)
 COMMON         0x200000a8        0x4 Drivers/STM32F4xx_HAL_Driver/stm32f4xx_hal.o
                0x200000a8                uwTick
 COMMON         0x200000ac       0x7c Example/User/main.o
                0x200000ac                wifi_state
                0x200000b0                UART_MsgHandle
                0x200000f0                config
 COMMON         0x20000128     0x171c Middlewares/ST/STM32_SPWF0xSy/Utils/wifi_globals.o
                0x20000128                client_connected_on_server_socket
                0x20000138                IO_status_flag
                0x20000150                UartMsgHandle
                0x20000154                wifi_scanned_list
                0x20000158                UserDataBuff
                0x20000358                UartWiFiHandle
                0x20000398                packet_payload_data_available
                0x20000399                WiFi_Control_Variables
                0x200003a4                WiFi_Counter_Variables
                0x200004a0                WiFi_SPI_Packet
                0x20000520                open_sockets
                0x20000528                PushTimHandle
                0x20000564                open_web_socket
                0x20000568                SpiHandle
                0x200005c0                dma_buffer
                0x20000dc0                element
                0x20000dc8                Client_Socket_Close_Callback
                0x20000dd0                WiFi_Config_Variables
                0x20000e04                WiFi_AT_Cmd_Buff
                0x20001604                pop_buffer
                0x20001804                open_server_sockets
                0x20001808                TimHandle
 COMMON         0x20001844      0x108 Middlewares/ST/STM32_SPWF0xSy/wifi_module.o
                0x20001844                DMA_UART_RX
                0x200018a4                DMA_WIFI_UART
                0x20001904                console_send_char
                0x20001908                wifi_instances
 COMMON         0x2000194c        0x4 d:/program files/ac6/systemworkbench/plugins/fr.ac6.mcu.externaltools.arm-none.win32_1.16.0.201807130628/tools/compiler/bin/../lib/gcc/arm-none-eabi/7.2.1/../../../../arm-none-eabi/lib/thumb/v7e-m/fpv4-sp/hard\libc_nano.a(lib_a-reent.o)
                0x2000194c                errno
                0x20001950                . = ALIGN (0x4)
                0x20001950                _ebss = .
                0x20001950                __bss_end__ = _ebss

._user_heap_stack
                0x20001950      0x400 load address 0x08003c54
                0x20001950                . = ALIGN (0x4)
                0x20001950                PROVIDE (end, .)
                [!provide]                PROVIDE (_end, .)
                0x20001950                . = (. + _Min_Heap_Size)
                0x20001d50                . = (. + _Min_Stack_Size)
 *fill*         0x20001950      0x400 
                0x20001d50                . = ALIGN (0x4)

/DISCARD/
 libc.a(*)
 libm.a(*)
 libgcc.a(*)

.ARM.attributes
                0x00000000       0x30
 *(.ARM.attributes)
 .ARM.attributes
                0x00000000       0x22 d:/program files/ac6/systemworkbench/plugins/fr.ac6.mcu.externaltools.arm-none.win32_1.16.0.201807130628/tools/compiler/bin/../lib/gcc/arm-none-eabi/7.2.1/thumb/v7e-m/fpv4-sp/hard/crti.o
 .ARM.attributes
                0x00000022       0x34 d:/program files/ac6/systemworkbench/plugins/fr.ac6.mcu.externaltools.arm-none.win32_1.16.0.201807130628/tools/compiler/bin/../lib/gcc/arm-none-eabi/7.2.1/thumb/v7e-m/fpv4-sp/hard/crtbegin.o
 .ARM.attributes
                0x00000056       0x39 Drivers/BSP/STM32F4xx-Nucleo/stm32f4xx_nucleo.o
 .ARM.attributes
                0x0000008f       0x39 Drivers/BSP/X-NUCLEO-IDW0xx1/stm32_spwf_wifi.o
 .ARM.attributes
                0x000000c8       0x39 Drivers/CMSIS/system_stm32f4xx.o
 .ARM.attributes
                0x00000101       0x39 Drivers/STM32F4xx_HAL_Driver/stm32f4xx_hal.o
 .ARM.attributes
                0x0000013a       0x39 Drivers/STM32F4xx_HAL_Driver/stm32f4xx_hal_cortex.o
 .ARM.attributes
                0x00000173       0x39 Drivers/STM32F4xx_HAL_Driver/stm32f4xx_hal_dma.o
 .ARM.attributes
                0x000001ac       0x39 Drivers/STM32F4xx_HAL_Driver/stm32f4xx_hal_gpio.o
 .ARM.attributes
                0x000001e5       0x39 Drivers/STM32F4xx_HAL_Driver/stm32f4xx_hal_rcc.o
 .ARM.attributes
                0x0000021e       0x39 Drivers/STM32F4xx_HAL_Driver/stm32f4xx_hal_tim.o
 .ARM.attributes
                0x00000257       0x39 Drivers/STM32F4xx_HAL_Driver/stm32f4xx_hal_tim_ex.o
 .ARM.attributes
                0x00000290       0x39 Drivers/STM32F4xx_HAL_Driver/stm32f4xx_hal_uart.o
 .ARM.attributes
                0x000002c9       0x21 Example/SW4STM32/startup_stm32f401xe.o
 .ARM.attributes
                0x000002ea       0x39 Example/User/console.o
 .ARM.attributes
                0x00000323       0x39 Example/User/main.o
 .ARM.attributes
                0x0000035c       0x39 Example/User/stm32_xx_hal_msp.o
 .ARM.attributes
                0x00000395       0x39 Example/User/stm32_xx_it.o
 .ARM.attributes
                0x000003ce       0x39 Example/User/syscalls.o
 .ARM.attributes
                0x00000407       0x39 Middlewares/ST/STM32_SPWF0xSy/Utils/event_buffer.o
 .ARM.attributes
                0x00000440       0x39 Middlewares/ST/STM32_SPWF0xSy/Utils/wifi_globals.o
 .ARM.attributes
                0x00000479       0x39 Middlewares/ST/STM32_SPWF0xSy/wifi_interface.o
 .ARM.attributes
                0x000004b2       0x39 Middlewares/ST/STM32_SPWF0xSy/wifi_module.o
 .ARM.attributes
                0x000004eb       0x34 d:/program files/ac6/systemworkbench/plugins/fr.ac6.mcu.externaltools.arm-none.win32_1.16.0.201807130628/tools/compiler/bin/../lib/gcc/arm-none-eabi/7.2.1/../../../../arm-none-eabi/lib/thumb/v7e-m/fpv4-sp/hard\libc_nano.a(lib_a-fflush.o)
 .ARM.attributes
                0x0000051f       0x34 d:/program files/ac6/systemworkbench/plugins/fr.ac6.mcu.externaltools.arm-none.win32_1.16.0.201807130628/tools/compiler/bin/../lib/gcc/arm-none-eabi/7.2.1/../../../../arm-none-eabi/lib/thumb/v7e-m/fpv4-sp/hard\libc_nano.a(lib_a-findfp.o)
 .ARM.attributes
                0x00000553       0x34 d:/program files/ac6/systemworkbench/plugins/fr.ac6.mcu.externaltools.arm-none.win32_1.16.0.201807130628/tools/compiler/bin/../lib/gcc/arm-none-eabi/7.2.1/../../../../arm-none-eabi/lib/thumb/v7e-m/fpv4-sp/hard\libc_nano.a(lib_a-fwalk.o)
 .ARM.attributes
                0x00000587       0x34 d:/program files/ac6/systemworkbench/plugins/fr.ac6.mcu.externaltools.arm-none.win32_1.16.0.201807130628/tools/compiler/bin/../lib/gcc/arm-none-eabi/7.2.1/../../../../arm-none-eabi/lib/thumb/v7e-m/fpv4-sp/hard\libc_nano.a(lib_a-impure.o)
 .ARM.attributes
                0x000005bb       0x34 d:/program files/ac6/systemworkbench/plugins/fr.ac6.mcu.externaltools.arm-none.win32_1.16.0.201807130628/tools/compiler/bin/../lib/gcc/arm-none-eabi/7.2.1/../../../../arm-none-eabi/lib/thumb/v7e-m/fpv4-sp/hard\libc_nano.a(lib_a-init.o)
 .ARM.attributes
                0x000005ef       0x20 d:/program files/ac6/systemworkbench/plugins/fr.ac6.mcu.externaltools.arm-none.win32_1.16.0.201807130628/tools/compiler/bin/../lib/gcc/arm-none-eabi/7.2.1/../../../../arm-none-eabi/lib/thumb/v7e-m/fpv4-sp/hard\libc_nano.a(lib_a-memchr.o)
 .ARM.attributes
                0x0000060f       0x34 d:/program files/ac6/systemworkbench/plugins/fr.ac6.mcu.externaltools.arm-none.win32_1.16.0.201807130628/tools/compiler/bin/../lib/gcc/arm-none-eabi/7.2.1/../../../../arm-none-eabi/lib/thumb/v7e-m/fpv4-sp/hard\libc_nano.a(lib_a-memcpy-stub.o)
 .ARM.attributes
                0x00000643       0x34 d:/program files/ac6/systemworkbench/plugins/fr.ac6.mcu.externaltools.arm-none.win32_1.16.0.201807130628/tools/compiler/bin/../lib/gcc/arm-none-eabi/7.2.1/../../../../arm-none-eabi/lib/thumb/v7e-m/fpv4-sp/hard\libc_nano.a(lib_a-memset.o)
 .ARM.attributes
                0x00000677       0x34 d:/program files/ac6/systemworkbench/plugins/fr.ac6.mcu.externaltools.arm-none.win32_1.16.0.201807130628/tools/compiler/bin/../lib/gcc/arm-none-eabi/7.2.1/../../../../arm-none-eabi/lib/thumb/v7e-m/fpv4-sp/hard\libc_nano.a(lib_a-nano-freer.o)
 .ARM.attributes
                0x000006ab       0x34 d:/program files/ac6/systemworkbench/plugins/fr.ac6.mcu.externaltools.arm-none.win32_1.16.0.201807130628/tools/compiler/bin/../lib/gcc/arm-none-eabi/7.2.1/../../../../arm-none-eabi/lib/thumb/v7e-m/fpv4-sp/hard\libc_nano.a(lib_a-nano-mallocr.o)
 .ARM.attributes
                0x000006df       0x34 d:/program files/ac6/systemworkbench/plugins/fr.ac6.mcu.externaltools.arm-none.win32_1.16.0.201807130628/tools/compiler/bin/../lib/gcc/arm-none-eabi/7.2.1/../../../../arm-none-eabi/lib/thumb/v7e-m/fpv4-sp/hard\libc_nano.a(lib_a-printf.o)
 .ARM.attributes
                0x00000713       0x34 d:/program files/ac6/systemworkbench/plugins/fr.ac6.mcu.externaltools.arm-none.win32_1.16.0.201807130628/tools/compiler/bin/../lib/gcc/arm-none-eabi/7.2.1/../../../../arm-none-eabi/lib/thumb/v7e-m/fpv4-sp/hard\libc_nano.a(lib_a-puts.o)
 .ARM.attributes
                0x00000747       0x34 d:/program files/ac6/systemworkbench/plugins/fr.ac6.mcu.externaltools.arm-none.win32_1.16.0.201807130628/tools/compiler/bin/../lib/gcc/arm-none-eabi/7.2.1/../../../../arm-none-eabi/lib/thumb/v7e-m/fpv4-sp/hard\libc_nano.a(lib_a-reent.o)
 .ARM.attributes
                0x0000077b       0x34 d:/program files/ac6/systemworkbench/plugins/fr.ac6.mcu.externaltools.arm-none.win32_1.16.0.201807130628/tools/compiler/bin/../lib/gcc/arm-none-eabi/7.2.1/../../../../arm-none-eabi/lib/thumb/v7e-m/fpv4-sp/hard\libc_nano.a(lib_a-sbrkr.o)
 .ARM.attributes
                0x000007af       0x34 d:/program files/ac6/systemworkbench/plugins/fr.ac6.mcu.externaltools.arm-none.win32_1.16.0.201807130628/tools/compiler/bin/../lib/gcc/arm-none-eabi/7.2.1/../../../../arm-none-eabi/lib/thumb/v7e-m/fpv4-sp/hard\libc_nano.a(lib_a-sprintf.o)
 .ARM.attributes
                0x000007e3       0x34 d:/program files/ac6/systemworkbench/plugins/fr.ac6.mcu.externaltools.arm-none.win32_1.16.0.201807130628/tools/compiler/bin/../lib/gcc/arm-none-eabi/7.2.1/../../../../arm-none-eabi/lib/thumb/v7e-m/fpv4-sp/hard\libc_nano.a(lib_a-stdio.o)
 .ARM.attributes
                0x00000817       0x34 d:/program files/ac6/systemworkbench/plugins/fr.ac6.mcu.externaltools.arm-none.win32_1.16.0.201807130628/tools/compiler/bin/../lib/gcc/arm-none-eabi/7.2.1/../../../../arm-none-eabi/lib/thumb/v7e-m/fpv4-sp/hard\libc_nano.a(lib_a-strcat.o)
 .ARM.attributes
                0x0000084b       0x34 d:/program files/ac6/systemworkbench/plugins/fr.ac6.mcu.externaltools.arm-none.win32_1.16.0.201807130628/tools/compiler/bin/../lib/gcc/arm-none-eabi/7.2.1/../../../../arm-none-eabi/lib/thumb/v7e-m/fpv4-sp/hard\libc_nano.a(lib_a-strcpy.o)
 .ARM.attributes
                0x0000087f       0x1b d:/program files/ac6/systemworkbench/plugins/fr.ac6.mcu.externaltools.arm-none.win32_1.16.0.201807130628/tools/compiler/bin/../lib/gcc/arm-none-eabi/7.2.1/../../../../arm-none-eabi/lib/thumb/v7e-m/fpv4-sp/hard\libc_nano.a(lib_a-strlen.o)
 .ARM.attributes
                0x0000089a       0x34 d:/program files/ac6/systemworkbench/plugins/fr.ac6.mcu.externaltools.arm-none.win32_1.16.0.201807130628/tools/compiler/bin/../lib/gcc/arm-none-eabi/7.2.1/../../../../arm-none-eabi/lib/thumb/v7e-m/fpv4-sp/hard\libc_nano.a(lib_a-strstr.o)
 .ARM.attributes
                0x000008ce       0x34 d:/program files/ac6/systemworkbench/plugins/fr.ac6.mcu.externaltools.arm-none.win32_1.16.0.201807130628/tools/compiler/bin/../lib/gcc/arm-none-eabi/7.2.1/../../../../arm-none-eabi/lib/thumb/v7e-m/fpv4-sp/hard\libc_nano.a(lib_a-wbuf.o)
 .ARM.attributes
                0x00000902       0x34 d:/program files/ac6/systemworkbench/plugins/fr.ac6.mcu.externaltools.arm-none.win32_1.16.0.201807130628/tools/compiler/bin/../lib/gcc/arm-none-eabi/7.2.1/../../../../arm-none-eabi/lib/thumb/v7e-m/fpv4-sp/hard\libc_nano.a(lib_a-writer.o)
 .ARM.attributes
                0x00000936       0x34 d:/program files/ac6/systemworkbench/plugins/fr.ac6.mcu.externaltools.arm-none.win32_1.16.0.201807130628/tools/compiler/bin/../lib/gcc/arm-none-eabi/7.2.1/../../../../arm-none-eabi/lib/thumb/v7e-m/fpv4-sp/hard\libc_nano.a(lib_a-wsetup.o)
 .ARM.attributes
                0x0000096a       0x34 d:/program files/ac6/systemworkbench/plugins/fr.ac6.mcu.externaltools.arm-none.win32_1.16.0.201807130628/tools/compiler/bin/../lib/gcc/arm-none-eabi/7.2.1/../../../../arm-none-eabi/lib/thumb/v7e-m/fpv4-sp/hard\libc_nano.a(lib_a-closer.o)
 .ARM.attributes
                0x0000099e       0x34 d:/program files/ac6/systemworkbench/plugins/fr.ac6.mcu.externaltools.arm-none.win32_1.16.0.201807130628/tools/compiler/bin/../lib/gcc/arm-none-eabi/7.2.1/../../../../arm-none-eabi/lib/thumb/v7e-m/fpv4-sp/hard\libc_nano.a(lib_a-lseekr.o)
 .ARM.attributes
                0x000009d2       0x34 d:/program files/ac6/systemworkbench/plugins/fr.ac6.mcu.externaltools.arm-none.win32_1.16.0.201807130628/tools/compiler/bin/../lib/gcc/arm-none-eabi/7.2.1/../../../../arm-none-eabi/lib/thumb/v7e-m/fpv4-sp/hard\libc_nano.a(lib_a-makebuf.o)
 .ARM.attributes
                0x00000a06       0x34 d:/program files/ac6/systemworkbench/plugins/fr.ac6.mcu.externaltools.arm-none.win32_1.16.0.201807130628/tools/compiler/bin/../lib/gcc/arm-none-eabi/7.2.1/../../../../arm-none-eabi/lib/thumb/v7e-m/fpv4-sp/hard\libc_nano.a(lib_a-mlock.o)
 .ARM.attributes
                0x00000a3a       0x34 d:/program files/ac6/systemworkbench/plugins/fr.ac6.mcu.externaltools.arm-none.win32_1.16.0.201807130628/tools/compiler/bin/../lib/gcc/arm-none-eabi/7.2.1/../../../../arm-none-eabi/lib/thumb/v7e-m/fpv4-sp/hard\libc_nano.a(lib_a-nano-svfprintf.o)
 .ARM.attributes
                0x00000a6e       0x34 d:/program files/ac6/systemworkbench/plugins/fr.ac6.mcu.externaltools.arm-none.win32_1.16.0.201807130628/tools/compiler/bin/../lib/gcc/arm-none-eabi/7.2.1/../../../../arm-none-eabi/lib/thumb/v7e-m/fpv4-sp/hard\libc_nano.a(lib_a-nano-vfprintf.o)
 .ARM.attributes
                0x00000aa2       0x34 d:/program files/ac6/systemworkbench/plugins/fr.ac6.mcu.externaltools.arm-none.win32_1.16.0.201807130628/tools/compiler/bin/../lib/gcc/arm-none-eabi/7.2.1/../../../../arm-none-eabi/lib/thumb/v7e-m/fpv4-sp/hard\libc_nano.a(lib_a-nano-vfprintf_i.o)
 .ARM.attributes
                0x00000ad6       0x34 d:/program files/ac6/systemworkbench/plugins/fr.ac6.mcu.externaltools.arm-none.win32_1.16.0.201807130628/tools/compiler/bin/../lib/gcc/arm-none-eabi/7.2.1/../../../../arm-none-eabi/lib/thumb/v7e-m/fpv4-sp/hard\libc_nano.a(lib_a-readr.o)
 .ARM.attributes
                0x00000b0a       0x34 d:/program files/ac6/systemworkbench/plugins/fr.ac6.mcu.externaltools.arm-none.win32_1.16.0.201807130628/tools/compiler/bin/../lib/gcc/arm-none-eabi/7.2.1/../../../../arm-none-eabi/lib/thumb/v7e-m/fpv4-sp/hard\libc_nano.a(lib_a-fstatr.o)
 .ARM.attributes
                0x00000b3e       0x34 d:/program files/ac6/systemworkbench/plugins/fr.ac6.mcu.externaltools.arm-none.win32_1.16.0.201807130628/tools/compiler/bin/../lib/gcc/arm-none-eabi/7.2.1/../../../../arm-none-eabi/lib/thumb/v7e-m/fpv4-sp/hard\libc_nano.a(lib_a-isattyr.o)
 .ARM.attributes
                0x00000b72       0x34 d:/program files/ac6/systemworkbench/plugins/fr.ac6.mcu.externaltools.arm-none.win32_1.16.0.201807130628/tools/compiler/bin/../lib/gcc/arm-none-eabi/7.2.1/../../../../arm-none-eabi/lib/thumb/v7e-m/fpv4-sp/hard\libc_nano.a(lib_a-memmove.o)
 .ARM.attributes
                0x00000ba6       0x34 d:/program files/ac6/systemworkbench/plugins/fr.ac6.mcu.externaltools.arm-none.win32_1.16.0.201807130628/tools/compiler/bin/../lib/gcc/arm-none-eabi/7.2.1/../../../../arm-none-eabi/lib/thumb/v7e-m/fpv4-sp/hard\libc_nano.a(lib_a-nano-reallocr.o)
 .ARM.attributes
                0x00000bda       0x34 d:/program files/ac6/systemworkbench/plugins/fr.ac6.mcu.externaltools.arm-none.win32_1.16.0.201807130628/tools/compiler/bin/../lib/gcc/arm-none-eabi/7.2.1/../../../../arm-none-eabi/lib/thumb/v7e-m/fpv4-sp/hard\libc_nano.a(lib_a-nano-msizer.o)
 .ARM.attributes
                0x00000c0e       0x22 d:/program files/ac6/systemworkbench/plugins/fr.ac6.mcu.externaltools.arm-none.win32_1.16.0.201807130628/tools/compiler/bin/../lib/gcc/arm-none-eabi/7.2.1/thumb/v7e-m/fpv4-sp/hard/crtn.o
OUTPUT(STM32F4xx-Nucleo-WiFi_VCOM.elf elf32-littlearm)

.debug_info     0x00000000    0x2cf41
 .debug_info    0x00000000     0x24b2 Drivers/BSP/STM32F4xx-Nucleo/stm32f4xx_nucleo.o
 .debug_info    0x000024b2     0x3177 Drivers/BSP/X-NUCLEO-IDW0xx1/stm32_spwf_wifi.o
 .debug_info    0x00005629      0xd1f Drivers/CMSIS/system_stm32f4xx.o
 .debug_info    0x00006348     0x1122 Drivers/STM32F4xx_HAL_Driver/stm32f4xx_hal.o
 .debug_info    0x0000746a     0x15d8 Drivers/STM32F4xx_HAL_Driver/stm32f4xx_hal_cortex.o
 .debug_info    0x00008a42     0x123f Drivers/STM32F4xx_HAL_Driver/stm32f4xx_hal_dma.o
 .debug_info    0x00009c81      0xf7d Drivers/STM32F4xx_HAL_Driver/stm32f4xx_hal_gpio.o
 .debug_info    0x0000abfe     0x1757 Drivers/STM32F4xx_HAL_Driver/stm32f4xx_hal_rcc.o
 .debug_info    0x0000c355     0x3b21 Drivers/STM32F4xx_HAL_Driver/stm32f4xx_hal_tim.o
 .debug_info    0x0000fe76     0x193b Drivers/STM32F4xx_HAL_Driver/stm32f4xx_hal_tim_ex.o
 .debug_info    0x000117b1     0x1bcf Drivers/STM32F4xx_HAL_Driver/stm32f4xx_hal_uart.o
 .debug_info    0x00013380       0x22 Example/SW4STM32/startup_stm32f401xe.o
 .debug_info    0x000133a2      0xfb1 Example/User/console.o
 .debug_info    0x00014353     0x31e5 Example/User/main.o
 .debug_info    0x00017538     0x2e34 Example/User/stm32_xx_hal_msp.o
 .debug_info    0x0001a36c     0x2800 Example/User/stm32_xx_it.o
 .debug_info    0x0001cb6c     0x1039 Example/User/syscalls.o
 .debug_info    0x0001dba5     0x2681 Middlewares/ST/STM32_SPWF0xSy/Utils/event_buffer.o
 .debug_info    0x00020226     0x25f4 Middlewares/ST/STM32_SPWF0xSy/Utils/wifi_globals.o
 .debug_info    0x0002281a     0x4ed0 Middlewares/ST/STM32_SPWF0xSy/wifi_interface.o
 .debug_info    0x000276ea     0x5857 Middlewares/ST/STM32_SPWF0xSy/wifi_module.o

.debug_abbrev   0x00000000     0x449c
 .debug_abbrev  0x00000000      0x417 Drivers/BSP/STM32F4xx-Nucleo/stm32f4xx_nucleo.o
 .debug_abbrev  0x00000417      0x3b0 Drivers/BSP/X-NUCLEO-IDW0xx1/stm32_spwf_wifi.o
 .debug_abbrev  0x000007c7      0x216 Drivers/CMSIS/system_stm32f4xx.o
 .debug_abbrev  0x000009dd      0x35b Drivers/STM32F4xx_HAL_Driver/stm32f4xx_hal.o
 .debug_abbrev  0x00000d38      0x3d6 Drivers/STM32F4xx_HAL_Driver/stm32f4xx_hal_cortex.o
 .debug_abbrev  0x0000110e      0x386 Drivers/STM32F4xx_HAL_Driver/stm32f4xx_hal_dma.o
 .debug_abbrev  0x00001494      0x2a5 Drivers/STM32F4xx_HAL_Driver/stm32f4xx_hal_gpio.o
 .debug_abbrev  0x00001739      0x3ea Drivers/STM32F4xx_HAL_Driver/stm32f4xx_hal_rcc.o
 .debug_abbrev  0x00001b23      0x3f2 Drivers/STM32F4xx_HAL_Driver/stm32f4xx_hal_tim.o
 .debug_abbrev  0x00001f15      0x33f Drivers/STM32F4xx_HAL_Driver/stm32f4xx_hal_tim_ex.o
 .debug_abbrev  0x00002254      0x3c7 Drivers/STM32F4xx_HAL_Driver/stm32f4xx_hal_uart.o
 .debug_abbrev  0x0000261b       0x12 Example/SW4STM32/startup_stm32f401xe.o
 .debug_abbrev  0x0000262d      0x2b4 Example/User/console.o
 .debug_abbrev  0x000028e1      0x3ab Example/User/main.o
 .debug_abbrev  0x00002c8c      0x325 Example/User/stm32_xx_hal_msp.o
 .debug_abbrev  0x00002fb1      0x39d Example/User/stm32_xx_it.o
 .debug_abbrev  0x0000334e      0x2f9 Example/User/syscalls.o
 .debug_abbrev  0x00003647      0x321 Middlewares/ST/STM32_SPWF0xSy/Utils/event_buffer.o
 .debug_abbrev  0x00003968      0x252 Middlewares/ST/STM32_SPWF0xSy/Utils/wifi_globals.o
 .debug_abbrev  0x00003bba      0x3e3 Middlewares/ST/STM32_SPWF0xSy/wifi_interface.o
 .debug_abbrev  0x00003f9d      0x4ff Middlewares/ST/STM32_SPWF0xSy/wifi_module.o

.debug_loc      0x00000000     0x98f8
 .debug_loc     0x00000000      0x533 Drivers/BSP/STM32F4xx-Nucleo/stm32f4xx_nucleo.o
 .debug_loc     0x00000533      0x13b Drivers/BSP/X-NUCLEO-IDW0xx1/stm32_spwf_wifi.o
 .debug_loc     0x0000066e      0x11c Drivers/CMSIS/system_stm32f4xx.o
 .debug_loc     0x0000078a       0x92 Drivers/STM32F4xx_HAL_Driver/stm32f4xx_hal.o
 .debug_loc     0x0000081c      0x49d Drivers/STM32F4xx_HAL_Driver/stm32f4xx_hal_cortex.o
 .debug_loc     0x00000cb9      0x776 Drivers/STM32F4xx_HAL_Driver/stm32f4xx_hal_dma.o
 .debug_loc     0x0000142f      0x381 Drivers/STM32F4xx_HAL_Driver/stm32f4xx_hal_gpio.o
 .debug_loc     0x000017b0      0x4b6 Drivers/STM32F4xx_HAL_Driver/stm32f4xx_hal_rcc.o
 .debug_loc     0x00001c66     0x2f7c Drivers/STM32F4xx_HAL_Driver/stm32f4xx_hal_tim.o
 .debug_loc     0x00004be2      0x726 Drivers/STM32F4xx_HAL_Driver/stm32f4xx_hal_tim_ex.o
 .debug_loc     0x00005308     0x1145 Drivers/STM32F4xx_HAL_Driver/stm32f4xx_hal_uart.o
 .debug_loc     0x0000644d       0x8a Example/User/console.o
 .debug_loc     0x000064d7       0xcf Example/User/main.o
 .debug_loc     0x000065a6       0xdd Example/User/stm32_xx_hal_msp.o
 .debug_loc     0x00006683       0x81 Example/User/stm32_xx_it.o
 .debug_loc     0x00006704      0x338 Example/User/syscalls.o
 .debug_loc     0x00006a3c      0x112 Middlewares/ST/STM32_SPWF0xSy/Utils/event_buffer.o
 .debug_loc     0x00006b4e     0x18b9 Middlewares/ST/STM32_SPWF0xSy/wifi_interface.o
 .debug_loc     0x00008407     0x14f1 Middlewares/ST/STM32_SPWF0xSy/wifi_module.o

.debug_aranges  0x00000000      0xf70
 .debug_aranges
                0x00000000       0xd0 Drivers/BSP/STM32F4xx-Nucleo/stm32f4xx_nucleo.o
 .debug_aranges
                0x000000d0       0x90 Drivers/BSP/X-NUCLEO-IDW0xx1/stm32_spwf_wifi.o
 .debug_aranges
                0x00000160       0x28 Drivers/CMSIS/system_stm32f4xx.o
 .debug_aranges
                0x00000188       0xb8 Drivers/STM32F4xx_HAL_Driver/stm32f4xx_hal.o
 .debug_aranges
                0x00000240       0x98 Drivers/STM32F4xx_HAL_Driver/stm32f4xx_hal_cortex.o
 .debug_aranges
                0x000002d8       0x80 Drivers/STM32F4xx_HAL_Driver/stm32f4xx_hal_dma.o
 .debug_aranges
                0x00000358       0x58 Drivers/STM32F4xx_HAL_Driver/stm32f4xx_hal_gpio.o
 .debug_aranges
                0x000003b0       0x80 Drivers/STM32F4xx_HAL_Driver/stm32f4xx_hal_rcc.o
 .debug_aranges
                0x00000430      0x250 Drivers/STM32F4xx_HAL_Driver/stm32f4xx_hal_tim.o
 .debug_aranges
                0x00000680       0xf0 Drivers/STM32F4xx_HAL_Driver/stm32f4xx_hal_tim_ex.o
 .debug_aranges
                0x00000770      0x120 Drivers/STM32F4xx_HAL_Driver/stm32f4xx_hal_uart.o
 .debug_aranges
                0x00000890       0x28 Example/SW4STM32/startup_stm32f401xe.o
 .debug_aranges
                0x000008b8       0x40 Example/User/console.o
 .debug_aranges
                0x000008f8       0x50 Example/User/main.o
 .debug_aranges
                0x00000948       0x38 Example/User/stm32_xx_hal_msp.o
 .debug_aranges
                0x00000980       0x80 Example/User/stm32_xx_it.o
 .debug_aranges
                0x00000a00       0xb8 Example/User/syscalls.o
 .debug_aranges
                0x00000ab8       0x48 Middlewares/ST/STM32_SPWF0xSy/Utils/event_buffer.o
 .debug_aranges
                0x00000b00       0x20 Middlewares/ST/STM32_SPWF0xSy/Utils/wifi_globals.o
 .debug_aranges
                0x00000b20      0x1e8 Middlewares/ST/STM32_SPWF0xSy/wifi_interface.o
 .debug_aranges
                0x00000d08      0x268 Middlewares/ST/STM32_SPWF0xSy/wifi_module.o

.debug_ranges   0x00000000     0x14f8
 .debug_ranges  0x00000000      0x2c0 Drivers/BSP/STM32F4xx-Nucleo/stm32f4xx_nucleo.o
 .debug_ranges  0x000002c0       0xd8 Drivers/BSP/X-NUCLEO-IDW0xx1/stm32_spwf_wifi.o
 .debug_ranges  0x00000398       0x18 Drivers/CMSIS/system_stm32f4xx.o
 .debug_ranges  0x000003b0       0xa8 Drivers/STM32F4xx_HAL_Driver/stm32f4xx_hal.o
 .debug_ranges  0x00000458      0x128 Drivers/STM32F4xx_HAL_Driver/stm32f4xx_hal_cortex.o
 .debug_ranges  0x00000580       0xc8 Drivers/STM32F4xx_HAL_Driver/stm32f4xx_hal_dma.o
 .debug_ranges  0x00000648       0x68 Drivers/STM32F4xx_HAL_Driver/stm32f4xx_hal_gpio.o
 .debug_ranges  0x000006b0       0xd8 Drivers/STM32F4xx_HAL_Driver/stm32f4xx_hal_rcc.o
 .debug_ranges  0x00000788      0x330 Drivers/STM32F4xx_HAL_Driver/stm32f4xx_hal_tim.o
 .debug_ranges  0x00000ab8       0xe0 Drivers/STM32F4xx_HAL_Driver/stm32f4xx_hal_tim_ex.o
 .debug_ranges  0x00000b98      0x128 Drivers/STM32F4xx_HAL_Driver/stm32f4xx_hal_uart.o
 .debug_ranges  0x00000cc0       0x20 Example/SW4STM32/startup_stm32f401xe.o
 .debug_ranges  0x00000ce0       0x30 Example/User/console.o
 .debug_ranges  0x00000d10       0x90 Example/User/main.o
 .debug_ranges  0x00000da0       0xe8 Example/User/stm32_xx_hal_msp.o
 .debug_ranges  0x00000e88       0x70 Example/User/stm32_xx_it.o
 .debug_ranges  0x00000ef8       0xa8 Example/User/syscalls.o
 .debug_ranges  0x00000fa0       0x38 Middlewares/ST/STM32_SPWF0xSy/Utils/event_buffer.o
 .debug_ranges  0x00000fd8       0x10 Middlewares/ST/STM32_SPWF0xSy/Utils/wifi_globals.o
 .debug_ranges  0x00000fe8      0x1f8 Middlewares/ST/STM32_SPWF0xSy/wifi_interface.o
 .debug_ranges  0x000011e0      0x318 Middlewares/ST/STM32_SPWF0xSy/wifi_module.o

.debug_macro    0x00000000    0x14c08
 .debug_macro   0x00000000      0x3b0 Drivers/BSP/STM32F4xx-Nucleo/stm32f4xx_nucleo.o
 .debug_macro   0x000003b0      0xa78 Drivers/BSP/STM32F4xx-Nucleo/stm32f4xx_nucleo.o
 .debug_macro   0x00000e28      0x1ed Drivers/BSP/STM32F4xx-Nucleo/stm32f4xx_nucleo.o
 .debug_macro   0x00001015       0x31 Drivers/BSP/STM32F4xx-Nucleo/stm32f4xx_nucleo.o
 .debug_macro   0x00001046       0x28 Drivers/BSP/STM32F4xx-Nucleo/stm32f4xx_nucleo.o
 .debug_macro   0x0000106e       0x3b Drivers/BSP/STM32F4xx-Nucleo/stm32f4xx_nucleo.o
 .debug_macro   0x000010a9       0x22 Drivers/BSP/STM32F4xx-Nucleo/stm32f4xx_nucleo.o
 .debug_macro   0x000010cb       0x87 Drivers/BSP/STM32F4xx-Nucleo/stm32f4xx_nucleo.o
 .debug_macro   0x00001152       0x51 Drivers/BSP/STM32F4xx-Nucleo/stm32f4xx_nucleo.o
 .debug_macro   0x000011a3       0xef Drivers/BSP/STM32F4xx-Nucleo/stm32f4xx_nucleo.o
 .debug_macro   0x00001292       0x6a Drivers/BSP/STM32F4xx-Nucleo/stm32f4xx_nucleo.o
 .debug_macro   0x000012fc      0x1df Drivers/BSP/STM32F4xx-Nucleo/stm32f4xx_nucleo.o
 .debug_macro   0x000014db       0x2d Drivers/BSP/STM32F4xx-Nucleo/stm32f4xx_nucleo.o
 .debug_macro   0x00001508       0x26 Drivers/BSP/STM32F4xx-Nucleo/stm32f4xx_nucleo.o
 .debug_macro   0x0000152e      0xd39 Drivers/BSP/STM32F4xx-Nucleo/stm32f4xx_nucleo.o
 .debug_macro   0x00002267     0x50ae Drivers/BSP/STM32F4xx-Nucleo/stm32f4xx_nucleo.o
 .debug_macro   0x00007315       0x43 Drivers/BSP/STM32F4xx-Nucleo/stm32f4xx_nucleo.o
 .debug_macro   0x00007358     0x347f Drivers/BSP/STM32F4xx-Nucleo/stm32f4xx_nucleo.o
 .debug_macro   0x0000a7d7       0x58 Drivers/BSP/STM32F4xx-Nucleo/stm32f4xx_nucleo.o
 .debug_macro   0x0000a82f       0x17 Drivers/BSP/STM32F4xx-Nucleo/stm32f4xx_nucleo.o
 .debug_macro   0x0000a846       0x35 Drivers/BSP/STM32F4xx-Nucleo/stm32f4xx_nucleo.o
 .debug_macro   0x0000a87b       0x9c Drivers/BSP/STM32F4xx-Nucleo/stm32f4xx_nucleo.o
 .debug_macro   0x0000a917       0x16 Drivers/BSP/STM32F4xx-Nucleo/stm32f4xx_nucleo.o
 .debug_macro   0x0000a92d       0x97 Drivers/BSP/STM32F4xx-Nucleo/stm32f4xx_nucleo.o
 .debug_macro   0x0000a9c4      0x330 Drivers/BSP/STM32F4xx-Nucleo/stm32f4xx_nucleo.o
 .debug_macro   0x0000acf4       0xfd Drivers/BSP/STM32F4xx-Nucleo/stm32f4xx_nucleo.o
 .debug_macro   0x0000adf1       0x10 Drivers/BSP/STM32F4xx-Nucleo/stm32f4xx_nucleo.o
 .debug_macro   0x0000ae01       0x58 Drivers/BSP/STM32F4xx-Nucleo/stm32f4xx_nucleo.o
 .debug_macro   0x0000ae59       0x1f Drivers/BSP/STM32F4xx-Nucleo/stm32f4xx_nucleo.o
 .debug_macro   0x0000ae78       0x43 Drivers/BSP/STM32F4xx-Nucleo/stm32f4xx_nucleo.o
 .debug_macro   0x0000aebb       0x20 Drivers/BSP/STM32F4xx-Nucleo/stm32f4xx_nucleo.o
 .debug_macro   0x0000aedb      0x18e Drivers/BSP/STM32F4xx-Nucleo/stm32f4xx_nucleo.o
 .debug_macro   0x0000b069       0x10 Drivers/BSP/STM32F4xx-Nucleo/stm32f4xx_nucleo.o
 .debug_macro   0x0000b079       0x1c Drivers/BSP/STM32F4xx-Nucleo/stm32f4xx_nucleo.o
 .debug_macro   0x0000b095       0x52 Drivers/BSP/STM32F4xx-Nucleo/stm32f4xx_nucleo.o
 .debug_macro   0x0000b0e7       0x40 Drivers/BSP/STM32F4xx-Nucleo/stm32f4xx_nucleo.o
 .debug_macro   0x0000b127       0x10 Drivers/BSP/STM32F4xx-Nucleo/stm32f4xx_nucleo.o
 .debug_macro   0x0000b137       0x40 Drivers/BSP/STM32F4xx-Nucleo/stm32f4xx_nucleo.o
 .debug_macro   0x0000b177       0xd7 Drivers/BSP/STM32F4xx-Nucleo/stm32f4xx_nucleo.o
 .debug_macro   0x0000b24e       0x1c Drivers/BSP/STM32F4xx-Nucleo/stm32f4xx_nucleo.o
 .debug_macro   0x0000b26a       0x3d Drivers/BSP/STM32F4xx-Nucleo/stm32f4xx_nucleo.o
 .debug_macro   0x0000b2a7       0x16 Drivers/BSP/STM32F4xx-Nucleo/stm32f4xx_nucleo.o
 .debug_macro   0x0000b2bd      0x16f Drivers/BSP/STM32F4xx-Nucleo/stm32f4xx_nucleo.o
 .debug_macro   0x0000b42c       0x57 Drivers/BSP/STM32F4xx-Nucleo/stm32f4xx_nucleo.o
 .debug_macro   0x0000b483      0x424 Drivers/BSP/STM32F4xx-Nucleo/stm32f4xx_nucleo.o
 .debug_macro   0x0000b8a7      0x9e1 Drivers/BSP/STM32F4xx-Nucleo/stm32f4xx_nucleo.o
 .debug_macro   0x0000c288      0x11e Drivers/BSP/STM32F4xx-Nucleo/stm32f4xx_nucleo.o
 .debug_macro   0x0000c3a6       0xf8 Drivers/BSP/STM32F4xx-Nucleo/stm32f4xx_nucleo.o
 .debug_macro   0x0000c49e       0x27 Drivers/BSP/STM32F4xx-Nucleo/stm32f4xx_nucleo.o
 .debug_macro   0x0000c4c5      0x287 Drivers/BSP/STM32F4xx-Nucleo/stm32f4xx_nucleo.o
 .debug_macro   0x0000c74c       0x5f Drivers/BSP/STM32F4xx-Nucleo/stm32f4xx_nucleo.o
 .debug_macro   0x0000c7ab      0x23a Drivers/BSP/STM32F4xx-Nucleo/stm32f4xx_nucleo.o
 .debug_macro   0x0000c9e5      0x391 Drivers/BSP/STM32F4xx-Nucleo/stm32f4xx_nucleo.o
 .debug_macro   0x0000cd76      0x16f Drivers/BSP/STM32F4xx-Nucleo/stm32f4xx_nucleo.o
 .debug_macro   0x0000cee5       0xf9 Drivers/BSP/STM32F4xx-Nucleo/stm32f4xx_nucleo.o
 .debug_macro   0x0000cfde      0x13a Drivers/BSP/STM32F4xx-Nucleo/stm32f4xx_nucleo.o
 .debug_macro   0x0000d118      0x264 Drivers/BSP/STM32F4xx-Nucleo/stm32f4xx_nucleo.o
 .debug_macro   0x0000d37c       0x2e Drivers/BSP/STM32F4xx-Nucleo/stm32f4xx_nucleo.o
 .debug_macro   0x0000d3aa      0x11e Drivers/BSP/STM32F4xx-Nucleo/stm32f4xx_nucleo.o
 .debug_macro   0x0000d4c8       0x85 Drivers/BSP/STM32F4xx-Nucleo/stm32f4xx_nucleo.o
 .debug_macro   0x0000d54d       0x89 Drivers/BSP/STM32F4xx-Nucleo/stm32f4xx_nucleo.o
 .debug_macro   0x0000d5d6      0x202 Drivers/BSP/STM32F4xx-Nucleo/stm32f4xx_nucleo.o
 .debug_macro   0x0000d7d8      0x6d9 Drivers/BSP/STM32F4xx-Nucleo/stm32f4xx_nucleo.o
 .debug_macro   0x0000deb1       0x5b Drivers/BSP/STM32F4xx-Nucleo/stm32f4xx_nucleo.o
 .debug_macro   0x0000df0c      0x14d Drivers/BSP/STM32F4xx-Nucleo/stm32f4xx_nucleo.o
 .debug_macro   0x0000e059      0x287 Drivers/BSP/STM32F4xx-Nucleo/stm32f4xx_nucleo.o
 .debug_macro   0x0000e2e0      0x11e Drivers/BSP/STM32F4xx-Nucleo/stm32f4xx_nucleo.o
 .debug_macro   0x0000e3fe      0x1b5 Drivers/BSP/STM32F4xx-Nucleo/stm32f4xx_nucleo.o
 .debug_macro   0x0000e5b3      0x4ab Drivers/BSP/X-NUCLEO-IDW0xx1/stm32_spwf_wifi.o
 .debug_macro   0x0000ea5e      0x1bb Drivers/BSP/X-NUCLEO-IDW0xx1/stm32_spwf_wifi.o
 .debug_macro   0x0000ec19      0x1e6 Drivers/BSP/X-NUCLEO-IDW0xx1/stm32_spwf_wifi.o
 .debug_macro   0x0000edff      0x444 Drivers/BSP/X-NUCLEO-IDW0xx1/stm32_spwf_wifi.o
 .debug_macro   0x0000f243      0x32c Drivers/BSP/X-NUCLEO-IDW0xx1/stm32_spwf_wifi.o
 .debug_macro   0x0000f56f       0x66 Drivers/BSP/X-NUCLEO-IDW0xx1/stm32_spwf_wifi.o
 .debug_macro   0x0000f5d5       0x16 Drivers/BSP/X-NUCLEO-IDW0xx1/stm32_spwf_wifi.o
 .debug_macro   0x0000f5eb       0x35 Drivers/BSP/X-NUCLEO-IDW0xx1/stm32_spwf_wifi.o
 .debug_macro   0x0000f620       0x16 Drivers/BSP/X-NUCLEO-IDW0xx1/stm32_spwf_wifi.o
 .debug_macro   0x0000f636       0x16 Drivers/BSP/X-NUCLEO-IDW0xx1/stm32_spwf_wifi.o
 .debug_macro   0x0000f64c       0x29 Drivers/BSP/X-NUCLEO-IDW0xx1/stm32_spwf_wifi.o
 .debug_macro   0x0000f675       0x16 Drivers/BSP/X-NUCLEO-IDW0xx1/stm32_spwf_wifi.o
 .debug_macro   0x0000f68b       0x10 Drivers/BSP/X-NUCLEO-IDW0xx1/stm32_spwf_wifi.o
 .debug_macro   0x0000f69b       0x41 Drivers/BSP/X-NUCLEO-IDW0xx1/stm32_spwf_wifi.o
 .debug_macro   0x0000f6dc       0x28 Drivers/BSP/X-NUCLEO-IDW0xx1/stm32_spwf_wifi.o
 .debug_macro   0x0000f704      0x37d Drivers/CMSIS/system_stm32f4xx.o
 .debug_macro   0x0000fa81      0x3c5 Drivers/STM32F4xx_HAL_Driver/stm32f4xx_hal.o
 .debug_macro   0x0000fe46      0x377 Drivers/STM32F4xx_HAL_Driver/stm32f4xx_hal_cortex.o
 .debug_macro   0x000101bd      0x37e Drivers/STM32F4xx_HAL_Driver/stm32f4xx_hal_dma.o
 .debug_macro   0x0001053b      0x3af Drivers/STM32F4xx_HAL_Driver/stm32f4xx_hal_gpio.o
 .debug_macro   0x000108ea      0x3a1 Drivers/STM32F4xx_HAL_Driver/stm32f4xx_hal_rcc.o
 .debug_macro   0x00010c8b      0x378 Drivers/STM32F4xx_HAL_Driver/stm32f4xx_hal_tim.o
 .debug_macro   0x00011003      0x377 Drivers/STM32F4xx_HAL_Driver/stm32f4xx_hal_tim_ex.o
 .debug_macro   0x0001137a      0x378 Drivers/STM32F4xx_HAL_Driver/stm32f4xx_hal_uart.o
 .debug_macro   0x000116f2      0x3ab Example/User/console.o
 .debug_macro   0x00011a9d       0x52 Example/User/console.o
 .debug_macro   0x00011aef       0x8d Example/User/console.o
 .debug_macro   0x00011b7c       0x57 Example/User/console.o
 .debug_macro   0x00011bd3      0x495 Example/User/main.o
 .debug_macro   0x00012068       0x58 Example/User/main.o
 .debug_macro   0x000120c0      0x48c Example/User/stm32_xx_hal_msp.o
 .debug_macro   0x0001254c      0x496 Example/User/stm32_xx_it.o
 .debug_macro   0x000129e2      0x27e Example/User/syscalls.o
 .debug_macro   0x00012c60      0x174 Example/User/syscalls.o
 .debug_macro   0x00012dd4       0x10 Example/User/syscalls.o
 .debug_macro   0x00012de4       0x10 Example/User/syscalls.o
 .debug_macro   0x00012df4       0x35 Example/User/syscalls.o
 .debug_macro   0x00012e29      0x122 Example/User/syscalls.o
 .debug_macro   0x00012f4b      0x1e3 Example/User/syscalls.o
 .debug_macro   0x0001312e       0x10 Example/User/syscalls.o
 .debug_macro   0x0001313e       0x1c Example/User/syscalls.o
 .debug_macro   0x0001315a       0x10 Example/User/syscalls.o
 .debug_macro   0x0001316a       0x88 Example/User/syscalls.o
 .debug_macro   0x000131f2       0x10 Example/User/syscalls.o
 .debug_macro   0x00013202      0x241 Example/User/syscalls.o
 .debug_macro   0x00013443       0x16 Example/User/syscalls.o
 .debug_macro   0x00013459       0x16 Example/User/syscalls.o
 .debug_macro   0x0001346f      0x51a Example/User/syscalls.o
 .debug_macro   0x00013989       0x3a Example/User/syscalls.o
 .debug_macro   0x000139c3      0x480 Middlewares/ST/STM32_SPWF0xSy/Utils/event_buffer.o
 .debug_macro   0x00013e43      0x476 Middlewares/ST/STM32_SPWF0xSy/Utils/wifi_globals.o
 .debug_macro   0x000142b9      0x486 Middlewares/ST/STM32_SPWF0xSy/wifi_interface.o
 .debug_macro   0x0001473f       0x4c Middlewares/ST/STM32_SPWF0xSy/wifi_interface.o
 .debug_macro   0x0001478b      0x47d Middlewares/ST/STM32_SPWF0xSy/wifi_module.o

.debug_line     0x00000000    0x10a9c
 .debug_line    0x00000000      0xc2f Drivers/BSP/STM32F4xx-Nucleo/stm32f4xx_nucleo.o
 .debug_line    0x00000c2f      0xd20 Drivers/BSP/X-NUCLEO-IDW0xx1/stm32_spwf_wifi.o
 .debug_line    0x0000194f      0x96c Drivers/CMSIS/system_stm32f4xx.o
 .debug_line    0x000022bb      0xab8 Drivers/STM32F4xx_HAL_Driver/stm32f4xx_hal.o
 .debug_line    0x00002d73      0xb3b Drivers/STM32F4xx_HAL_Driver/stm32f4xx_hal_cortex.o
 .debug_line    0x000038ae      0xc59 Drivers/STM32F4xx_HAL_Driver/stm32f4xx_hal_dma.o
 .debug_line    0x00004507      0xace Drivers/STM32F4xx_HAL_Driver/stm32f4xx_hal_gpio.o
 .debug_line    0x00004fd5      0xc5b Drivers/STM32F4xx_HAL_Driver/stm32f4xx_hal_rcc.o
 .debug_line    0x00005c30     0x16ec Drivers/STM32F4xx_HAL_Driver/stm32f4xx_hal_tim.o
 .debug_line    0x0000731c      0xd15 Drivers/STM32F4xx_HAL_Driver/stm32f4xx_hal_tim_ex.o
 .debug_line    0x00008031     0x10a9 Drivers/STM32F4xx_HAL_Driver/stm32f4xx_hal_uart.o
 .debug_line    0x000090da       0xde Example/SW4STM32/startup_stm32f401xe.o
 .debug_line    0x000091b8      0x9b9 Example/User/console.o
 .debug_line    0x00009b71      0xc9a Example/User/main.o
 .debug_line    0x0000a80b      0xc9d Example/User/stm32_xx_hal_msp.o
 .debug_line    0x0000b4a8      0xca0 Example/User/stm32_xx_it.o
 .debug_line    0x0000c148      0x6a1 Example/User/syscalls.o
 .debug_line    0x0000c7e9      0xbd1 Middlewares/ST/STM32_SPWF0xSy/Utils/event_buffer.o
 .debug_line    0x0000d3ba      0xb35 Middlewares/ST/STM32_SPWF0xSy/Utils/wifi_globals.o
 .debug_line    0x0000deef     0x12cf Middlewares/ST/STM32_SPWF0xSy/wifi_interface.o
 .debug_line    0x0000f1be     0x18de Middlewares/ST/STM32_SPWF0xSy/wifi_module.o

.debug_str      0x00000000    0x6b8a8
 .debug_str     0x00000000    0x5e918 Drivers/BSP/STM32F4xx-Nucleo/stm32f4xx_nucleo.o
                              0x5edd7 (size before relaxing)
 .debug_str     0x0005e918     0x64cd Drivers/BSP/X-NUCLEO-IDW0xx1/stm32_spwf_wifi.o
                              0x64d2c (size before relaxing)
 .debug_str     0x00064de5      0x10a Drivers/CMSIS/system_stm32f4xx.o
                              0x5d302 (size before relaxing)
 .debug_str     0x00064eef      0x4d8 Drivers/STM32F4xx_HAL_Driver/stm32f4xx_hal.o
                              0x5db8f (size before relaxing)
 .debug_str     0x000653c7      0x2fa Drivers/STM32F4xx_HAL_Driver/stm32f4xx_hal_cortex.o
                              0x5d9ce (size before relaxing)
 .debug_str     0x000656c1      0x335 Drivers/STM32F4xx_HAL_Driver/stm32f4xx_hal_dma.o
                              0x5d6ed (size before relaxing)
 .debug_str     0x000659f6      0x20d Drivers/STM32F4xx_HAL_Driver/stm32f4xx_hal_gpio.o
                              0x5d572 (size before relaxing)
 .debug_str     0x00065c03      0x3a1 Drivers/STM32F4xx_HAL_Driver/stm32f4xx_hal_rcc.o
                              0x5d706 (size before relaxing)
 .debug_str     0x00065fa4      0xd05 Drivers/STM32F4xx_HAL_Driver/stm32f4xx_hal_tim.o
                              0x5e2f6 (size before relaxing)
 .debug_str     0x00066ca9      0x511 Drivers/STM32F4xx_HAL_Driver/stm32f4xx_hal_tim_ex.o
                              0x5dbae (size before relaxing)
 .debug_str     0x000671ba      0x3a9 Drivers/STM32F4xx_HAL_Driver/stm32f4xx_hal_uart.o
                              0x5da08 (size before relaxing)
 .debug_str     0x00067563       0x8f Example/SW4STM32/startup_stm32f401xe.o
                                0x13b (size before relaxing)
 .debug_str     0x000675f2       0xd6 Example/User/console.o
                              0x5d6e4 (size before relaxing)
 .debug_str     0x000676c8      0x41d Example/User/main.o
                              0x64f15 (size before relaxing)
 .debug_str     0x00067ae5       0x98 Example/User/stm32_xx_hal_msp.o
                              0x64a2f (size before relaxing)
 .debug_str     0x00067b7d      0x214 Example/User/stm32_xx_it.o
                              0x646d5 (size before relaxing)
 .debug_str     0x00067d91     0x2284 Example/User/syscalls.o
                               0x997e (size before relaxing)
 .debug_str     0x0006a015      0x10d Middlewares/ST/STM32_SPWF0xSy/Utils/event_buffer.o
                              0x644e3 (size before relaxing)
 .debug_str     0x0006a122       0x5b Middlewares/ST/STM32_SPWF0xSy/Utils/wifi_globals.o
                              0x64422 (size before relaxing)
 .debug_str     0x0006a17d      0xa8a Middlewares/ST/STM32_SPWF0xSy/wifi_interface.o
                              0x65688 (size before relaxing)
 .debug_str     0x0006ac07      0xca1 Middlewares/ST/STM32_SPWF0xSy/wifi_module.o
                              0x65ce1 (size before relaxing)

.comment        0x00000000       0x7e
 .comment       0x00000000       0x7e Drivers/BSP/STM32F4xx-Nucleo/stm32f4xx_nucleo.o
                                 0x7f (size before relaxing)
 .comment       0x0000007e       0x7f Drivers/BSP/X-NUCLEO-IDW0xx1/stm32_spwf_wifi.o
 .comment       0x0000007e       0x7f Drivers/CMSIS/system_stm32f4xx.o
 .comment       0x0000007e       0x7f Drivers/STM32F4xx_HAL_Driver/stm32f4xx_hal.o
 .comment       0x0000007e       0x7f Drivers/STM32F4xx_HAL_Driver/stm32f4xx_hal_cortex.o
 .comment       0x0000007e       0x7f Drivers/STM32F4xx_HAL_Driver/stm32f4xx_hal_dma.o
 .comment       0x0000007e       0x7f Drivers/STM32F4xx_HAL_Driver/stm32f4xx_hal_gpio.o
 .comment       0x0000007e       0x7f Drivers/STM32F4xx_HAL_Driver/stm32f4xx_hal_rcc.o
 .comment       0x0000007e       0x7f Drivers/STM32F4xx_HAL_Driver/stm32f4xx_hal_tim.o