wifi_module_spi.c:124:6:no_op	0	static
wifi_module_spi.c:272:6:ReceiveHeader	8	static
wifi_module_spi.c:155:6:SPI_Receive_Manager	24	static
wifi_module_spi.c:636:6:ResumePayloadReception	0	static
wifi_module_spi.c:294:6:HTTP_Callback	8	static
wifi_module_spi.c:311:6:Socket_Callback	16	static
wifi_module_spi.c:650:6:ResumePacketReception	8	static
wifi_module_spi.c:706:6:ReceiveClosure	0	static
wifi_module_spi.c:824:6:WiFi_SPI_Write	4	static
wifi_module_spi.c:1491:6:Process_Wind_Payload	24	static
wifi_module_spi.c:845:6:Process_Packet	152	static
wifi_module_spi.c:723:6:ProcessEndOfReceive	16	static
wifi_module_spi.c:337:6:WiFi_DMA_RxCallback	32	static
wifi_module_spi.c:1794:6:SPI_Transmit_Manager	16	static
wifi_module_spi.c:132:6:WIFI_SPI_IRQ_Callback	8	static
wifi_module_spi.c:1850:6:TransmitClosure	8	static
wifi_module_spi.c:787:6:WiFi_DMA_TxCallback	0	static
wifi_module_spi.c:1777:6:SPI_Transmit_Manager_Poll	16	static
wifi_module_spi.c:1747:6:SPI_Send_AT_Command	16	static
