wifi_module.c:494:6:Set_WiFi_Control_Variables	0	static
wifi_module.c:529:6:Set_WiFi_Counter_Variables	0	static
wifi_module.c:564:6:WiFi_Configuration	0	static
wifi_module.c:590:6:wifi_reset	32	static
wifi_module.c:629:6:PowerUp_WiFi_Module	0	static
wifi_module.c:641:6:Receive_Data	8	static
wifi_module.c:663:6:Receive_DMA_Uart_Data	8	static
wifi_module.c:2015:6:Start_Timer	0	static
wifi_module.c:2027:6:Stop_Timer	0	static
wifi_module.c:2040:6:Stop_Dequeue	0	static
wifi_module.c:2051:6:Resume_Dequeue	0	static
wifi_module.c:2064:6:Start_AT_CMD_Timer	8	static
wifi_module.c:2076:6:Stop_AT_CMD_Timer	0	static
wifi_module.c:2182:6:WiFi_HAL_UART_TxCpltCallback	0	static
wifi_module.c:2199:6:WiFi_HAL_UART_RxCpltCallback	8	static
wifi_module.c:2280:15:USART_Receive_AT_Resp	0	static
wifi_module.c:2305:6:WiFi_HAL_UART_IdleCallback	0	static
wifi_module.c:2321:6:Process_WiFi	0	static
wifi_module.c:3085:6:Wait_For_Sock_Read_To_Complete	0	static
wifi_module.c:2686:6:Queue_Tftp_Event	24	static
wifi_module.c:2710:6:Queue_Mqtt_Connect_Event	16	static
wifi_module.c:2730:6:Queue_Mqtt_Event	8	static
wifi_module.c:2751:6:Queue_Mqtt_Publish_Event	24	static
wifi_module.c:2778:6:Queue_Wifi_Send_Mail_Event	48	static
wifi_module.c:2814:6:Queue_Http_Event	24	static
wifi_module.c:2839:6:Queue_Client_Write_Event	24	static
wifi_module.c:2865:6:Queue_Wifi_File_Create_Event	16	static
wifi_module.c:2890:6:Queue_Wifi_File_Event	32	static
wifi_module.c:2917:6:Queue_File_Event	24	static
wifi_module.c:2944:6:Queue_Wifi_FW_Update_Event	24	static
wifi_module.c:2967:6:Queue_Client_Open_Event	24	static
wifi_module.c:2994:6:Queue_Server_Open_Event	16	static
wifi_module.c:3014:6:Queue_Client_Close_Event	16	static
wifi_module.c:3037:6:Queue_Server_Close_Event	16	static
wifi_module.c:3051:6:Queue_Client_List_Event	8	static
wifi_module.c:3067:6:Queue_Server_List_Event	8	static
wifi_module.c:3101:6:Reset_AT_CMD_Buffer	0	static
wifi_module.c:2625:15:wifi_firmware_middleware_version_compatibility	32	static
wifi_module.c:3222:6:PrintErrorMsg	0	static
wifi_module.c:3234:6:Print_Msg	0	static
wifi_module.c:3257:6:WiFi_UART_Error_Handler	0	static
wifi_module.c:435:6:WiFi_Module_Init	8	static
wifi_module.c:2299:6:WiFi_HAL_UART_ErrorCallback	0	static
wifi_module.c:3274:15:USART_Transmit_AT_Cmd	8	static
wifi_module.c:3135:15:Read_WiFi_Mode	16	static
wifi_module.c:3330:6:Start_DeepSleep_Timer	0	static
wifi_module.c:2357:6:Process_DeQed_Wind_Indication	8	static
wifi_module.c:3342:6:Stop_DeepSleep_Timer	0	static
wifi_module.c:2110:6:Wifi_SysTick_Isr	16	static
wifi_module.c:3354:6:WiFi_switch_to_command_mode	8	static
wifi_module.c:3376:6:WiFi_switch_to_data_mode	8	static
wifi_module.c:3399:15:Attention_Cmd	8	static
wifi_module.c:3423:15:Display_Help_Text	8	static
wifi_module.c:3446:15:GET_Configuration_Value	16	static
wifi_module.c:3487:15:SET_Configuration_Addr	16	static
wifi_module.c:3523:15:SET_Configuration_Value	16	static
wifi_module.c:3554:15:SET_SSID	16	static
wifi_module.c:3598:15:SET_WiFi_SecKey	8	static
wifi_module.c:3638:15:Restore_Default_Setting	8	static
wifi_module.c:3667:15:Save_Current_Setting	8	static
wifi_module.c:3168:15:Write_WiFi_SSID	8	static
wifi_module.c:3195:15:Write_WiFi_SecKey	8	static
wifi_module.c:3694:6:ResetBuffer	0	static
wifi_module.c:3744:15:Attention_Cmd_Check	96	static
wifi_module.c:3804:15:WaitForResponse	72	static
wifi_module.c:3706:15:config_init_value	16	static
wifi_module.c:3728:15:config_init_addr	16	static
wifi_module.c:3826:13:ind_wifi_warning	0	static
wifi_module.c:3830:13:ind_wifi_error	0	static
wifi_module.c:2088:6:WiFi_AT_CMD_Timeout	8	static
wifi_module.c:3834:13:ind_wifi_connection_error	0	static
wifi_module.c:3838:13:ind_wifi_connected	0	static
wifi_module.c:3842:13:ind_wifi_ap_ready	0	static
wifi_module.c:3846:13:ind_wifi_ap_client_joined	0	static
wifi_module.c:3850:13:ind_wifi_ap_client_left	0	static
wifi_module.c:3854:13:ind_wifi_on	0	static
wifi_module.c:3858:13:ind_wifi_packet_lost	0	static
wifi_module.c:3862:13:ind_wifi_gpio_changed	0	static
wifi_module.c:3866:13:ind_wifi_socket_data_received	0	static
wifi_module.c:3870:13:ind_wifi_socket_client_remote_server_closed	0	static
wifi_module.c:3874:13:ind_wifi_socket_server_data_lost	0	static
wifi_module.c:3878:13:ind_socket_server_client_joined	0	static
wifi_module.c:3882:13:ind_socket_server_client_left	0	static
wifi_module.c:3886:13:ind_wifi_http_data_available	0	static
wifi_module.c:3890:13:ind_wifi_file_data_available	0	static
wifi_module.c:3894:13:ind_wifi_resuming	0	static
wifi_module.c:3898:13:ind_wifi_mqtt_data_received	0	static
wifi_module.c:3902:13:ind_wifi_mqtt_closed	0	static
wifi_module.c:3906:13:ind_wifi_socket_list_data_available	0	static
wifi_module.c:683:6:Wifi_TIM_Handler	48	static
wifi_module.c:3910:13:ind_wifi_inputssi_callback	0	static
wifi_module.c:3918:13:ind_wifi_output_from_remote_callback	0	static
