wifi_interface.c:489:15:wifi_set_socket_certificates	48	static
wifi_interface.c:651:15:wifi_ping	8	static
wifi_interface.c:680:15:wifi_websocket_client_open	8	static
wifi_interface.c:699:15:wifi_websocket_client_write	8	static
wifi_interface.c:722:15:wifi_websocket_client_close	8	static
wifi_interface.c:739:15:wifi_socket_client_open	8	static
wifi_interface.c:757:15:Open_Serial_Port	8	static
wifi_interface.c:780:15:wifi_socket_client_write	8	static
wifi_interface.c:826:15:Socket_Read	16	static
wifi_interface.c:875:15:Socket_Server_Read	24	static
wifi_interface.c:913:15:Websocket_Read	16	static
wifi_interface.c:960:15:wifi_socket_client_close	8	static
wifi_interface.c:985:6:Socket_Pending_Data	8	static
wifi_interface.c:1026:6:Server_Pending_Data	8	static
wifi_interface.c:1063:6:Websocket_Pending_Data	8	static
wifi_interface.c:1098:15:wifi_socket_server_open	8	static
wifi_interface.c:1129:15:wifi_socket_server_write	8	static
wifi_interface.c:1231:15:socket_server_close	16	static
wifi_interface.c:1281:15:wifi_file_rename	8	static
wifi_interface.c:1303:15:wifi_unmount_user_memory	8	static
wifi_interface.c:1322:15:wifi_file_delete	8	static
wifi_interface.c:1343:15:wifi_file_list	16	static
wifi_interface.c:1357:15:wifi_file_print_content	16	static
wifi_interface.c:1426:15:wifi_file_create	16	static
wifi_interface.c:1451:15:wifi_mqtt_connect	8	static
wifi_interface.c:1468:15:wifi_mqtt_subscribe	8	static
wifi_interface.c:1487:15:wifi_mqtt_publish	8	static
wifi_interface.c:1503:15:wifi_mqtt_disconnect	8	static
wifi_interface.c:1520:15:wifi_mqtt_unsubscribe	8	static
wifi_interface.c:1538:15:wifi_list_open_client_socket	8	static
wifi_interface.c:1552:15:wifi_list_open_web_client_socket	8	static
wifi_interface.c:1566:15:wifi_list_bound_client_socket	8	static
wifi_interface.c:1587:15:wifi_send_mail	40	static
wifi_interface.c:1612:15:wifi_tftp_get	8	static
wifi_interface.c:1641:15:wifi_tftp_put	8	static
wifi_interface.c:1676:15:wifi_fill_input_buffer	16	static
wifi_interface.c:1749:15:wifi_http_get	8	static
wifi_interface.c:1780:15:wifi_http_post	8	static
wifi_interface.c:1809:15:wifi_file_image_create	16	static
wifi_interface.c:1836:15:wifi_file_erase_external_flash	8	static
wifi_interface.c:1867:15:wifi_fw_update	8	static
wifi_interface.c:1904:15:wifi_network_scan	8	static
wifi_interface.c:1950:15:wifi_ap_start	24	static
wifi_interface.c:2037:15:wifi_connect	24	static
wifi_interface.c:2150:15:wifi_adhoc_create	16	static
wifi_interface.c:2257:15:wifi_standby	8	static
wifi_interface.c:2310:15:wifi_powersave	8	static
wifi_interface.c:2350:15:wifi_wakeup	40	static
wifi_interface.c:81:15:wifi_init	16	static
wifi_interface.c:2378:15:wifi_disconnect	16	static
wifi_interface.c:2455:15:wifi_enable	16	static
wifi_interface.c:2511:15:wifi_restore	8	static
wifi_interface.c:2596:9:wifi_gpio_init	24	static
wifi_interface.c:2635:9:wifi_gpio_read	24	static
wifi_interface.c:2668:9:wifi_gpio_write	16	static
wifi_interface.c:2698:15:wifi_get_IP_address	24	static
wifi_interface.c:2733:15:wifi_get_MAC_address	24	static
wifi_interface.c:2770:10:wifi_get_status_variable_value	16	static
