Archive member included to satisfy reference by file (symbol)

c:/program files (x86)/atollic/truestudio for stm32 9.1.0/armtools/bin/../lib/gcc/arm-atollic-eabi/6.3.1/../../../../arm-atollic-eabi/lib/armv7e-m/fpu\libc_nano.a(lib_a-atoi.o)
                              Src\spwf04WiFi.o (atoi)
c:/program files (x86)/atollic/truestudio for stm32 9.1.0/armtools/bin/../lib/gcc/arm-atollic-eabi/6.3.1/../../../../arm-atollic-eabi/lib/armv7e-m/fpu\libc_nano.a(lib_a-fflush.o)
                              Src\console.o (fflush)
c:/program files (x86)/atollic/truestudio for stm32 9.1.0/armtools/bin/../lib/gcc/arm-atollic-eabi/6.3.1/../../../../arm-atollic-eabi/lib/armv7e-m/fpu\libc_nano.a(lib_a-findfp.o)
                              c:/program files (x86)/atollic/truestudio for stm32 9.1.0/armtools/bin/../lib/gcc/arm-atollic-eabi/6.3.1/../../../../arm-atollic-eabi/lib/armv7e-m/fpu\libc_nano.a(lib_a-fflush.o) (__sinit)
c:/program files (x86)/atollic/truestudio for stm32 9.1.0/armtools/bin/../lib/gcc/arm-atollic-eabi/6.3.1/../../../../arm-atollic-eabi/lib/armv7e-m/fpu\libc_nano.a(lib_a-fwalk.o)
                              c:/program files (x86)/atollic/truestudio for stm32 9.1.0/armtools/bin/../lib/gcc/arm-atollic-eabi/6.3.1/../../../../arm-atollic-eabi/lib/armv7e-m/fpu\libc_nano.a(lib_a-findfp.o) (_fwalk)
c:/program files (x86)/atollic/truestudio for stm32 9.1.0/armtools/bin/../lib/gcc/arm-atollic-eabi/6.3.1/../../../../arm-atollic-eabi/lib/armv7e-m/fpu\libc_nano.a(lib_a-impure.o)
                              c:/program files (x86)/atollic/truestudio for stm32 9.1.0/armtools/bin/../lib/gcc/arm-atollic-eabi/6.3.1/../../../../arm-atollic-eabi/lib/armv7e-m/fpu\libc_nano.a(lib_a-fflush.o) (_global_impure_ptr)
c:/program files (x86)/atollic/truestudio for stm32 9.1.0/armtools/bin/../lib/gcc/arm-atollic-eabi/6.3.1/../../../../arm-atollic-eabi/lib/armv7e-m/fpu\libc_nano.a(lib_a-init.o)
                              startup\startup_stm32f446xx.o (__libc_init_array)
c:/program files (x86)/atollic/truestudio for stm32 9.1.0/armtools/bin/../lib/gcc/arm-atollic-eabi/6.3.1/../../../../arm-atollic-eabi/lib/armv7e-m/fpu\libc_nano.a(lib_a-memchr.o)
                              Src\wifi_module_uart_04.o (memchr)
c:/program files (x86)/atollic/truestudio for stm32 9.1.0/armtools/bin/../lib/gcc/arm-atollic-eabi/6.3.1/../../../../arm-atollic-eabi/lib/armv7e-m/fpu\libc_nano.a(lib_a-memcmp.o)
                              Src\wifi_module_uart_04.o (memcmp)
c:/program files (x86)/atollic/truestudio for stm32 9.1.0/armtools/bin/../lib/gcc/arm-atollic-eabi/6.3.1/../../../../arm-atollic-eabi/lib/armv7e-m/fpu\libc_nano.a(lib_a-memcpy-stub.o)
                              Src\ring_buffer.o (memcpy)
c:/program files (x86)/atollic/truestudio for stm32 9.1.0/armtools/bin/../lib/gcc/arm-atollic-eabi/6.3.1/../../../../arm-atollic-eabi/lib/armv7e-m/fpu\libc_nano.a(lib_a-memset.o)
                              Src\ring_buffer.o (memset)
c:/program files (x86)/atollic/truestudio for stm32 9.1.0/armtools/bin/../lib/gcc/arm-atollic-eabi/6.3.1/../../../../arm-atollic-eabi/lib/armv7e-m/fpu\libc_nano.a(lib_a-nano-freer.o)
                              c:/program files (x86)/atollic/truestudio for stm32 9.1.0/armtools/bin/../lib/gcc/arm-atollic-eabi/6.3.1/../../../../arm-atollic-eabi/lib/armv7e-m/fpu\libc_nano.a(lib_a-fflush.o) (_free_r)
c:/program files (x86)/atollic/truestudio for stm32 9.1.0/armtools/bin/../lib/gcc/arm-atollic-eabi/6.3.1/../../../../arm-atollic-eabi/lib/armv7e-m/fpu\libc_nano.a(lib_a-nano-mallocr.o)
                              c:/program files (x86)/atollic/truestudio for stm32 9.1.0/armtools/bin/../lib/gcc/arm-atollic-eabi/6.3.1/../../../../arm-atollic-eabi/lib/armv7e-m/fpu\libc_nano.a(lib_a-findfp.o) (_malloc_r)
c:/program files (x86)/atollic/truestudio for stm32 9.1.0/armtools/bin/../lib/gcc/arm-atollic-eabi/6.3.1/../../../../arm-atollic-eabi/lib/armv7e-m/fpu\libc_nano.a(lib_a-printf.o)
                              Src\config_wifi.o (printf)
c:/program files (x86)/atollic/truestudio for stm32 9.1.0/armtools/bin/../lib/gcc/arm-atollic-eabi/6.3.1/../../../../arm-atollic-eabi/lib/armv7e-m/fpu\libc_nano.a(lib_a-putchar.o)
                              Src\wifi_module_spi.o (putchar)
c:/program files (x86)/atollic/truestudio for stm32 9.1.0/armtools/bin/../lib/gcc/arm-atollic-eabi/6.3.1/../../../../arm-atollic-eabi/lib/armv7e-m/fpu\libc_nano.a(lib_a-puts.o)
                              Src\connexion_mqtt.o (puts)
c:/program files (x86)/atollic/truestudio for stm32 9.1.0/armtools/bin/../lib/gcc/arm-atollic-eabi/6.3.1/../../../../arm-atollic-eabi/lib/armv7e-m/fpu\libc_nano.a(lib_a-sbrkr.o)
                              c:/program files (x86)/atollic/truestudio for stm32 9.1.0/armtools/bin/../lib/gcc/arm-atollic-eabi/6.3.1/../../../../arm-atollic-eabi/lib/armv7e-m/fpu\libc_nano.a(lib_a-nano-mallocr.o) (_sbrk_r)
[...]
Memory Configuration

Name             Origin             Length             Attributes
RAM              0x20000000         0x00020000         xrw
FLASH            0x08000000         0x00080000         xr
*default*        0x00000000         0xffffffff

Linker script and memory map

LOAD c:/program files (x86)/atollic/truestudio for stm32 9.1.0/armtools/bin/../lib/gcc/arm-atollic-eabi/6.3.1/armv7e-m/fpu/crti.o
LOAD c:/program files (x86)/atollic/truestudio for stm32 9.1.0/armtools/bin/../lib/gcc/arm-atollic-eabi/6.3.1/armv7e-m/fpu/crtbegin.o
LOAD Drivers\STM32F4xx_HAL_Driver\Src\stm32f4xx_hal.o
LOAD Drivers\STM32F4xx_HAL_Driver\Src\stm32f4xx_hal_can.o
LOAD Drivers\STM32F4xx_HAL_Driver\Src\stm32f4xx_hal_cortex.o
LOAD Drivers\STM32F4xx_HAL_Driver\Src\stm32f4xx_hal_dma.o
LOAD Drivers\STM32F4xx_HAL_Driver\Src\stm32f4xx_hal_dma_ex.o
LOAD Drivers\STM32F4xx_HAL_Driver\Src\stm32f4xx_hal_flash.o
LOAD Drivers\STM32F4xx_HAL_Driver\Src\stm32f4xx_hal_flash_ex.o
LOAD Drivers\STM32F4xx_HAL_Driver\Src\stm32f4xx_hal_flash_ramfunc.o
LOAD Drivers\STM32F4xx_HAL_Driver\Src\stm32f4xx_hal_gpio.o
LOAD Drivers\STM32F4xx_HAL_Driver\Src\stm32f4xx_hal_pwr.o
LOAD Drivers\STM32F4xx_HAL_Driver\Src\stm32f4xx_hal_pwr_ex.o
LOAD Drivers\STM32F4xx_HAL_Driver\Src\stm32f4xx_hal_rcc.o
LOAD Drivers\STM32F4xx_HAL_Driver\Src\stm32f4xx_hal_rcc_ex.o
LOAD Drivers\STM32F4xx_HAL_Driver\Src\stm32f4xx_hal_tim.o
LOAD Drivers\STM32F4xx_HAL_Driver\Src\stm32f4xx_hal_tim_ex.o
LOAD Drivers\STM32F4xx_HAL_Driver\Src\stm32f4xx_hal_uart.o
LOAD Src\can.o
LOAD Src\config_wifi.o
LOAD Src\connexion_mqtt.o
LOAD Src\console.o
LOAD Src\event_buffer.o
LOAD Src\main.o
LOAD Src\ring_buffer.o
LOAD Src\spwf04WiFi.o
LOAD Src\stm32_spwf_wifi.o
LOAD Src\stm32f4xx_hal_msp.o
LOAD Src\stm32f4xx_hal_spi.o
LOAD Src\stm32f4xx_it.o
LOAD Src\stm32f4xx_ll_dma.o
LOAD Src\stm32f4xx_ll_fmc.o
LOAD Src\stm32f4xx_ll_fsmc.o
LOAD Src\stm32f4xx_ll_sdmmc.o
LOAD Src\stm32f4xx_ll_usb.o
LOAD Src\stm32f4xx_nucleo.o
LOAD Src\system_stm32f4xx.o
LOAD Src\wifi_globals.o
LOAD Src\wifi_interface.o
LOAD Src\wifi_module.o
LOAD Src\wifi_module_spi.o
LOAD Src\wifi_module_uart_01.o
LOAD Src\wifi_module_uart_04.o
LOAD startup\startup_stm32f446xx.o
                0x00000080                malloc_getpagesize_P = 0x80
START GROUP
LOAD c:/program files (x86)/atollic/truestudio for stm32 9.1.0/armtools/bin/../lib/gcc/arm-atollic-eabi/6.3.1/../../../../arm-atollic-eabi/lib/armv7e-m/fpu\libc_nano.a
LOAD c:/program files (x86)/atollic/truestudio for stm32 9.1.0/armtools/bin/../lib/gcc/arm-atollic-eabi/6.3.1/../../../../arm-atollic-eabi/lib/armv7e-m/fpu\libm.a
END GROUP
START GROUP
LOAD c:/program files (x86)/atollic/truestudio for stm32 9.1.0/armtools/bin/../lib/gcc/arm-atollic-eabi/6.3.1/armv7e-m/fpu\libgcc.a
LOAD c:/program files (x86)/atollic/truestudio for stm32 9.1.0/armtools/bin/../lib/gcc/arm-atollic-eabi/6.3.1/../../../../arm-atollic-eabi/lib/armv7e-m/fpu\libc_nano.a
END GROUP
START GROUP
LOAD c:/program files (x86)/atollic/truestudio for stm32 9.1.0/armtools/bin/../lib/gcc/arm-atollic-eabi/6.3.1/armv7e-m/fpu\libgcc.a
LOAD c:/program files (x86)/atollic/truestudio for stm32 9.1.0/armtools/bin/../lib/gcc/arm-atollic-eabi/6.3.1/../../../../arm-atollic-eabi/lib/armv7e-m/fpu\libc_nano.a
LOAD c:/program files (x86)/atollic/truestudio for stm32 9.1.0/armtools/bin/../lib/gcc/arm-atollic-eabi/6.3.1/../../../../arm-atollic-eabi/lib/armv7e-m/fpu\libnosys.a
END GROUP
START GROUP
LOAD c:/program files (x86)/atollic/truestudio for stm32 9.1.0/armtools/bin/../lib/gcc/arm-atollic-eabi/6.3.1/armv7e-m/fpu\libgcc.a
LOAD c:/program files (x86)/atollic/truestudio for stm32 9.1.0/armtools/bin/../lib/gcc/arm-atollic-eabi/6.3.1/../../../../arm-atollic-eabi/lib/armv7e-m/fpu\libc_nano.a
LOAD c:/program files (x86)/atollic/truestudio for stm32 9.1.0/armtools/bin/../lib/gcc/arm-atollic-eabi/6.3.1/../../../../arm-atollic-eabi/lib/armv7e-m/fpu\libnosys.a
END GROUP
LOAD c:/program files (x86)/atollic/truestudio for stm32 9.1.0/armtools/bin/../lib/gcc/arm-atollic-eabi/6.3.1/armv7e-m/fpu/crtend.o
LOAD c:/program files (x86)/atollic/truestudio for stm32 9.1.0/armtools/bin/../lib/gcc/arm-atollic-eabi/6.3.1/armv7e-m/fpu/crtn.o
                0x20020000                _estack = 0x20020000
                0x00000200                _Min_Heap_Size = 0x200
                0x00000400                _Min_Stack_Size = 0x400

.isr_vector     0x08000000      0x1c4
                0x08000000                . = ALIGN (0x4)
 *(.isr_vector)
 .isr_vector    0x08000000      0x1c4 startup\startup_stm32f446xx.o
                0x08000000                g_pfnVectors
                0x080001c4                . = ALIGN (0x4)

.text           0x080001d0     0x4b30
                0x080001d0                . = ALIGN (0x4)
 *(.text)
 .text          0x080001d0       0x40 c:/program files (x86)/atollic/truestudio for stm32 9.1.0/armtools/bin/../lib/gcc/arm-atollic-eabi/6.3.1/armv7e-m/fpu/crtbegin.o
 .text          0x08000210       0xa0 c:/program files (x86)/atollic/truestudio for stm32 9.1.0/armtools/bin/../lib/gcc/arm-atollic-eabi/6.3.1/../../../../arm-atollic-eabi/lib/armv7e-m/fpu\libc_nano.a(lib_a-memchr.o)
                0x08000210                memchr
 .text          0x080002b0       0x14 c:/program files (x86)/atollic/truestudio for stm32 9.1.0/armtools/bin/../lib/gcc/arm-atollic-eabi/6.3.1/../../../../arm-atollic-eabi/lib/armv7e-m/fpu\libc_nano.a(lib_a-strcmp.o)
                0x080002b0                strcmp
 .text          0x080002c4       0x10 c:/program files (x86)/atollic/truestudio for stm32 9.1.0/armtools/bin/../lib/gcc/arm-atollic-eabi/6.3.1/../../../../arm-atollic-eabi/lib/armv7e-m/fpu\libc_nano.a(lib_a-strlen.o)
                0x080002c4                strlen
 .text          0x080002d4       0x30 c:/program files (x86)/atollic/truestudio for stm32 9.1.0/armtools/bin/../lib/gcc/arm-atollic-eabi/6.3.1/armv7e-m/fpu\libgcc.a(_aeabi_uldivmod.o)
                0x080002d4                __aeabi_uldivmod
 .text          0x08000304      0x2dc c:/program files (x86)/atollic/truestudio for stm32 9.1.0/armtools/bin/../lib/gcc/arm-atollic-eabi/6.3.1/armv7e-m/fpu\libgcc.a(_udivmoddi4.o)
                0x08000304                __udivmoddi4
 .text          0x080005e0        0x4 c:/program files (x86)/atollic/truestudio for stm32 9.1.0/armtools/bin/../lib/gcc/arm-atollic-eabi/6.3.1/armv7e-m/fpu\libgcc.a(_dvmd_tls.o)
                0x080005e0                __aeabi_idiv0
                0x080005e0                __aeabi_ldiv0
 *(.text*)
 .text.HAL_InitTick
                0x080005e4       0x48 Drivers\STM32F4xx_HAL_Driver\Src\stm32f4xx_hal.o
                0x080005e4                HAL_InitTick
 .text.HAL_Init
                0x0800062c       0x34 Drivers\STM32F4xx_HAL_Driver\Src\stm32f4xx_hal.o
                0x0800062c                HAL_Init
 .text.HAL_IncTick
                0x08000660       0x18 Drivers\STM32F4xx_HAL_Driver\Src\stm32f4xx_hal.o
                0x08000660                HAL_IncTick
 .text.HAL_GetTick
                0x08000678        0xc Drivers\STM32F4xx_HAL_Driver\Src\stm32f4xx_hal.o
                0x08000678                HAL_GetTick
 .text.HAL_Delay
                0x08000684       0x28 Drivers\STM32F4xx_HAL_Driver\Src\stm32f4xx_hal.o
                0x08000684                HAL_Delay
 .text.HAL_CAN_Init
                0x080006ac       0xf6 Drivers\STM32F4xx_HAL_Driver\Src\stm32f4xx_hal_can.o
                0x080006ac                HAL_CAN_Init
 *fill*         0x080007a2        0x2 
 .text.HAL_CAN_ConfigFilter
                0x080007a4      0x114 Drivers\STM32F4xx_HAL_Driver\Src\stm32f4xx_hal_can.o
                0x080007a4                HAL_CAN_ConfigFilter
 .text.HAL_CAN_Start
                0x080008b8       0x56 Drivers\STM32F4xx_HAL_Driver\Src\stm32f4xx_hal_can.o
                0x080008b8                HAL_CAN_Start
 .text.HAL_CAN_GetRxMessage
                0x0800090e       0xfc Drivers\STM32F4xx_HAL_Driver\Src\stm32f4xx_hal_can.o
                0x0800090e                HAL_CAN_GetRxMessage
 .text.HAL_CAN_ActivateNotification
                0x08000a0a       0x28 Drivers\STM32F4xx_HAL_Driver\Src\stm32f4xx_hal_can.o
                0x08000a0a                HAL_CAN_ActivateNotification
 .text.HAL_CAN_TxMailbox0CompleteCallback
                0x08000a32        0x2 Drivers\STM32F4xx_HAL_Driver\Src\stm32f4xx_hal_can.o
                0x08000a32                HAL_CAN_TxMailbox0CompleteCallback
 .text.HAL_CAN_TxMailbox1CompleteCallback
                0x08000a34        0x2 Drivers\STM32F4xx_HAL_Driver\Src\stm32f4xx_hal_can.o
                0x08000a34                HAL_CAN_TxMailbox1CompleteCallback
 .text.HAL_CAN_TxMailbox2CompleteCallback
                0x08000a36        0x2 Drivers\STM32F4xx_HAL_Driver\Src\stm32f4xx_hal_can.o
                0x08000a36                HAL_CAN_TxMailbox2CompleteCallback
 .text.HAL_CAN_TxMailbox0AbortCallback
                0x08000a38        0x2 Drivers\STM32F4xx_HAL_Driver\Src\stm32f4xx_hal_can.o
                0x08000a38                HAL_CAN_TxMailbox0AbortCallback
 .text.HAL_CAN_TxMailbox1AbortCallback
                0x08000a3a        0x2 Drivers\STM32F4xx_HAL_Driver\Src\stm32f4xx_hal_can.o
                0x08000a3a                HAL_CAN_TxMailbox1AbortCallback
 .text.HAL_CAN_TxMailbox2AbortCallback
                0x08000a3c        0x2 Drivers\STM32F4xx_HAL_Driver\Src\stm32f4xx_hal_can.o
                0x08000a3c                HAL_CAN_TxMailbox2AbortCallback
 .text.HAL_CAN_RxFifo0FullCallback
                0x08000a3e        0x2 Drivers\STM32F4xx_HAL_Driver\Src\stm32f4xx_hal_can.o
                0x08000a3e                HAL_CAN_RxFifo0FullCallback
 .text.HAL_CAN_RxFifo1MsgPendingCallback
                0x08000a40        0x2 Drivers\STM32F4xx_HAL_Driver\Src\stm32f4xx_hal_can.o
                0x08000a40                HAL_CAN_RxFifo1MsgPendingCallback
 .text.HAL_CAN_RxFifo1FullCallback
                0x08000a42        0x2 Drivers\STM32F4xx_HAL_Driver\Src\stm32f4xx_hal_can.o
                0x08000a42                HAL_CAN_RxFifo1FullCallback
 .text.HAL_CAN_SleepCallback
                0x08000a44        0x2 Drivers\STM32F4xx_HAL_Driver\Src\stm32f4xx_hal_can.o
                0x08000a44                HAL_CAN_SleepCallback
 .text.HAL_CAN_WakeUpFromRxMsgCallback
                0x08000a46        0x2 Drivers\STM32F4xx_HAL_Driver\Src\stm32f4xx_hal_can.o
                0x08000a46                HAL_CAN_WakeUpFromRxMsgCallback
 .text.HAL_CAN_IRQHandler
                0x08000a48      0x1fc Drivers\STM32F4xx_HAL_Driver\Src\stm32f4xx_hal_can.o
                0x08000a48                HAL_CAN_IRQHandler
 .text.HAL_CAN_GetError
                0x08000c44        0x4 Drivers\STM32F4xx_HAL_Driver\Src\stm32f4xx_hal_can.o
                0x08000c44                HAL_CAN_GetError
 .text.HAL_NVIC_SetPriorityGrouping
                0x08000c48       0x24 Drivers\STM32F4xx_HAL_Driver\Src\stm32f4xx_hal_cortex.o
                0x08000c48                HAL_NVIC_SetPriorityGrouping
 .text.HAL_NVIC_SetPriority
                0x08000c6c       0x68 Drivers\STM32F4xx_HAL_Driver\Src\stm32f4xx_hal_cortex.o
                0x08000c6c                HAL_NVIC_SetPriority
 .text.HAL_NVIC_EnableIRQ
                0x08000cd4       0x18 Drivers\STM32F4xx_HAL_Driver\Src\stm32f4xx_hal_cortex.o
                0x08000cd4                HAL_NVIC_EnableIRQ
 .text.HAL_NVIC_DisableIRQ
                0x08000cec       0x1c Drivers\STM32F4xx_HAL_Driver\Src\stm32f4xx_hal_cortex.o
                0x08000cec                HAL_NVIC_DisableIRQ
 .text.HAL_SYSTICK_Config
                0x08000d08       0x2c Drivers\STM32F4xx_HAL_Driver\Src\stm32f4xx_hal_cortex.o
                0x08000d08                HAL_SYSTICK_Config
 .text.HAL_NVIC_ClearPendingIRQ
                0x08000d34       0x1c Drivers\STM32F4xx_HAL_Driver\Src\stm32f4xx_hal_cortex.o
                0x08000d34                HAL_NVIC_ClearPendingIRQ
 .text.HAL_SYSTICK_CLKSourceConfig
                0x08000d50       0x18 Drivers\STM32F4xx_HAL_Driver\Src\stm32f4xx_hal_cortex.o
                0x08000d50                HAL_SYSTICK_CLKSourceConfig
 .text.HAL_SYSTICK_Callback
                0x08000d68        0x2 Drivers\STM32F4xx_HAL_Driver\Src\stm32f4xx_hal_cortex.o
                0x08000d68                HAL_SYSTICK_Callback
 .text.HAL_SYSTICK_IRQHandler
                0x08000d6a        0x8 Drivers\STM32F4xx_HAL_Driver\Src\stm32f4xx_hal_cortex.o
                0x08000d6a                HAL_SYSTICK_IRQHandler
 *fill*         0x08000d72        0x2 
 .text.HAL_GPIO_Init
                0x08000d74      0x1b4 Drivers\STM32F4xx_HAL_Driver\Src\stm32f4xx_hal_gpio.o
                0x08000d74                HAL_GPIO_Init
 .text.HAL_GPIO_DeInit
                0x08000f28      0x128 Drivers\STM32F4xx_HAL_Driver\Src\stm32f4xx_hal_gpio.o
                0x08000f28                HAL_GPIO_DeInit
 .text.HAL_GPIO_ReadPin
                0x08001050        0xc Drivers\STM32F4xx_HAL_Driver\Src\stm32f4xx_hal_gpio.o
                0x08001050                HAL_GPIO_ReadPin
 .text.HAL_GPIO_WritePin
                0x0800105c        0xa Drivers\STM32F4xx_HAL_Driver\Src\stm32f4xx_hal_gpio.o
                0x0800105c                HAL_GPIO_WritePin
 *fill*         0x08001066        0x2 
 .text.HAL_RCC_ClockConfig
                0x08001068      0x134 Drivers\STM32F4xx_HAL_Driver\Src\stm32f4xx_hal_rcc.o
                0x08001068                HAL_RCC_ClockConfig
 .text.HAL_RCC_GetHCLKFreq
                0x0800119c        0xc Drivers\STM32F4xx_HAL_Driver\Src\stm32f4xx_hal_rcc.o
                0x0800119c                HAL_RCC_GetHCLKFreq
 .text.HAL_RCC_GetPCLK1Freq
                0x080011a8       0x20 Drivers\STM32F4xx_HAL_Driver\Src\stm32f4xx_hal_rcc.o
                0x080011a8                HAL_RCC_GetPCLK1Freq
 .text.HAL_RCC_GetPCLK2Freq
                0x080011c8       0x20 Drivers\STM32F4xx_HAL_Driver\Src\stm32f4xx_hal_rcc.o
                0x080011c8                HAL_RCC_GetPCLK2Freq
 .text.HAL_RCC_GetSysClockFreq
                0x080011e8       0x90 Drivers\STM32F4xx_HAL_Driver\Src\stm32f4xx_hal_rcc_ex.o
                0x080011e8                HAL_RCC_GetSysClockFreq
 .text.HAL_RCC_OscConfig
                0x08001278      0x334 Drivers\STM32F4xx_HAL_Driver\Src\stm32f4xx_hal_rcc_ex.o
                0x08001278                HAL_RCC_OscConfig
 .text.HAL_TIM_Base_MspInit
                0x080015ac        0x2 Drivers\STM32F4xx_HAL_Driver\Src\stm32f4xx_hal_tim.o
                0x080015ac                HAL_TIM_Base_MspInit
 .text.HAL_TIM_Base_Start_IT
                0x080015ae       0x16 Drivers\STM32F4xx_HAL_Driver\Src\stm32f4xx_hal_tim.o
                0x080015ae                HAL_TIM_Base_Start_IT
 .text.TIM_Base_SetConfig
                0x080015c4       0xc8 Drivers\STM32F4xx_HAL_Driver\Src\stm32f4xx_hal_tim.o
                0x080015c4                TIM_Base_SetConfig
 .text.HAL_TIM_Base_Init
                0x0800168c       0x34 Drivers\STM32F4xx_HAL_Driver\Src\stm32f4xx_hal_tim.o
                0x0800168c                HAL_TIM_Base_Init
 .text.UART_SetConfig
                0x080016c0      0x234 Drivers\STM32F4xx_HAL_Driver\Src\stm32f4xx_hal_uart.o
 .text.UART_WaitOnFlagUntilTimeout.constprop.3
                0x080018f4       0x50 Drivers\STM32F4xx_HAL_Driver\Src\stm32f4xx_hal_uart.o
 .text.HAL_UART_Init
                0x08001944       0x5c Drivers\STM32F4xx_HAL_Driver\Src\stm32f4xx_hal_uart.o
                0x08001944                HAL_UART_Init
 .text.HAL_UART_DeInit
                0x080019a0       0x26 Drivers\STM32F4xx_HAL_Driver\Src\stm32f4xx_hal_uart.o
                0x080019a0                HAL_UART_DeInit
 .text.HAL_UART_Transmit
                0x080019c6       0xba Drivers\STM32F4xx_HAL_Driver\Src\stm32f4xx_hal_uart.o
                0x080019c6                HAL_UART_Transmit
 .text.CAN_Config
                0x08001a80       0x60 Src\can.o
                0x08001a80                CAN_Config
 .text.plog     0x08001ae0       0x20 Src\can.o
                0x08001ae0                plog
 .text.HAL_CAN_RxFifo0MsgPendingCallback
                0x08001b00       0x54 Src\can.o
                0x08001b00                HAL_CAN_RxFifo0MsgPendingCallback
 .text.HAL_CAN_ErrorCallback
                0x08001b54       0x54 Src\can.o
                0x08001b54                HAL_CAN_ErrorCallback
 .text.connexion_MQTT
                0x08001ba8       0x48 Src\connexion_mqtt.o
                0x08001ba8                connexion_MQTT
 .text.subscribe_topic_MQTT
                0x08001bf0       0x3c Src\connexion_mqtt.o
                0x08001bf0                subscribe_topic_MQTT
 .text.configuration_MQTT
                0x08001c2c       0x48 Src\connexion_mqtt.o
                0x08001c2c                configuration_MQTT
 .text.event_init
                0x08001c74       0x18 Src\event_buffer.o
                0x08001c74                event_init
 .text.SystemClock_Config
                0x08001c8c       0xac Src\main.o
                0x08001c8c                SystemClock_Config
 .text.startup.main
                0x08001d38      0x1b8 Src\main.o
                0x08001d38                main
 .text._Error_Handler
                0x08001ef0        0x2 Src\main.o
                0x08001ef0                _Error_Handler
 *fill*         0x08001ef2        0x2 
 .text.init     0x08001ef4       0x14 Src\ring_buffer.o
                0x08001ef4                init
 .text.cmd_funcArgs
                0x08001f08       0xd0 Src\spwf04WiFi.o
 .text.get_cmd_id
                0x08001fd8       0x3c Src\spwf04WiFi.o
                0x08001fd8                get_cmd_id
 .text.get_cmd_string
                0x08002014       0x34 Src\spwf04WiFi.o
                0x08002014                get_cmd_string
 .text.run_spi_cmd
                0x08002048       0x88 Src\spwf04WiFi.o
                0x08002048                run_spi_cmd
 .text.Timer_Config
                0x080020d0       0x50 Src\stm32_spwf_wifi.o
                0x080020d0                Timer_Config
 .text.UART_Configuration
                0x08002120       0x4c Src\stm32_spwf_wifi.o
                0x08002120                UART_Configuration
 .text.WiFi_SPI_Init
                0x0800216c       0x48 Src\stm32_spwf_wifi.o
                0x0800216c                WiFi_SPI_Init
 .text.Enable_SPI_Receiving_Path
                0x080021b4       0x1c Src\stm32_spwf_wifi.o
                0x080021b4                Enable_SPI_Receiving_Path
 .text.Disable_SPI_Receiving_Path
                0x080021d0        0x6 Src\stm32_spwf_wifi.o
                0x080021d0                Disable_SPI_Receiving_Path
 *fill*         0x080021d6        0x2 
 .text.Enable_SPI_CS
                0x080021d8       0x20 Src\stm32_spwf_wifi.o
                0x080021d8                Enable_SPI_CS
 .text.Disable_SPI_CS
                0x080021f8       0x1c Src\stm32_spwf_wifi.o
                0x080021f8                Disable_SPI_CS
 .text.HAL_MspInit
                0x08002214       0x90 Src\stm32f4xx_hal_msp.o
                0x08002214                HAL_MspInit
 .text.HAL_CAN_MspInit
                0x080022a4       0x90 Src\stm32f4xx_hal_msp.o
                0x080022a4                HAL_CAN_MspInit
 .text.HAL_UART_MspInit
                0x08002334       0x50 Src\stm32f4xx_hal_msp.o
                0x08002334                HAL_UART_MspInit
 .text.HAL_UART_MspDeInit
                0x08002384       0x28 Src\stm32f4xx_hal_msp.o
                0x08002384                HAL_UART_MspDeInit
 .text.NMI_Handler
                0x080023ac        0x2 Src\stm32f4xx_it.o
                0x080023ac                NMI_Handler
 .text.HardFault_Handler
                0x080023ae        0x2 Src\stm32f4xx_it.o
                0x080023ae                HardFault_Handler
 .text.MemManage_Handler
                0x080023b0        0x2 Src\stm32f4xx_it.o
                0x080023b0                MemManage_Handler
 .text.BusFault_Handler
                0x080023b2        0x2 Src\stm32f4xx_it.o
                0x080023b2                BusFault_Handler
 .text.UsageFault_Handler
                0x080023b4        0x2 Src\stm32f4xx_it.o
                0x080023b4                UsageFault_Handler
 .text.SVC_Handler
                0x080023b6        0x2 Src\stm32f4xx_it.o
                0x080023b6                SVC_Handler
 .text.DebugMon_Handler
                0x080023b8        0x2 Src\stm32f4xx_it.o
                0x080023b8                DebugMon_Handler
 .text.PendSV_Handler
                0x080023ba        0x2 Src\stm32f4xx_it.o
                0x080023ba                PendSV_Handler
 .text.SysTick_Handler
                0x080023bc        0xe Src\stm32f4xx_it.o
                0x080023bc                SysTick_Handler
 *fill*         0x080023ca        0x2 
 .text.CAN1_SCE_IRQHandler
                0x080023cc        0xc Src\stm32f4xx_it.o
                0x080023cc                CAN1_SCE_IRQHandler
 .text.CAN1_RX1_IRQHandler
                0x080023d8        0x4 Src\stm32f4xx_it.o
                0x080023d8                CAN1_RX1_IRQHandler
 .text.CAN1_RX0_IRQHandler
                0x080023dc        0x4 Src\stm32f4xx_it.o
                0x080023dc                CAN1_RX0_IRQHandler
 .text.CAN1_TX_IRQHandler
                0x080023e0        0x4 Src\stm32f4xx_it.o
                0x080023e0                CAN1_TX_IRQHandler
 .text.BSP_LED_On
                0x080023e4       0x14 Src\stm32f4xx_nucleo.o
                0x080023e4                BSP_LED_On
 .text.SystemInit
                0x080023f8       0x4c Src\system_stm32f4xx.o
                0x080023f8                SystemInit
 .text.SystemCoreClockUpdate
                0x08002444       0x74 Src\system_stm32f4xx.o
                0x08002444                SystemCoreClockUpdate
 .text.wifi_connect
                0x080024b8      0x1a8 Src\wifi_interface.o
                0x080024b8                wifi_connect
 .text.wifi_wakeup
                0x08002660       0x54 Src\wifi_interface.o
                0x08002660                wifi_wakeup
 .text.wifi_init
                0x080026b4      0x158 Src\wifi_interface.o
                0x080026b4                wifi_init
 .text.Set_WiFi_Control_Variables
                0x0800280c       0x78 Src\wifi_module.o
                0x0800280c                Set_WiFi_Control_Variables
 .text.Set_WiFi_Counter_Variables
                0x08002884       0x68 Src\wifi_module.o
                0x08002884                Set_WiFi_Counter_Variables
 .text.wifi_reset
                0x080028ec       0x9c Src\wifi_module.o
                0x080028ec                wifi_reset
 .text.Start_Timer
                0x08002988       0x14 Src\wifi_module.o
                0x08002988                Start_Timer
 .text.USART_Receive_AT_Resp
                0x0800299c       0x24 Src\wifi_module.o
                0x0800299c                USART_Receive_AT_Resp
 .text.Reset_AT_CMD_Buffer
                0x080029c0       0x10 Src\wifi_module.o
                0x080029c0                Reset_AT_CMD_Buffer
 .text.wifi_firmware_middleware_version_compatibility
                0x080029d0       0x9c Src\wifi_module.o
                0x080029d0                wifi_firmware_middleware_version_compatibility
 .text.WiFi_UART_Error_Handler
                0x08002a6c        0x6 Src\wifi_module.o
                0x08002a6c                WiFi_UART_Error_Handler
 *fill*         0x08002a72        0x2 
 .text.WiFi_Module_Init
                0x08002a74       0x78 Src\wifi_module.o
                0x08002a74                WiFi_Module_Init
 .text.SET_Configuration_Addr
                0x08002aec       0x54 Src\wifi_module.o
                0x08002aec                SET_Configuration_Addr
 .text.SET_Configuration_Value
                0x08002b40       0x30 Src\wifi_module.o
                0x08002b40                SET_Configuration_Value
 .text.SET_SSID
                0x08002b70       0x58 Src\wifi_module.o
                0x08002b70                SET_SSID
 .text.SET_WiFi_SecKey
                0x08002bc8       0x48 Src\wifi_module.o
                0x08002bc8                SET_WiFi_SecKey
 .text.SPI_Transmit_Manager
                0x08002c10       0xf0 Src\wifi_module_spi.o
                0x08002c10                SPI_Transmit_Manager
 .text.TransmitClosure
                0x08002d00       0x34 Src\wifi_module_spi.o
                0x08002d00                TransmitClosure
 .text.SPI_Transmit_Manager_Poll
                0x08002d34       0x2c Src\wifi_module_spi.o
                0x08002d34                SPI_Transmit_Manager_Poll
 .text.SPI_Send_AT_Command
                0x08002d60       0x50 Src\wifi_module_spi.o
                0x08002d60                SPI_Send_AT_Command
 .text.Reset_Handler
                0x08002db0       0x50 startup\startup_stm32f446xx.o
                0x08002db0                Reset_Handler
 .text.Default_Handler
                0x08002e00        0x2 startup\startup_stm32f446xx.o
                0x08002e00                RTC_Alarm_IRQHandler
                0x08002e00                EXTI2_IRQHandler
                0x08002e00                TIM8_CC_IRQHandler
                0x08002e00                SPI4_IRQHandler
                0x08002e00                TIM1_CC_IRQHandler
                0x08002e00                DMA2_Stream5_IRQHandler
                0x08002e00                DMA1_Stream5_IRQHandler
                0x08002e00                PVD_IRQHandler
                0x08002e00                SDIO_IRQHandler
                0x08002e00                TAMP_STAMP_IRQHandler
                0x08002e00                CAN2_RX1_IRQHandler
                0x08002e00                EXTI3_IRQHandler
                0x08002e00                TIM8_TRG_COM_TIM14_IRQHandler
                0x08002e00                TIM1_UP_TIM10_IRQHandler
                0x08002e00                TIM8_UP_TIM13_IRQHandler
                0x08002e00                I2C3_ER_IRQHandler
                0x08002e00                FMPI2C1_Event_IRQHandler
                0x08002e00                EXTI0_IRQHandler
                0x08002e00                I2C2_EV_IRQHandler
                0x08002e00                DMA1_Stream2_IRQHandler
                0x08002e00                FPU_IRQHandler
                0x08002e00                OTG_HS_WKUP_IRQHandler
                0x08002e00                CAN2_SCE_IRQHandler
                0x08002e00                DMA2_Stream2_IRQHandler
                0x08002e00                SPI1_IRQHandler
                0x08002e00                TIM6_DAC_IRQHandler
                0x08002e00                TIM1_BRK_TIM9_IRQHandler
                0x08002e00                DCMI_IRQHandler
                0x08002e00                CAN2_RX0_IRQHandler
                0x08002e00                DMA2_Stream3_IRQHandler
                0x08002e00                SAI2_IRQHandler
                0x08002e00                USART6_IRQHandler
                0x08002e00                USART3_IRQHandler
                0x08002e00                UART5_IRQHandler
                0x08002e00                DMA2_Stream0_IRQHandler
                0x08002e00                TIM4_IRQHandler
                0x08002e00                QUADSPI_IRQHandler
                0x08002e00                I2C1_EV_IRQHandler
                0x08002e00                DMA1_Stream6_IRQHandler
                0x08002e00                DMA1_Stream1_IRQHandler
                0x08002e00                UART4_IRQHandler
                0x08002e00                TIM3_IRQHandler
                0x08002e00                RCC_IRQHandler
                0x08002e00                TIM8_BRK_TIM12_IRQHandler
                0x08002e00                Default_Handler
                0x08002e00                CEC_IRQHandler
                0x08002e00                EXTI15_10_IRQHandler
                0x08002e00                ADC_IRQHandler
                0x08002e00                DMA1_Stream7_IRQHandler
                0x08002e00                TIM7_IRQHandler
                0x08002e00                CAN2_TX_IRQHandler
                0x08002e00                TIM5_IRQHandler
                0x08002e00                DMA2_Stream7_IRQHandler
                0x08002e00                I2C3_EV_IRQHandler
                0x08002e00                EXTI9_5_IRQHandler
                0x08002e00                RTC_WKUP_IRQHandler
                0x08002e00                SPDIF_RX_IRQHandler
                0x08002e00                SPI2_IRQHandler
                0x08002e00                OTG_HS_EP1_IN_IRQHandler
                0x08002e00                DMA1_Stream0_IRQHandler
                0x08002e00                EXTI4_IRQHandler
                0x08002e00                OTG_HS_EP1_OUT_IRQHandler
                0x08002e00                WWDG_IRQHandler
                0x08002e00                TIM2_IRQHandler
                0x08002e00                OTG_FS_WKUP_IRQHandler
                0x08002e00                TIM1_TRG_COM_TIM11_IRQHandler
                0x08002e00                OTG_HS_IRQHandler
                0x08002e00                EXTI1_IRQHandler
                0x08002e00                USART2_IRQHandler
                0x08002e00                I2C2_ER_IRQHandler
                0x08002e00                DMA2_Stream1_IRQHandler
                0x08002e00                FLASH_IRQHandler
                0x08002e00                DMA2_Stream4_IRQHandler
                0x08002e00                USART1_IRQHandler
                0x08002e00                OTG_FS_IRQHandler
                0x08002e00                SPI3_IRQHandler
                0x08002e00                DMA1_Stream4_IRQHandler
                0x08002e00                I2C1_ER_IRQHandler
                0x08002e00                FMC_IRQHandler
                0x08002e00                DMA2_Stream6_IRQHandler
                0x08002e00                SAI1_IRQHandler
                0x08002e00                DMA1_Stream3_IRQHandler
                0x08002e00                FMPI2C1_Error_IRQHandler
 .text.atoi     0x08002e02        0x8 c:/program files (x86)/atollic/truestudio for stm32 9.1.0/armtools/bin/../lib/gcc/arm-atollic-eabi/6.3.1/../../../../arm-atollic-eabi/lib/armv7e-m/fpu\libc_nano.a(lib_a-atoi.o)
                0x08002e02                atoi
 *fill*         0x08002e0a        0x2 
 .text.__sflush_r
                0x08002e0c      0x110 c:/program files (x86)/atollic/truestudio for stm32 9.1.0/armtools/bin/../lib/gcc/arm-atollic-eabi/6.3.1/../../../../arm-atollic-eabi/lib/armv7e-m/fpu\libc_nano.a(lib_a-fflush.o)
                0x08002e0c                __sflush_r
 .text._fflush_r
                0x08002f1c       0x54 c:/program files (x86)/atollic/truestudio for stm32 9.1.0/armtools/bin/../lib/gcc/arm-atollic-eabi/6.3.1/../../../../arm-atollic-eabi/lib/armv7e-m/fpu\libc_nano.a(lib_a-fflush.o)
                0x08002f1c                _fflush_r
 .text.fflush   0x08002f70       0x24 c:/program files (x86)/atollic/truestudio for stm32 9.1.0/armtools/bin/../lib/gcc/arm-atollic-eabi/6.3.1/../../../../arm-atollic-eabi/lib/armv7e-m/fpu\libc_nano.a(lib_a-fflush.o)
                0x08002f70                fflush
 .text._cleanup_r
                0x08002f94        0xc c:/program files (x86)/atollic/truestudio for stm32 9.1.0/armtools/bin/../lib/gcc/arm-atollic-eabi/6.3.1/../../../../arm-atollic-eabi/lib/armv7e-m/fpu\libc_nano.a(lib_a-findfp.o)
                0x08002f94                _cleanup_r
 .text.std.isra.0
                0x08002fa0       0x48 c:/program files (x86)/atollic/truestudio for stm32 9.1.0/armtools/bin/../lib/gcc/arm-atollic-eabi/6.3.1/../../../../arm-atollic-eabi/lib/armv7e-m/fpu\libc_nano.a(lib_a-findfp.o)
 .text.__sfmoreglue
                0x08002fe8       0x2c c:/program files (x86)/atollic/truestudio for stm32 9.1.0/armtools/bin/../lib/gcc/arm-atollic-eabi/6.3.1/../../../../arm-atollic-eabi/lib/armv7e-m/fpu\libc_nano.a(lib_a-findfp.o)
                0x08002fe8                __sfmoreglue
 .text.__sinit  0x08003014       0x60 c:/program files (x86)/atollic/truestudio for stm32 9.1.0/armtools/bin/../lib/gcc/arm-atollic-eabi/6.3.1/../../../../arm-atollic-eabi/lib/armv7e-m/fpu\libc_nano.a(lib_a-findfp.o)
                0x08003014                __sinit
 .text.__sfp    0x08003074       0x78 c:/program files (x86)/atollic/truestudio for stm32 9.1.0/armtools/bin/../lib/gcc/arm-atollic-eabi/6.3.1/../../../../arm-atollic-eabi/lib/armv7e-m/fpu\libc_nano.a(lib_a-findfp.o)
                0x08003074                __sfp
 .text._fwalk_reent
                0x080030ec       0x3c c:/program files (x86)/atollic/truestudio for stm32 9.1.0/armtools/bin/../lib/gcc/arm-atollic-eabi/6.3.1/../../../../arm-atollic-eabi/lib/armv7e-m/fpu\libc_nano.a(lib_a-fwalk.o)
                0x080030ec                _fwalk_reent
 .text.__libc_init_array
                0x08003128       0x48 c:/program files (x86)/atollic/truestudio for stm32 9.1.0/armtools/bin/../lib/gcc/arm-atollic-eabi/6.3.1/../../../../arm-atollic-eabi/lib/armv7e-m/fpu\libc_nano.a(lib_a-init.o)
                0x08003128                __libc_init_array
 .text.memcpy   0x08003170       0x16 c:/program files (x86)/atollic/truestudio for stm32 9.1.0/armtools/bin/../lib/gcc/arm-atollic-eabi/6.3.1/../../../../arm-atollic-eabi/lib/armv7e-m/fpu\libc_nano.a(lib_a-memcpy-stub.o)
                0x08003170                memcpy
 .text.memset   0x08003186       0x10 c:/program files (x86)/atollic/truestudio for stm32 9.1.0/armtools/bin/../lib/gcc/arm-atollic-eabi/6.3.1/../../../../arm-atollic-eabi/lib/armv7e-m/fpu\libc_nano.a(lib_a-memset.o)
                0x08003186                memset
 *fill*         0x08003196        0x2 
 .text._free_r  0x08003198       0x9c c:/program files (x86)/atollic/truestudio for stm32 9.1.0/armtools/bin/../lib/gcc/arm-atollic-eabi/6.3.1/../../../../arm-atollic-eabi/lib/armv7e-m/fpu\libc_nano.a(lib_a-nano-freer.o)
                0x08003198                _free_r
 .text._malloc_r
                0x08003234       0xbc c:/program files (x86)/atollic/truestudio for stm32 9.1.0/armtools/bin/../lib/gcc/arm-atollic-eabi/6.3.1/../../../../arm-atollic-eabi/lib/armv7e-m/fpu\libc_nano.a(lib_a-nano-mallocr.o)
                0x08003234                _malloc_r
 .text.printf   0x080032f0       0x30 c:/program files (x86)/atollic/truestudio for stm32 9.1.0/armtools/bin/../lib/gcc/arm-atollic-eabi/6.3.1/../../../../arm-atollic-eabi/lib/armv7e-m/fpu\libc_nano.a(lib_a-printf.o)
                0x080032f0                iprintf
                0x080032f0                printf
 .text._puts_r  0x08003320       0xb8 c:/program files (x86)/atollic/truestudio for stm32 9.1.0/armtools/bin/../lib/gcc/arm-atollic-eabi/6.3.1/../../../../arm-atollic-eabi/lib/armv7e-m/fpu\libc_nano.a(lib_a-puts.o)
                0x08003320                _puts_r
 .text.puts     0x080033d8       0x10 c:/program files (x86)/atollic/truestudio for stm32 9.1.0/armtools/bin/../lib/gcc/arm-atollic-eabi/6.3.1/../../../../arm-atollic-eabi/lib/armv7e-m/fpu\libc_nano.a(lib_a-puts.o)
                0x080033d8                puts
 .text._sbrk_r  0x080033e8       0x20 c:/program files (x86)/atollic/truestudio for stm32 9.1.0/armtools/bin/../lib/gcc/arm-atollic-eabi/6.3.1/../../../../arm-atollic-eabi/lib/armv7e-m/fpu\libc_nano.a(lib_a-sbrkr.o)
                0x080033e8                _sbrk_r
 .text.sprintf  0x08003408       0x48 c:/program files (x86)/atollic/truestudio for stm32 9.1.0/armtools/bin/../lib/gcc/arm-atollic-eabi/6.3.1/../../../../arm-atollic-eabi/lib/armv7e-m/fpu\libc_nano.a(lib_a-sprintf.o)
                0x08003408                siprintf
                0x08003408                sprintf
 .text.sscanf   0x08003450       0x54 c:/program files (x86)/atollic/truestudio for stm32 9.1.0/armtools/bin/../lib/gcc/arm-atollic-eabi/6.3.1/../../../../arm-atollic-eabi/lib/armv7e-m/fpu\libc_nano.a(lib_a-sscanf.o)
                0x08003450                siscanf
                0x08003450                sscanf
 .text.__sread  0x080034a4       0x22 c:/program files (x86)/atollic/truestudio for stm32 9.1.0/armtools/bin/../lib/gcc/arm-atollic-eabi/6.3.1/../../../../arm-atollic-eabi/lib/armv7e-m/fpu\libc_nano.a(lib_a-stdio.o)
                0x080034a4                __sread
 .text.__seofread
                0x080034c6        0x4 c:/program files (x86)/atollic/truestudio for stm32 9.1.0/armtools/bin/../lib/gcc/arm-atollic-eabi/6.3.1/../../../../arm-atollic-eabi/lib/armv7e-m/fpu\libc_nano.a(lib_a-stdio.o)
                0x080034c6                __seofread
 .text.__swrite
                0x080034ca       0x38 c:/program files (x86)/atollic/truestudio for stm32 9.1.0/armtools/bin/../lib/gcc/arm-atollic-eabi/6.3.1/../../../../arm-atollic-eabi/lib/armv7e-m/fpu\libc_nano.a(lib_a-stdio.o)
                0x080034ca                __swrite
 .text.__sseek  0x08003502       0x24 c:/program files (x86)/atollic/truestudio for stm32 9.1.0/armtools/bin/../lib/gcc/arm-atollic-eabi/6.3.1/../../../../arm-atollic-eabi/lib/armv7e-m/fpu\libc_nano.a(lib_a-stdio.o)
                0x08003502                __sseek
 .text.__sclose
                0x08003526        0x8 c:/program files (x86)/atollic/truestudio for stm32 9.1.0/armtools/bin/../lib/gcc/arm-atollic-eabi/6.3.1/../../../../arm-atollic-eabi/lib/armv7e-m/fpu\libc_nano.a(lib_a-stdio.o)
                0x08003526                __sclose
 .text.strchr   0x0800352e       0x1c c:/program files (x86)/atollic/truestudio for stm32 9.1.0/armtools/bin/../lib/gcc/arm-atollic-eabi/6.3.1/../../../../arm-atollic-eabi/lib/armv7e-m/fpu\libc_nano.a(lib_a-strchr.o)
                0x0800352e                strchr
 .text.strcpy   0x0800354a       0x10 c:/program files (x86)/atollic/truestudio for stm32 9.1.0/armtools/bin/../lib/gcc/arm-atollic-eabi/6.3.1/../../../../arm-atollic-eabi/lib/armv7e-m/fpu\libc_nano.a(lib_a-strcpy.o)
                0x0800354a                strcpy
 .text.strncasecmp
                0x0800355a       0x4e c:/program files (x86)/atollic/truestudio for stm32 9.1.0/armtools/bin/../lib/gcc/arm-atollic-eabi/6.3.1/../../../../arm-atollic-eabi/lib/armv7e-m/fpu\libc_nano.a(lib_a-strncasecmp.o)
                0x0800355a                strncasecmp
 .text.strrchr  0x080035a8       0x26 c:/program files (x86)/atollic/truestudio for stm32 9.1.0/armtools/bin/../lib/gcc/arm-atollic-eabi/6.3.1/../../../../arm-atollic-eabi/lib/armv7e-m/fpu\libc_nano.a(lib_a-strrchr.o)
                0x080035a8                strrchr
 .text.strstr   0x080035ce       0x36 c:/program files (x86)/atollic/truestudio for stm32 9.1.0/armtools/bin/../lib/gcc/arm-atollic-eabi/6.3.1/../../../../arm-atollic-eabi/lib/armv7e-m/fpu\libc_nano.a(lib_a-strstr.o)
                0x080035ce                strstr
 .text.strtok   0x08003604       0x54 c:/program files (x86)/atollic/truestudio for stm32 9.1.0/armtools/bin/../lib/gcc/arm-atollic-eabi/6.3.1/../../../../arm-atollic-eabi/lib/armv7e-m/fpu\libc_nano.a(lib_a-strtok.o)
                0x08003604                strtok
 .text.__strtok_r
                0x08003658       0x52 c:/program files (x86)/atollic/truestudio for stm32 9.1.0/armtools/bin/../lib/gcc/arm-atollic-eabi/6.3.1/../../../../arm-atollic-eabi/lib/armv7e-m/fpu\libc_nano.a(lib_a-strtok_r.o)
                0x08003658                __strtok_r
 .text._strtol_l.isra.0
                0x080036aa      0x100 c:/program files (x86)/atollic/truestudio for stm32 9.1.0/armtools/bin/../lib/gcc/arm-atollic-eabi/6.3.1/../../../../arm-atollic-eabi/lib/armv7e-m/fpu\libc_nano.a(lib_a-strtol.o)
 *fill*         0x080037aa        0x2 
 .text._strtol_r
                0x080037ac       0x24 c:/program files (x86)/atollic/truestudio for stm32 9.1.0/armtools/bin/../lib/gcc/arm-atollic-eabi/6.3.1/../../../../arm-atollic-eabi/lib/armv7e-m/fpu\libc_nano.a(lib_a-strtol.o)
                0x080037ac                _strtol_r
 .text.strtol   0x080037d0       0x2c c:/program files (x86)/atollic/truestudio for stm32 9.1.0/armtools/bin/../lib/gcc/arm-atollic-eabi/6.3.1/../../../../arm-atollic-eabi/lib/armv7e-m/fpu\libc_nano.a(lib_a-strtol.o)
                0x080037d0                strtol
 .text.__swbuf_r
                0x080037fc       0xa4 c:/program files (x86)/atollic/truestudio for stm32 9.1.0/armtools/bin/../lib/gcc/arm-atollic-eabi/6.3.1/../../../../arm-atollic-eabi/lib/armv7e-m/fpu\libc_nano.a(lib_a-wbuf.o)
                0x080037fc                __swbuf_r
 .text._write_r
                0x080038a0       0x24 c:/program files (x86)/atollic/truestudio for stm32 9.1.0/armtools/bin/../lib/gcc/arm-atollic-eabi/6.3.1/../../../../arm-atollic-eabi/lib/armv7e-m/fpu\libc_nano.a(lib_a-writer.o)
                0x080038a0                _write_r
 .text.__swsetup_r
                0x080038c4       0xdc c:/program files (x86)/atollic/truestudio for stm32 9.1.0/armtools/bin/../lib/gcc/arm-atollic-eabi/6.3.1/../../../../arm-atollic-eabi/lib/armv7e-m/fpu\libc_nano.a(lib_a-wsetup.o)
                0x080038c4                __swsetup_r
 .text._close_r
                0x080039a0       0x20 c:/program files (x86)/atollic/truestudio for stm32 9.1.0/armtools/bin/../lib/gcc/arm-atollic-eabi/6.3.1/../../../../arm-atollic-eabi/lib/armv7e-m/fpu\libc_nano.a(lib_a-closer.o)
                0x080039a0                _close_r
 .text.__locale_ctype_ptr_l
                0x080039c0        0x6 c:/program files (x86)/atollic/truestudio for stm32 9.1.0/armtools/bin/../lib/gcc/arm-atollic-eabi/6.3.1/../../../../arm-atollic-eabi/lib/armv7e-m/fpu\libc_nano.a(lib_a-locale.o)
                0x080039c0                __locale_ctype_ptr_l
 *fill*         0x080039c6        0x2 
 .text.__locale_ctype_ptr
                0x080039c8       0x1c c:/program files (x86)/atollic/truestudio for stm32 9.1.0/armtools/bin/../lib/gcc/arm-atollic-eabi/6.3.1/../../../../arm-atollic-eabi/lib/armv7e-m/fpu\libc_nano.a(lib_a-locale.o)
                0x080039c8                __locale_ctype_ptr
 .text._lseek_r
                0x080039e4       0x24 c:/program files (x86)/atollic/truestudio for stm32 9.1.0/armtools/bin/../lib/gcc/arm-atollic-eabi/6.3.1/../../../../arm-atollic-eabi/lib/armv7e-m/fpu\libc_nano.a(lib_a-lseekr.o)
                0x080039e4                _lseek_r
 .text.__swhatbuf_r
                0x08003a08       0x48 c:/program files (x86)/atollic/truestudio for stm32 9.1.0/armtools/bin/../lib/gcc/arm-atollic-eabi/6.3.1/../../../../arm-atollic-eabi/lib/armv7e-m/fpu\libc_nano.a(lib_a-makebuf.o)
                0x08003a08                __swhatbuf_r
 .text.__smakebuf_r
                0x08003a50       0x80 c:/program files (x86)/atollic/truestudio for stm32 9.1.0/armtools/bin/../lib/gcc/arm-atollic-eabi/6.3.1/../../../../arm-atollic-eabi/lib/armv7e-m/fpu\libc_nano.a(lib_a-makebuf.o)
                0x08003a50                __smakebuf_r
 .text.malloc   0x08003ad0       0x10 c:/program files (x86)/atollic/truestudio for stm32 9.1.0/armtools/bin/../lib/gcc/arm-atollic-eabi/6.3.1/../../../../arm-atollic-eabi/lib/armv7e-m/fpu\libc_nano.a(lib_a-malloc.o)
                0x08003ad0                malloc
 .text.__ascii_mbtowc
                0x08003ae0       0x24 c:/program files (x86)/atollic/truestudio for stm32 9.1.0/armtools/bin/../lib/gcc/arm-atollic-eabi/6.3.1/../../../../arm-atollic-eabi/lib/armv7e-m/fpu\libc_nano.a(lib_a-mbtowc_r.o)
                0x08003ae0                __ascii_mbtowc
 .text.__malloc_lock
                0x08003b04        0x2 c:/program files (x86)/atollic/truestudio for stm32 9.1.0/armtools/bin/../lib/gcc/arm-atollic-eabi/6.3.1/../../../../arm-atollic-eabi/lib/armv7e-m/fpu\libc_nano.a(lib_a-mlock.o)
                0x08003b04                __malloc_lock
 .text.__malloc_unlock
                0x08003b06        0x2 c:/program files (x86)/atollic/truestudio for stm32 9.1.0/armtools/bin/../lib/gcc/arm-atollic-eabi/6.3.1/../../../../arm-atollic-eabi/lib/armv7e-m/fpu\libc_nano.a(lib_a-mlock.o)
                0x08003b06                __malloc_unlock
 .text.__ssputs_r
                0x08003b08       0xb6 c:/program files (x86)/atollic/truestudio for stm32 9.1.0/armtools/bin/../lib/gcc/arm-atollic-eabi/6.3.1/../../../../arm-atollic-eabi/lib/armv7e-m/fpu\libc_nano.a(lib_a-nano-svfprintf.o)
                0x08003b08                __ssputs_r
 *fill*         0x08003bbe        0x2 
 .text._svfprintf_r
                0x08003bc0      0x1e8 c:/program files (x86)/atollic/truestudio for stm32 9.1.0/armtools/bin/../lib/gcc/arm-atollic-eabi/6.3.1/../../../../arm-atollic-eabi/lib/armv7e-m/fpu\libc_nano.a(lib_a-nano-svfprintf.o)
                0x08003bc0                _svfiprintf_r
                0x08003bc0                _svfprintf_r
 .text._sungetc_r
                0x08003da8       0x7a c:/program files (x86)/atollic/truestudio for stm32 9.1.0/armtools/bin/../lib/gcc/arm-atollic-eabi/6.3.1/../../../../arm-atollic-eabi/lib/armv7e-m/fpu\libc_nano.a(lib_a-nano-svfscanf.o)
                0x08003da8                _sungetc_r
 .text.__ssrefill_r
                0x08003e22       0x3a c:/program files (x86)/atollic/truestudio for stm32 9.1.0/armtools/bin/../lib/gcc/arm-atollic-eabi/6.3.1/../../../../arm-atollic-eabi/lib/armv7e-m/fpu\libc_nano.a(lib_a-nano-svfscanf.o)
                0x08003e22                __ssrefill_r
 .text.__ssvfscanf_r
                0x08003e5c      0x2a8 c:/program files (x86)/atollic/truestudio for stm32 9.1.0/armtools/bin/../lib/gcc/arm-atollic-eabi/6.3.1/../../../../arm-atollic-eabi/lib/armv7e-m/fpu\libc_nano.a(lib_a-nano-svfscanf.o)
                0x08003e5c                __ssvfiscanf_r
                0x08003e5c                __ssvfscanf_r
 .text.__sfputc_r
                0x08004104       0x30 c:/program files (x86)/atollic/truestudio for stm32 9.1.0/armtools/bin/../lib/gcc/arm-atollic-eabi/6.3.1/../../../../arm-atollic-eabi/lib/armv7e-m/fpu\libc_nano.a(lib_a-nano-vfprintf.o)
 .text.__sfputs_r
                0x08004134       0x24 c:/program files (x86)/atollic/truestudio for stm32 9.1.0/armtools/bin/../lib/gcc/arm-atollic-eabi/6.3.1/../../../../arm-atollic-eabi/lib/armv7e-m/fpu\libc_nano.a(lib_a-nano-vfprintf.o)
                0x08004134                __sfputs_r
 .text._vfprintf_r
                0x08004158      0x22c c:/program files (x86)/atollic/truestudio for stm32 9.1.0/armtools/bin/../lib/gcc/arm-atollic-eabi/6.3.1/../../../../arm-atollic-eabi/lib/armv7e-m/fpu\libc_nano.a(lib_a-nano-vfprintf.o)
                0x08004158                _vfprintf_r
                0x08004158                _vfiprintf_r
 .text._printf_common
                0x08004384       0xec c:/program files (x86)/atollic/truestudio for stm32 9.1.0/armtools/bin/../lib/gcc/arm-atollic-eabi/6.3.1/../../../../arm-atollic-eabi/lib/armv7e-m/fpu\libc_nano.a(lib_a-nano-vfprintf_i.o)
                0x08004384                _printf_common
 .text._printf_i
                0x08004470      0x240 c:/program files (x86)/atollic/truestudio for stm32 9.1.0/armtools/bin/../lib/gcc/arm-atollic-eabi/6.3.1/../../../../arm-atollic-eabi/lib/armv7e-m/fpu\libc_nano.a(lib_a-nano-vfprintf_i.o)
                0x08004470                _printf_i
 .text._scanf_chars
                0x080046b0       0xc8 c:/program files (x86)/atollic/truestudio for stm32 9.1.0/armtools/bin/../lib/gcc/arm-atollic-eabi/6.3.1/../../../../arm-atollic-eabi/lib/armv7e-m/fpu\libc_nano.a(lib_a-nano-vfscanf_i.o)
                0x080046b0                _scanf_chars
 .text._scanf_i
                0x08004778      0x1e8 c:/program files (x86)/atollic/truestudio for stm32 9.1.0/armtools/bin/../lib/gcc/arm-atollic-eabi/6.3.1/../../../../arm-atollic-eabi/lib/armv7e-m/fpu\libc_nano.a(lib_a-nano-vfscanf_i.o)
                0x08004778                _scanf_i
 .text._read_r  0x08004960       0x24 c:/program files (x86)/atollic/truestudio for stm32 9.1.0/armtools/bin/../lib/gcc/arm-atollic-eabi/6.3.1/../../../../arm-atollic-eabi/lib/armv7e-m/fpu\libc_nano.a(lib_a-readr.o)
                0x08004960                _read_r
 .text.__sccl   0x08004984       0x60 c:/program files (x86)/atollic/truestudio for stm32 9.1.0/armtools/bin/../lib/gcc/arm-atollic-eabi/6.3.1/../../../../arm-atollic-eabi/lib/armv7e-m/fpu\libc_nano.a(lib_a-sccl.o)
                0x08004984                __sccl
 .text._strtoul_l.isra.0
                0x080049e4       0xfa c:/program files (x86)/atollic/truestudio for stm32 9.1.0/armtools/bin/../lib/gcc/arm-atollic-eabi/6.3.1/../../../../arm-atollic-eabi/lib/armv7e-m/fpu\libc_nano.a(lib_a-strtoul.o)
 *fill*         0x08004ade        0x2 
 .text._strtoul_r
                0x08004ae0       0x24 c:/program files (x86)/atollic/truestudio for stm32 9.1.0/armtools/bin/../lib/gcc/arm-atollic-eabi/6.3.1/../../../../arm-atollic-eabi/lib/armv7e-m/fpu\libc_nano.a(lib_a-strtoul.o)
                0x08004ae0                _strtoul_r
 .text.__submore
                0x08004b04       0x76 c:/program files (x86)/atollic/truestudio for stm32 9.1.0/armtools/bin/../lib/gcc/arm-atollic-eabi/6.3.1/../../../../arm-atollic-eabi/lib/armv7e-m/fpu\libc_nano.a(lib_a-ungetc.o)
                0x08004b04                __submore
 .text.__ascii_wctomb
                0x08004b7a       0x1a c:/program files (x86)/atollic/truestudio for stm32 9.1.0/armtools/bin/../lib/gcc/arm-atollic-eabi/6.3.1/../../../../arm-atollic-eabi/lib/armv7e-m/fpu\libc_nano.a(lib_a-wctomb_r.o)
                0x08004b7a                __ascii_wctomb
 .text._fstat_r
                0x08004b94       0x24 c:/program files (x86)/atollic/truestudio for stm32 9.1.0/armtools/bin/../lib/gcc/arm-atollic-eabi/6.3.1/../../../../arm-atollic-eabi/lib/armv7e-m/fpu\libc_nano.a(lib_a-fstatr.o)
                0x08004b94                _fstat_r
 .text._isatty_r
                0x08004bb8       0x20 c:/program files (x86)/atollic/truestudio for stm32 9.1.0/armtools/bin/../lib/gcc/arm-atollic-eabi/6.3.1/../../../../arm-atollic-eabi/lib/armv7e-m/fpu\libc_nano.a(lib_a-isattyr.o)
                0x08004bb8                _isatty_r
 .text.memmove  0x08004bd8       0x34 c:/program files (x86)/atollic/truestudio for stm32 9.1.0/armtools/bin/../lib/gcc/arm-atollic-eabi/6.3.1/../../../../arm-atollic-eabi/lib/armv7e-m/fpu\libc_nano.a(lib_a-memmove.o)
                0x08004bd8                memmove
 .text._realloc_r
                0x08004c0c       0x4c c:/program files (x86)/atollic/truestudio for stm32 9.1.0/armtools/bin/../lib/gcc/arm-atollic-eabi/6.3.1/../../../../arm-atollic-eabi/lib/armv7e-m/fpu\libc_nano.a(lib_a-nano-reallocr.o)
                0x08004c0c                _realloc_r
 .text._malloc_usable_size_r
                0x08004c58       0x12 c:/program files (x86)/atollic/truestudio for stm32 9.1.0/armtools/bin/../lib/gcc/arm-atollic-eabi/6.3.1/../../../../arm-atollic-eabi/lib/armv7e-m/fpu\libc_nano.a(lib_a-nano-msizer.o)
                0x08004c58                _malloc_usable_size_r
 *fill*         0x08004c6a        0x2 
 .text._close   0x08004c6c       0x10 c:/program files (x86)/atollic/truestudio for stm32 9.1.0/armtools/bin/../lib/gcc/arm-atollic-eabi/6.3.1/../../../../arm-atollic-eabi/lib/armv7e-m/fpu\libnosys.a(close.o)
                0x08004c6c                _close
 .text._fstat   0x08004c7c       0x10 c:/program files (x86)/atollic/truestudio for stm32 9.1.0/armtools/bin/../lib/gcc/arm-atollic-eabi/6.3.1/../../../../arm-atollic-eabi/lib/armv7e-m/fpu\libnosys.a(fstat.o)
                0x08004c7c                _fstat
 .text._isatty  0x08004c8c       0x10 c:/program files (x86)/atollic/truestudio for stm32 9.1.0/armtools/bin/../lib/gcc/arm-atollic-eabi/6.3.1/../../../../arm-atollic-eabi/lib/armv7e-m/fpu\libnosys.a(isatty.o)
                0x08004c8c                _isatty
 .text._lseek   0x08004c9c       0x10 c:/program files (x86)/atollic/truestudio for stm32 9.1.0/armtools/bin/../lib/gcc/arm-atollic-eabi/6.3.1/../../../../arm-atollic-eabi/lib/armv7e-m/fpu\libnosys.a(lseek.o)
                0x08004c9c                _lseek
 .text._read    0x08004cac       0x10 c:/program files (x86)/atollic/truestudio for stm32 9.1.0/armtools/bin/../lib/gcc/arm-atollic-eabi/6.3.1/../../../../arm-atollic-eabi/lib/armv7e-m/fpu\libnosys.a(read.o)
                0x08004cac                _read
 .text._sbrk    0x08004cbc       0x1c c:/program files (x86)/atollic/truestudio for stm32 9.1.0/armtools/bin/../lib/gcc/arm-atollic-eabi/6.3.1/../../../../arm-atollic-eabi/lib/armv7e-m/fpu\libnosys.a(sbrk.o)
                0x08004cbc                _sbrk
 .text._write   0x08004cd8       0x10 c:/program files (x86)/atollic/truestudio for stm32 9.1.0/armtools/bin/../lib/gcc/arm-atollic-eabi/6.3.1/../../../../arm-atollic-eabi/lib/armv7e-m/fpu\libnosys.a(write.o)
                0x08004cd8                _write
 *(.glue_7)
 .glue_7        0x08004ce8        0x0 linker stubs
 *(.glue_7t)
 .glue_7t       0x08004ce8        0x0 linker stubs
 *(.eh_frame)
 .eh_frame      0x08004ce8        0x0 c:/program files (x86)/atollic/truestudio for stm32 9.1.0/armtools/bin/../lib/gcc/arm-atollic-eabi/6.3.1/armv7e-m/fpu/crtbegin.o
 *(.init)
 .init          0x08004ce8        0x4 c:/program files (x86)/atollic/truestudio for stm32 9.1.0/armtools/bin/../lib/gcc/arm-atollic-eabi/6.3.1/armv7e-m/fpu/crti.o
                0x08004ce8                _init
 .init          0x08004cec        0x8 c:/program files (x86)/atollic/truestudio for stm32 9.1.0/armtools/bin/../lib/gcc/arm-atollic-eabi/6.3.1/armv7e-m/fpu/crtn.o
 *(.fini)
 .fini          0x08004cf4        0x4 c:/program files (x86)/atollic/truestudio for stm32 9.1.0/armtools/bin/../lib/gcc/arm-atollic-eabi/6.3.1/armv7e-m/fpu/crti.o
                0x08004cf4                _fini
 .fini          0x08004cf8        0x8 c:/program files (x86)/atollic/truestudio for stm32 9.1.0/armtools/bin/../lib/gcc/arm-atollic-eabi/6.3.1/armv7e-m/fpu/crtn.o
                0x08004d00                . = ALIGN (0x4)
                0x08004d00                _etext = .

.vfp11_veneer   0x08004d00        0x0
 .vfp11_veneer  0x08004d00        0x0 linker stubs

.v4_bx          0x08004d00        0x0
 .v4_bx         0x08004d00        0x0 linker stubs

.iplt           0x08004d00        0x0
 .iplt          0x08004d00        0x0 c:/program files (x86)/atollic/truestudio for stm32 9.1.0/armtools/bin/../lib/gcc/arm-atollic-eabi/6.3.1/armv7e-m/fpu/crtbegin.o

.rodata         0x08004d00     0x1f00
                0x08004d00                . = ALIGN (0x4)
 *(.rodata)
 .rodata        0x08004d00        0xc c:/program files (x86)/atollic/truestudio for stm32 9.1.0/armtools/bin/../lib/gcc/arm-atollic-eabi/6.3.1/../../../../arm-atollic-eabi/lib/armv7e-m/fpu\libc_nano.a(lib_a-nano-vfscanf_i.o)
 *(.rodata*)
 .rodata.HAL_CAN_ErrorCallback.str1.1
                0x08004d0c       0x51 Src\can.o
 .rodata.HAL_CAN_RxFifo0MsgPendingCallback.str1.1
                0x08004d5d       0x77 Src\can.o
 .rodata.configuration_MQTT.str1.1
                0x08004dd4       0x19 Src\connexion_mqtt.o
                                 0x1b (size before relaxing)
 .rodata.connexion_MQTT.str1.1
                0x08004ded       0x65 Src\connexion_mqtt.o
 .rodata.subscribe_topic_MQTT.str1.1
                0x08004e52       0x16 Src\connexion_mqtt.o
 .rodata.traitement_message.str1.1
                0x08004e68       0x67 Src\connexion_mqtt.o
                                 0x83 (size before relaxing)
 .rodata.main.str1.1
                0x08004ecf       0x5a Src\main.o
 .rodata.cmd_funcArgs.str1.1
                0x08004f29        0x5 Src\spwf04WiFi.o
                                  0x7 (size before relaxing)
 *fill*         0x08004f2e        0x2 
 .rodata.cmds   0x08004f30      0x5dc Src\spwf04WiFi.o
 .rodata.get_cmd_id.str1.1
                0x0800550c       0x19 Src\spwf04WiFi.o
 .rodata.run_spi_cmd.str1.1
                0x08005525        0xe Src\spwf04WiFi.o
                                 0x11 (size before relaxing)
 .rodata.str1.1
                0x08005533     0x1142 Src\spwf04WiFi.o
                               0x1145 (size before relaxing)
 .rodata.Timer_Config.str1.1
                0x08006675       0x19 Src\stm32_spwf_wifi.o
 .rodata.AHBPrescTable
                0x0800668e       0x10 Src\system_stm32f4xx.o
                0x0800668e                AHBPrescTable
 .rodata.APBPrescTable
                0x0800669e        0x8 Src\system_stm32f4xx.o
                0x0800669e                APBPrescTable
 .rodata.str1.1
                0x080066a6       0x41 Src\wifi_globals.o
 .rodata.wifi_ap_start.str1.1
                0x080066e7       0x53 Src\wifi_interface.o
 .rodata.wifi_connect.str1.1
                0x0800673a      0x11d Src\wifi_interface.o
 .rodata.wifi_init.str1.1
                0x08006857       0xac Src\wifi_interface.o
                                 0xc0 (size before relaxing)
 .rodata.SET_Configuration_Addr.str1.1
                0x08006903       0x26 Src\wifi_module.o
 .rodata.SET_Configuration_Value.str1.1
                0x08006929       0x10 Src\wifi_module.o
 .rodata.SET_SSID.str1.1
                0x08006939       0x55 Src\wifi_module.o
 .rodata.SET_WiFi_SecKey.str1.1
                0x0800698e       0x4e Src\wifi_module.o
 .rodata.WiFi_Module_Init.str1.1
                0x080069dc       0x4e Src\wifi_module.o
                                  0x6 (size before relaxing)
 .rodata.wifi_firmware_middleware_version_compatibility.str1.1
                0x080069dc       0x5e Src\wifi_module.o
 .rodata.SPI_Send_AT_Command.str1.1
                0x08006a3a        0x9 Src\wifi_module_spi.o
 *fill*         0x08006a43        0x1 
 .rodata.__sf_fake_stderr
                0x08006a44       0x20 c:/program files (x86)/atollic/truestudio for stm32 9.1.0/armtools/bin/../lib/gcc/arm-atollic-eabi/6.3.1/../../../../arm-atollic-eabi/lib/armv7e-m/fpu\libc_nano.a(lib_a-findfp.o)
                0x08006a44                __sf_fake_stderr
 .rodata.__sf_fake_stdin
                0x08006a64       0x20 c:/program files (x86)/atollic/truestudio for stm32 9.1.0/armtools/bin/../lib/gcc/arm-atollic-eabi/6.3.1/../../../../arm-atollic-eabi/lib/armv7e-m/fpu\libc_nano.a(lib_a-findfp.o)
                0x08006a64                __sf_fake_stdin
 .rodata.__sf_fake_stdout
                0x08006a84       0x20 c:/program files (x86)/atollic/truestudio for stm32 9.1.0/armtools/bin/../lib/gcc/arm-atollic-eabi/6.3.1/../../../../arm-atollic-eabi/lib/armv7e-m/fpu\libc_nano.a(lib_a-findfp.o)
                0x08006a84                __sf_fake_stdout
 .rodata._global_impure_ptr
                0x08006aa4        0x4 c:/program files (x86)/atollic/truestudio for stm32 9.1.0/armtools/bin/../lib/gcc/arm-atollic-eabi/6.3.1/../../../../arm-atollic-eabi/lib/armv7e-m/fpu\libc_nano.a(lib_a-impure.o)
                0x08006aa4                _global_impure_ptr
 .rodata._setlocale_r.str1.1
                0x08006aa8        0x6 c:/program files (x86)/atollic/truestudio for stm32 9.1.0/armtools/bin/../lib/gcc/arm-atollic-eabi/6.3.1/../../../../arm-atollic-eabi/lib/armv7e-m/fpu\libc_nano.a(lib_a-locale.o)
                                  0x9 (size before relaxing)
 .rodata.str1.1
                0x08006aae        0x6 c:/program files (x86)/atollic/truestudio for stm32 9.1.0/armtools/bin/../lib/gcc/arm-atollic-eabi/6.3.1/../../../../arm-atollic-eabi/lib/armv7e-m/fpu\libc_nano.a(lib_a-locale.o)
                                  0x2 (size before relaxing)
 .rodata._svfprintf_r.str1.1
                0x08006aae       0x11 c:/program files (x86)/atollic/truestudio for stm32 9.1.0/armtools/bin/../lib/gcc/arm-atollic-eabi/6.3.1/../../../../arm-atollic-eabi/lib/armv7e-m/fpu\libc_nano.a(lib_a-nano-svfprintf.o)
 .rodata.__ssvfscanf_r.str1.1
                0x08006abf        0x4 c:/program files (x86)/atollic/truestudio for stm32 9.1.0/armtools/bin/../lib/gcc/arm-atollic-eabi/6.3.1/../../../../arm-atollic-eabi/lib/armv7e-m/fpu\libc_nano.a(lib_a-nano-svfscanf.o)
 .rodata._vfprintf_r.str1.1
                0x08006abf       0x11 c:/program files (x86)/atollic/truestudio for stm32 9.1.0/armtools/bin/../lib/gcc/arm-atollic-eabi/6.3.1/../../../../arm-atollic-eabi/lib/armv7e-m/fpu\libc_nano.a(lib_a-nano-vfprintf.o)
 .rodata._printf_i.str1.1
                0x08006abf       0x22 c:/program files (x86)/atollic/truestudio for stm32 9.1.0/armtools/bin/../lib/gcc/arm-atollic-eabi/6.3.1/../../../../arm-atollic-eabi/lib/armv7e-m/fpu\libc_nano.a(lib_a-nano-vfprintf_i.o)
 .rodata._scanf_i.str1.1
                0x08006ae1       0x12 c:/program files (x86)/atollic/truestudio for stm32 9.1.0/armtools/bin/../lib/gcc/arm-atollic-eabi/6.3.1/../../../../arm-atollic-eabi/lib/armv7e-m/fpu\libc_nano.a(lib_a-nano-vfscanf_i.o)
 .rodata.str1.1
                0x08006af3        0x9 c:/program files (x86)/atollic/truestudio for stm32 9.1.0/armtools/bin/../lib/gcc/arm-atollic-eabi/6.3.1/../../../../arm-atollic-eabi/lib/armv7e-m/fpu\libc_nano.a(lib_a-nano-vfscanf_i.o)
 .rodata._ctype_
                0x08006afc      0x101 c:/program files (x86)/atollic/truestudio for stm32 9.1.0/armtools/bin/../lib/gcc/arm-atollic-eabi/6.3.1/../../../../arm-atollic-eabi/lib/armv7e-m/fpu\libc_nano.a(lib_a-ctype_.o)
                0x08006afc                _ctype_
                0x08006c00                . = ALIGN (0x4)
 *fill*         0x08006bfd        0x3 

.ARM.extab
 *(.ARM.extab* .gnu.linkonce.armextab.*)

.ARM            0x08006c00        0x8
                0x08006c00                __exidx_start = .
 *(.ARM.exidx*)
 .ARM.exidx     0x08006c00        0x8 c:/program files (x86)/atollic/truestudio for stm32 9.1.0/armtools/bin/../lib/gcc/arm-atollic-eabi/6.3.1/armv7e-m/fpu\libgcc.a(_udivmoddi4.o)
                0x08006c08                __exidx_end = .

.rel.dyn        0x08006c08        0x0
 .rel.iplt      0x08006c08        0x0 c:/program files (x86)/atollic/truestudio for stm32 9.1.0/armtools/bin/../lib/gcc/arm-atollic-eabi/6.3.1/armv7e-m/fpu/crtbegin.o

.preinit_array  0x08006c08        0x0
                0x08006c08                PROVIDE (__preinit_array_start, .)
 *(.preinit_array*)
                0x08006c08                PROVIDE (__preinit_array_end, .)

.init_array     0x08006c08        0x4
                0x08006c08                PROVIDE (__init_array_start, .)
 *(SORT(.init_array.*))
 *(.init_array*)
 .init_array    0x08006c08        0x4 c:/program files (x86)/atollic/truestudio for stm32 9.1.0/armtools/bin/../lib/gcc/arm-atollic-eabi/6.3.1/armv7e-m/fpu/crtbegin.o
                0x08006c0c                PROVIDE (__init_array_end, .)

.fini_array     0x08006c0c        0x4
                [!provide]                PROVIDE (__fini_array_start, .)
 *(SORT(.fini_array.*))
 *(.fini_array*)
 .fini_array    0x08006c0c        0x4 c:/program files (x86)/atollic/truestudio for stm32 9.1.0/armtools/bin/../lib/gcc/arm-atollic-eabi/6.3.1/armv7e-m/fpu/crtbegin.o
                [!provide]                PROVIDE (__fini_array_end, .)
                0x08006c10                _sidata = LOADADDR (.data)

.data           0x20000000      0x1ec load address 0x08006c10
                0x20000000                . = ALIGN (0x4)
                0x20000000                _sdata = .
 *(.data)
 *(.data*)
 .data.uwTickFreq
                0x20000000        0x1 Drivers\STM32F4xx_HAL_Driver\Src\stm32f4xx_hal.o
                0x20000000                uwTickFreq
 *fill*         0x20000001        0x3 
 .data.uwTickPrio
                0x20000004        0x4 Drivers\STM32F4xx_HAL_Driver\Src\stm32f4xx_hal.o
                0x20000004                uwTickPrio
 .data.baud_rate
                0x20000008        0x4 Src\main.o
                0x20000008                baud_rate
 .data.GPIO_PORT
                0x2000000c        0x4 Src\stm32f4xx_nucleo.o
                0x2000000c                GPIO_PORT
 .data.SystemCoreClock
                0x20000010        0x4 Src\system_stm32f4xx.o
                0x20000010                SystemCoreClock
 .data.SW_FW_COMPATIBILITY
                0x20000014        0x8 Src\wifi_globals.o
                0x20000014                SW_FW_COMPATIBILITY
 .data._impure_ptr
                0x2000001c        0x4 c:/program files (x86)/atollic/truestudio for stm32 9.1.0/armtools/bin/../lib/gcc/arm-atollic-eabi/6.3.1/../../../../arm-atollic-eabi/lib/armv7e-m/fpu\libc_nano.a(lib_a-impure.o)
                0x2000001c                _impure_ptr
 .data.impure_data
                0x20000020       0x60 c:/program files (x86)/atollic/truestudio for stm32 9.1.0/armtools/bin/../lib/gcc/arm-atollic-eabi/6.3.1/../../../../arm-atollic-eabi/lib/armv7e-m/fpu\libc_nano.a(lib_a-impure.o)
 .data.__global_locale
                0x20000080      0x16c c:/program files (x86)/atollic/truestudio for stm32 9.1.0/armtools/bin/../lib/gcc/arm-atollic-eabi/6.3.1/../../../../arm-atollic-eabi/lib/armv7e-m/fpu\libc_nano.a(lib_a-locale.o)
                0x20000080                __global_locale
                0x200001ec                . = ALIGN (0x4)
                0x200001ec                _edata = .

.igot.plt       0x200001ec        0x0 load address 0x08006dfc
 .igot.plt      0x200001ec        0x0 c:/program files (x86)/atollic/truestudio for stm32 9.1.0/armtools/bin/../lib/gcc/arm-atollic-eabi/6.3.1/armv7e-m/fpu/crtbegin.o
                0x200001ec                . = ALIGN (0x4)

.bss            0x200001ec     0x22a4 load address 0x08006dfc
                0x200001ec                _sbss = .
                0x200001ec                __bss_start__ = _sbss
 *(.bss)
 .bss           0x200001ec       0x1c c:/program files (x86)/atollic/truestudio for stm32 9.1.0/armtools/bin/../lib/gcc/arm-atollic-eabi/6.3.1/armv7e-m/fpu/crtbegin.o
 *(.bss*)
 .bss.MQTT_connected
                0x20000208        0x1 Src\connexion_mqtt.o
                0x20000208                MQTT_connected
 *fill*         0x20000209        0x1 
 .bss.event_buffer
                0x2000020a      0x190 Src\event_buffer.o
 .bss.ring_buffer
                0x2000039a      0x400 Src\ring_buffer.o
 *fill*         0x2000079a        0x2 
 .bss.uwPrescalerValue
                0x2000079c        0x4 Src\stm32_spwf_wifi.o
                0x2000079c                uwPrescalerValue
 .bss.wifi_connected
                0x200007a0        0x1 Src\wifi_globals.o
                0x200007a0                wifi_connected
 *fill*         0x200007a1        0x3 
 .bss.__malloc_free_list
                0x200007a4        0x4 c:/program files (x86)/atollic/truestudio for stm32 9.1.0/armtools/bin/../lib/gcc/arm-atollic-eabi/6.3.1/../../../../arm-atollic-eabi/lib/armv7e-m/fpu\libc_nano.a(lib_a-nano-mallocr.o)
                0x200007a4                __malloc_free_list
 .bss.__malloc_sbrk_start
                0x200007a8        0x4 c:/program files (x86)/atollic/truestudio for stm32 9.1.0/armtools/bin/../lib/gcc/arm-atollic-eabi/6.3.1/../../../../arm-atollic-eabi/lib/armv7e-m/fpu\libc_nano.a(lib_a-nano-mallocr.o)
                0x200007a8                __malloc_sbrk_start
 .bss.heap_end.5239
                0x200007ac        0x4 c:/program files (x86)/atollic/truestudio for stm32 9.1.0/armtools/bin/../lib/gcc/arm-atollic-eabi/6.3.1/../../../../arm-atollic-eabi/lib/armv7e-m/fpu\libnosys.a(sbrk.o)
 *(COMMON)
 COMMON         0x200007b0        0x4 Drivers\STM32F4xx_HAL_Driver\Src\stm32f4xx_hal.o
                0x200007b0                uwTick
 COMMON         0x200007b4       0xb0 Src\can.o
                0x200007b4                TxData
                0x200007bc                TxMailbox
                0x200007c0                RxData
                0x200007c8                huart2
                0x20000808                hcan1
                0x20000830                TxHeader
                0x20000848                RxHeader
 COMMON         0x20000864       0x90 Src\main.o
                0x20000864                wifi_ip_addr
                0x20000878                wifi_state
                0x2000087c                UART_MsgHandle
                0x200008bc                config
 COMMON         0x200008f4     0x171c Src\wifi_globals.o
                0x200008f4                client_connected_on_server_socket
                0x20000904                IO_status_flag
                0x2000091c                UartMsgHandle
                0x20000920                wifi_scanned_list
                0x20000924                UserDataBuff
                0x20000b24                UartWiFiHandle
                0x20000b64                packet_payload_data_available
                0x20000b65                WiFi_Control_Variables
                0x20000b70                WiFi_Counter_Variables
                0x20000c6c                WiFi_SPI_Packet
                0x20000cec                open_sockets
                0x20000cf4                PushTimHandle
                0x20000d30                open_web_socket
                0x20000d34                SpiHandle
                0x20000d8c                dma_buffer
                0x2000158c                element
                0x20001594                Client_Socket_Close_Callback
                0x2000159c                WiFi_Config_Variables
                0x200015d0                WiFi_AT_Cmd_Buff
                0x20001dd0                pop_buffer
                0x20001fd0                open_server_sockets
                0x20001fd4                TimHandle
 COMMON         0x20002010       0x4c Src\wifi_module.o
                0x20002010                ssidpourconnect
                0x20002014                keypourconnect
                0x20002018                wifi_instances
 COMMON         0x2000205c      0x42d Src\wifi_module_spi.o
                0x2000205c                SPI_Tx_Transfer
                0x2000205e                http_packet_len
                0x20002060                tx_header_size
                0x20002064                payload_size_to_transmit
                0x20002068                tx_header_data
                0x2000206c                payload_len
                0x2000206e                sync
                0x20002070                payload_read_len
                0x20002072                Received_Header
                0x20002077                Spi_Transmit_Event
                0x20002078                wind_no
                0x20002079                Spi_Receive_Event
                0x2000207a                tx_payload_size
                0x2000207b                kind_of_event
                0x2000207c                tx_payload_data
                0x20002080                packet_cont
                0x20002082                payload_to_read
                0x20002084                dataBuff
                0x20002484                dummy_Header
 *fill*         0x20002489        0x3 
 COMMON         0x2000248c        0x4 c:/program files (x86)/atollic/truestudio for stm32 9.1.0/armtools/bin/../lib/gcc/arm-atollic-eabi/6.3.1/../../../../arm-atollic-eabi/lib/armv7e-m/fpu\libc_nano.a(lib_a-reent.o)
                0x2000248c                errno
                0x20002490                . = ALIGN (0x4)
                0x20002490                _ebss = .
                0x20002490                __bss_end__ = _ebss

._user_heap_stack
                0x20002490      0x600 load address 0x08006dfc
                0x20002490                . = ALIGN (0x4)
                0x20002490                PROVIDE (end, .)
                [!provide]                PROVIDE (_end, .)
                0x20002690                . = (. + _Min_Heap_Size)
 *fill*         0x20002490      0x200 
                0x20002a90                . = (. + _Min_Stack_Size)
 *fill*         0x20002690      0x400 
                0x20002a90                . = ALIGN (0x4)

/DISCARD/
 libc.a(*)
 libm.a(*)
 libgcc.a(*)

.ARM.attributes
                0x00000000       0x30
 *(.ARM.attributes)
 .ARM.attributes
                0x00000000       0x22 c:/program files (x86)/atollic/truestudio for stm32 9.1.0/armtools/bin/../lib/gcc/arm-atollic-eabi/6.3.1/armv7e-m/fpu/crti.o
 .ARM.attributes
                0x00000022       0x34 c:/program files (x86)/atollic/truestudio for stm32 9.1.0/armtools/bin/../lib/gcc/arm-atollic-eabi/6.3.1/armv7e-m/fpu/crtbegin.o
 .ARM.attributes
                0x00000056       0x39 Drivers\STM32F4xx_HAL_Driver\Src\stm32f4xx_hal.o
 .ARM.attributes
                0x0000008f       0x39 Drivers\STM32F4xx_HAL_Driver\Src\stm32f4xx_hal_can.o
 .ARM.attributes
                0x000000c8       0x39 Drivers\STM32F4xx_HAL_Driver\Src\stm32f4xx_hal_cortex.o
 .ARM.attributes
                0x00000101       0x39 Drivers\STM32F4xx_HAL_Driver\Src\stm32f4xx_hal_gpio.o
 .ARM.attributes
                0x0000013a       0x39 Drivers\STM32F4xx_HAL_Driver\Src\stm32f4xx_hal_rcc.o
 .ARM.attributes
                0x00000173       0x39 Drivers\STM32F4xx_HAL_Driver\Src\stm32f4xx_hal_rcc_ex.o
 .ARM.attributes
                0x000001ac       0x39 Drivers\STM32F4xx_HAL_Driver\Src\stm32f4xx_hal_tim.o
 .ARM.attributes
                0x000001e5       0x39 Drivers\STM32F4xx_HAL_Driver\Src\stm32f4xx_hal_uart.o
 .ARM.attributes
                0x0000021e       0x39 Src\can.o
 .ARM.attributes
                0x00000257       0x39 Src\connexion_mqtt.o
 .ARM.attributes
                0x00000290       0x39 Src\event_buffer.o
 .ARM.attributes
                0x000002c9       0x39 Src\main.o
 .ARM.attributes
                0x00000302       0x39 Src\ring_buffer.o
 .ARM.attributes
                0x0000033b       0x39 Src\spwf04WiFi.o
 .ARM.attributes
                0x00000374       0x39 Src\stm32_spwf_wifi.o
 .ARM.attributes
                0x000003ad       0x39 Src\stm32f4xx_hal_msp.o
 .ARM.attributes
                0x000003e6       0x39 Src\stm32f4xx_it.o
 .ARM.attributes
                0x0000041f       0x39 Src\stm32f4xx_nucleo.o
 .ARM.attributes
                0x00000458       0x39 Src\system_stm32f4xx.o
 .ARM.attributes
                0x00000491       0x39 Src\wifi_globals.o
 .ARM.attributes
                0x000004ca       0x39 Src\wifi_interface.o
 .ARM.attributes
                0x00000503       0x39 Src\wifi_module.o
 .ARM.attributes
                0x0000053c       0x39 Src\wifi_module_spi.o
 .ARM.attributes
                0x00000575       0x21 startup\startup_stm32f446xx.o
 .ARM.attributes
                0x00000596       0x34 c:/program files (x86)/atollic/truestudio for stm32 9.1.0/armtools/bin/../lib/gcc/arm-atollic-eabi/6.3.1/../../../../arm-atollic-eabi/lib/armv7e-m/fpu\libc_nano.a(lib_a-atoi.o)
 .ARM.attributes
                0x000005ca       0x34 c:/program files (x86)/atollic/truestudio for stm32 9.1.0/armtools/bin/../lib/gcc/arm-atollic-eabi/6.3.1/../../../../arm-atollic-eabi/lib/armv7e-m/fpu\libc_nano.a(lib_a-fflush.o)
 .ARM.attributes
                0x000005fe       0x34 c:/program files (x86)/atollic/truestudio for stm32 9.1.0/armtools/bin/../lib/gcc/arm-atollic-eabi/6.3.1/../../../../arm-atollic-eabi/lib/armv7e-m/fpu\libc_nano.a(lib_a-findfp.o)
 .ARM.attributes
                0x00000632       0x34 c:/program files (x86)/atollic/truestudio for stm32 9.1.0/armtools/bin/../lib/gcc/arm-atollic-eabi/6.3.1/../../../../arm-atollic-eabi/lib/armv7e-m/fpu\libc_nano.a(lib_a-fwalk.o)
 .ARM.attributes
                0x00000666       0x34 c:/program files (x86)/atollic/truestudio for stm32 9.1.0/armtools/bin/../lib/gcc/arm-atollic-eabi/6.3.1/../../../../arm-atollic-eabi/lib/armv7e-m/fpu\libc_nano.a(lib_a-impure.o)
 .ARM.attributes
                0x0000069a       0x34 c:/program files (x86)/atollic/truestudio for stm32 9.1.0/armtools/bin/../lib/gcc/arm-atollic-eabi/6.3.1/../../../../arm-atollic-eabi/lib/armv7e-m/fpu\libc_nano.a(lib_a-init.o)
 .ARM.attributes
                0x000006ce       0x20 c:/program files (x86)/atollic/truestudio for stm32 9.1.0/armtools/bin/../lib/gcc/arm-atollic-eabi/6.3.1/../../../../arm-atollic-eabi/lib/armv7e-m/fpu\libc_nano.a(lib_a-memchr.o)
 .ARM.attributes
                0x000006ee       0x34 c:/program files (x86)/atollic/truestudio for stm32 9.1.0/armtools/bin/../lib/gcc/arm-atollic-eabi/6.3.1/../../../../arm-atollic-eabi/lib/armv7e-m/fpu\libc_nano.a(lib_a-memcpy-stub.o)
 .ARM.attributes
                0x00000722       0x34 c:/program files (x86)/atollic/truestudio for stm32 9.1.0/armtools/bin/../lib/gcc/arm-atollic-eabi/6.3.1/../../../../arm-atollic-eabi/lib/armv7e-m/fpu\libc_nano.a(lib_a-memset.o)
 .ARM.attributes
                0x00000756       0x34 c:/program files (x86)/atollic/truestudio for stm32 9.1.0/armtools/bin/../lib/gcc/arm-atollic-eabi/6.3.1/../../../../arm-atollic-eabi/lib/armv7e-m/fpu\libc_nano.a(lib_a-nano-freer.o)
 .ARM.attributes
                0x0000078a       0x34 c:/program files (x86)/atollic/truestudio for stm32 9.1.0/armtools/bin/../lib/gcc/arm-atollic-eabi/6.3.1/../../../../arm-atollic-eabi/lib/armv7e-m/fpu\libc_nano.a(lib_a-nano-mallocr.o)
 .ARM.attributes
                0x000007be       0x34 c:/program files (x86)/atollic/truestudio for stm32 9.1.0/armtools/bin/../lib/gcc/arm-atollic-eabi/6.3.1/../../../../arm-atollic-eabi/lib/armv7e-m/fpu\libc_nano.a(lib_a-printf.o)
 .ARM.attributes
                0x000007f2       0x34 c:/program files (x86)/atollic/truestudio for stm32 9.1.0/armtools/bin/../lib/gcc/arm-atollic-eabi/6.3.1/../../../../arm-atollic-eabi/lib/armv7e-m/fpu\libc_nano.a(lib_a-puts.o)
 .ARM.attributes
                0x00000826       0x34 c:/program files (x86)/atollic/truestudio for stm32 9.1.0/armtools/bin/../lib/gcc/arm-atollic-eabi/6.3.1/../../../../arm-atollic-eabi/lib/armv7e-m/fpu\libc_nano.a(lib_a-sbrkr.o)
 .ARM.attributes
                0x0000085a       0x34 c:/program files (x86)/atollic/truestudio for stm32 9.1.0/armtools/bin/../lib/gcc/arm-atollic-eabi/6.3.1/../../../../arm-atollic-eabi/lib/armv7e-m/fpu\libc_nano.a(lib_a-sprintf.o)
 .ARM.attributes
                0x0000088e       0x34 c:/program files (x86)/atollic/truestudio for stm32 9.1.0/armtools/bin/../lib/gcc/arm-atollic-eabi/6.3.1/../../../../arm-atollic-eabi/lib/armv7e-m/fpu\libc_nano.a(lib_a-sscanf.o)
 .ARM.attributes
                0x000008c2       0x34 c:/program files (x86)/atollic/truestudio for stm32 9.1.0/armtools/bin/../lib/gcc/arm-atollic-eabi/6.3.1/../../../../arm-atollic-eabi/lib/armv7e-m/fpu\libc_nano.a(lib_a-stdio.o)
 .ARM.attributes
                0x000008f6       0x34 c:/program files (x86)/atollic/truestudio for stm32 9.1.0/armtools/bin/../lib/gcc/arm-atollic-eabi/6.3.1/../../../../arm-atollic-eabi/lib/armv7e-m/fpu\libc_nano.a(lib_a-strchr.o)
 .ARM.attributes
                0x0000092a       0x20 c:/program files (x86)/atollic/truestudio for stm32 9.1.0/armtools/bin/../lib/gcc/arm-atollic-eabi/6.3.1/../../../../arm-atollic-eabi/lib/armv7e-m/fpu\libc_nano.a(lib_a-strcmp.o)
 .ARM.attributes
                0x0000094a       0x34 c:/program files (x86)/atollic/truestudio for stm32 9.1.0/armtools/bin/../lib/gcc/arm-atollic-eabi/6.3.1/../../../../arm-atollic-eabi/lib/armv7e-m/fpu\libc_nano.a(lib_a-strcpy.o)
 .ARM.attributes
                0x0000097e       0x1b c:/program files (x86)/atollic/truestudio for stm32 9.1.0/armtools/bin/../lib/gcc/arm-atollic-eabi/6.3.1/../../../../arm-atollic-eabi/lib/armv7e-m/fpu\libc_nano.a(lib_a-strlen.o)
 .ARM.attributes
                0x00000999       0x34 c:/program files (x86)/atollic/truestudio for stm32 9.1.0/armtools/bin/../lib/gcc/arm-atollic-eabi/6.3.1/../../../../arm-atollic-eabi/lib/armv7e-m/fpu\libc_nano.a(lib_a-strncasecmp.o)
 .ARM.attributes
                0x000009cd       0x34 c:/program files (x86)/atollic/truestudio for stm32 9.1.0/armtools/bin/../lib/gcc/arm-atollic-eabi/6.3.1/../../../../arm-atollic-eabi/lib/armv7e-m/fpu\libc_nano.a(lib_a-strrchr.o)
 .ARM.attributes
                0x00000a01       0x34 c:/program files (x86)/atollic/truestudio for stm32 9.1.0/armtools/bin/../lib/gcc/arm-atollic-eabi/6.3.1/../../../../arm-atollic-eabi/lib/armv7e-m/fpu\libc_nano.a(lib_a-strstr.o)
 .ARM.attributes
                0x00000a35       0x34 c:/program files (x86)/atollic/truestudio for stm32 9.1.0/armtools/bin/../lib/gcc/arm-atollic-eabi/6.3.1/../../../../arm-atollic-eabi/lib/armv7e-m/fpu\libc_nano.a(lib_a-strtok.o)
 .ARM.attributes
                0x00000a69       0x34 c:/program files (x86)/atollic/truestudio for stm32 9.1.0/armtools/bin/../lib/gcc/arm-atollic-eabi/6.3.1/../../../../arm-atollic-eabi/lib/armv7e-m/fpu\libc_nano.a(lib_a-strtok_r.o)
 .ARM.attributes
                0x00000a9d       0x34 c:/program files (x86)/atollic/truestudio for stm32 9.1.0/armtools/bin/../lib/gcc/arm-atollic-eabi/6.3.1/../../../../arm-atollic-eabi/lib/armv7e-m/fpu\libc_nano.a(lib_a-strtol.o)
 .ARM.attributes
                0x00000ad1       0x34 c:/program files (x86)/atollic/truestudio for stm32 9.1.0/armtools/bin/../lib/gcc/arm-atollic-eabi/6.3.1/../../../../arm-atollic-eabi/lib/armv7e-m/fpu\libc_nano.a(lib_a-wbuf.o)
 .ARM.attributes
                0x00000b05       0x34 c:/program files (x86)/atollic/truestudio for stm32 9.1.0/armtools/bin/../lib/gcc/arm-atollic-eabi/6.3.1/../../../../arm-atollic-eabi/lib/armv7e-m/fpu\libc_nano.a(lib_a-writer.o)
 .ARM.attributes
                0x00000b39       0x34 c:/program files (x86)/atollic/truestudio for stm32 9.1.0/armtools/bin/../lib/gcc/arm-atollic-eabi/6.3.1/../../../../arm-atollic-eabi/lib/armv7e-m/fpu\libc_nano.a(lib_a-wsetup.o)
 .ARM.attributes
                0x00000b6d       0x34 c:/program files (x86)/atollic/truestudio for stm32 9.1.0/armtools/bin/../lib/gcc/arm-atollic-eabi/6.3.1/../../../../arm-atollic-eabi/lib/armv7e-m/fpu\libc_nano.a(lib_a-closer.o)
 .ARM.attributes
                0x00000ba1       0x34 c:/program files (x86)/atollic/truestudio for stm32 9.1.0/armtools/bin/../lib/gcc/arm-atollic-eabi/6.3.1/../../../../arm-atollic-eabi/lib/armv7e-m/fpu\libc_nano.a(lib_a-locale.o)
 .ARM.attributes
                0x00000bd5       0x34 c:/program files (x86)/atollic/truestudio for stm32 9.1.0/armtools/bin/../lib/gcc/arm-atollic-eabi/6.3.1/../../../../arm-atollic-eabi/lib/armv7e-m/fpu\libc_nano.a(lib_a-lseekr.o)
 .ARM.attributes
                0x00000c09       0x34 c:/program files (x86)/atollic/truestudio for stm32 9.1.0/armtools/bin/../lib/gcc/arm-atollic-eabi/6.3.1/../../../../arm-atollic-eabi/lib/armv7e-m/fpu\libc_nano.a(lib_a-makebuf.o)
 .ARM.attributes
                0x00000c3d       0x34 c:/program files (x86)/atollic/truestudio for stm32 9.1.0/armtools/bin/../lib/gcc/arm-atollic-eabi/6.3.1/../../../../arm-atollic-eabi/lib/armv7e-m/fpu\libc_nano.a(lib_a-malloc.o)
 .ARM.attributes
                0x00000c71       0x34 c:/program files (x86)/atollic/truestudio for stm32 9.1.0/armtools/bin/../lib/gcc/arm-atollic-eabi/6.3.1/../../../../arm-atollic-eabi/lib/armv7e-m/fpu\libc_nano.a(lib_a-mbtowc_r.o)
 .ARM.attributes
                0x00000ca5       0x34 c:/program files (x86)/atollic/truestudio for stm32 9.1.0/armtools/bin/../lib/gcc/arm-atollic-eabi/6.3.1/../../../../arm-atollic-eabi/lib/armv7e-m/fpu\libc_nano.a(lib_a-mlock.o)
 .ARM.attributes
                0x00000cd9       0x34 c:/program files (x86)/atollic/truestudio for stm32 9.1.0/armtools/bin/../lib/gcc/arm-atollic-eabi/6.3.1/../../../../arm-atollic-eabi/lib/armv7e-m/fpu\libc_nano.a(lib_a-nano-svfprintf.o)
 .ARM.attributes
                0x00000d0d       0x34 c:/program files (x86)/atollic/truestudio for stm32 9.1.0/armtools/bin/../lib/gcc/arm-atollic-eabi/6.3.1/../../../../arm-atollic-eabi/lib/armv7e-m/fpu\libc_nano.a(lib_a-nano-svfscanf.o)
 .ARM.attributes
                0x00000d41       0x34 c:/program files (x86)/atollic/truestudio for stm32 9.1.0/armtools/bin/../lib/gcc/arm-atollic-eabi/6.3.1/../../../../arm-atollic-eabi/lib/armv7e-m/fpu\libc_nano.a(lib_a-nano-vfprintf.o)
 .ARM.attributes
                0x00000d75       0x34 c:/program files (x86)/atollic/truestudio for stm32 9.1.0/armtools/bin/../lib/gcc/arm-atollic-eabi/6.3.1/../../../../arm-atollic-eabi/lib/armv7e-m/fpu\libc_nano.a(lib_a-nano-vfprintf_i.o)
 .ARM.attributes
                0x00000da9       0x34 c:/program files (x86)/atollic/truestudio for stm32 9.1.0/armtools/bin/../lib/gcc/arm-atollic-eabi/6.3.1/../../../../arm-atollic-eabi/lib/armv7e-m/fpu\libc_nano.a(lib_a-nano-vfscanf_i.o)
 .ARM.attributes
                0x00000ddd       0x34 c:/program files (x86)/atollic/truestudio for stm32 9.1.0/armtools/bin/../lib/gcc/arm-atollic-eabi/6.3.1/../../../../arm-atollic-eabi/lib/armv7e-m/fpu\libc_nano.a(lib_a-readr.o)
 .ARM.attributes
                0x00000e11       0x34 c:/program files (x86)/atollic/truestudio for stm32 9.1.0/armtools/bin/../lib/gcc/arm-atollic-eabi/6.3.1/../../../../arm-atollic-eabi/lib/armv7e-m/fpu\libc_nano.a(lib_a-reent.o)
 .ARM.attributes
                0x00000e45       0x34 c:/program files (x86)/atollic/truestudio for stm32 9.1.0/armtools/bin/../lib/gcc/arm-atollic-eabi/6.3.1/../../../../arm-atollic-eabi/lib/armv7e-m/fpu\libc_nano.a(lib_a-sccl.o)
 .ARM.attributes
                0x00000e79       0x34 c:/program files (x86)/atollic/truestudio for stm32 9.1.0/armtools/bin/../lib/gcc/arm-atollic-eabi/6.3.1/../../../../arm-atollic-eabi/lib/armv7e-m/fpu\libc_nano.a(lib_a-strtoul.o)
 .ARM.attributes
                0x00000ead       0x34 c:/program files (x86)/atollic/truestudio for stm32 9.1.0/armtools/bin/../lib/gcc/arm-atollic-eabi/6.3.1/../../../../arm-atollic-eabi/lib/armv7e-m/fpu\libc_nano.a(lib_a-ungetc.o)
 .ARM.attributes
                0x00000ee1       0x34 c:/program files (x86)/atollic/truestudio for stm32 9.1.0/armtools/bin/../lib/gcc/arm-atollic-eabi/6.3.1/../../../../arm-atollic-eabi/lib/armv7e-m/fpu\libc_nano.a(lib_a-wctomb_r.o)
 .ARM.attributes
                0x00000f15       0x34 c:/program files (x86)/atollic/truestudio for stm32 9.1.0/armtools/bin/../lib/gcc/arm-atollic-eabi/6.3.1/../../../../arm-atollic-eabi/lib/armv7e-m/fpu\libc_nano.a(lib_a-ctype_.o)
 .ARM.attributes
                0x00000f49       0x34 c:/program files (x86)/atollic/truestudio for stm32 9.1.0/armtools/bin/../lib/gcc/arm-atollic-eabi/6.3.1/../../../../arm-atollic-eabi/lib/armv7e-m/fpu\libc_nano.a(lib_a-fstatr.o)
 .ARM.attributes
                0x00000f7d       0x34 c:/program files (x86)/atollic/truestudio for stm32 9.1.0/armtools/bin/../lib/gcc/arm-atollic-eabi/6.3.1/../../../../arm-atollic-eabi/lib/armv7e-m/fpu\libc_nano.a(lib_a-isattyr.o)
 .ARM.attributes
                0x00000fb1       0x34 c:/program files (x86)/atollic/truestudio for stm32 9.1.0/armtools/bin/../lib/gcc/arm-atollic-eabi/6.3.1/../../../../arm-atollic-eabi/lib/armv7e-m/fpu\libc_nano.a(lib_a-memmove.o)
 .ARM.attributes
                0x00000fe5       0x34 c:/program files (x86)/atollic/truestudio for stm32 9.1.0/armtools/bin/../lib/gcc/arm-atollic-eabi/6.3.1/../../../../arm-atollic-eabi/lib/armv7e-m/fpu\libc_nano.a(lib_a-nano-reallocr.o)
 .ARM.attributes
                0x00001019       0x34 c:/program files (x86)/atollic/truestudio for stm32 9.1.0/armtools/bin/../lib/gcc/arm-atollic-eabi/6.3.1/../../../../arm-atollic-eabi/lib/armv7e-m/fpu\libc_nano.a(lib_a-nano-msizer.o)
 .ARM.attributes
                0x0000104d       0x22 c:/program files (x86)/atollic/truestudio for stm32 9.1.0/armtools/bin/../lib/gcc/arm-atollic-eabi/6.3.1/armv7e-m/fpu\libgcc.a(_aeabi_uldivmod.o)
 .ARM.attributes
                0x0000106f       0x34 c:/program files (x86)/atollic/truestudio for stm32 9.1.0/armtools/bin/../lib/gcc/arm-atollic-eabi/6.3.1/armv7e-m/fpu\libgcc.a(_udivmoddi4.o)
 .ARM.attributes
                0x000010a3       0x22 c:/program files (x86)/atollic/truestudio for stm32 9.1.0/armtools/bin/../lib/gcc/arm-atollic-eabi/6.3.1/armv7e-m/fpu\libgcc.a(_dvmd_tls.o)
 .ARM.attributes
                0x000010c5       0x34 c:/program files (x86)/atollic/truestudio for stm32 9.1.0/armtools/bin/../lib/gcc/arm-atollic-eabi/6.3.1/../../../../arm-atollic-eabi/lib/armv7e-m/fpu\libnosys.a(close.o)
 .ARM.attributes
                0x000010f9       0x34 c:/program files (x86)/atollic/truestudio for stm32 9.1.0/armtools/bin/../lib/gcc/arm-atollic-eabi/6.3.1/../../../../arm-atollic-eabi/lib/armv7e-m/fpu\libnosys.a(fstat.o)
 .ARM.attributes
                0x0000112d       0x34 c:/program files (x86)/atollic/truestudio for stm32 9.1.0/armtools/bin/../lib/gcc/arm-atollic-eabi/6.3.1/../../../../arm-atollic-eabi/lib/armv7e-m/fpu\libnosys.a(isatty.o)
 .ARM.attributes
                0x00001161       0x34 c:/program files (x86)/atollic/truestudio for stm32 9.1.0/armtools/bin/../lib/gcc/arm-atollic-eabi/6.3.1/../../../../arm-atollic-eabi/lib/armv7e-m/fpu\libnosys.a(lseek.o)
 .ARM.attributes
                0x00001195       0x34 c:/program files (x86)/atollic/truestudio for stm32 9.1.0/armtools/bin/../lib/gcc/arm-atollic-eabi/6.3.1/../../../../arm-atollic-eabi/lib/armv7e-m/fpu\libnosys.a(read.o)
 .ARM.attributes
                0x000011c9       0x34 c:/program files (x86)/atollic/truestudio for stm32 9.1.0/armtools/bin/../lib/gcc/arm-atollic-eabi/6.3.1/../../../../arm-atollic-eabi/lib/armv7e-m/fpu\libnosys.a(sbrk.o)
 .ARM.attributes
                0x000011fd       0x34 c:/program files (x86)/atollic/truestudio for stm32 9.1.0/armtools/bin/../lib/gcc/arm-atollic-eabi/6.3.1/../../../../arm-atollic-eabi/lib/armv7e-m/fpu\libnosys.a(write.o)
 .ARM.attributes
                0x00001231       0x22 c:/program files (x86)/atollic/truestudio for stm32 9.1.0/armtools/bin/../lib/gcc/arm-atollic-eabi/6.3.1/armv7e-m/fpu/crtn.o
OUTPUT(test_led2.elf elf32-littlearm)

.debug_info     0x00000000    0x351b1
 .debug_info    0x00000000     0x123e Drivers\STM32F4xx_HAL_Driver\Src\stm32f4xx_hal.o
 .debug_info    0x0000123e     0x17e0 Drivers\STM32F4xx_HAL_Driver\Src\stm32f4xx_hal_can.o
 .debug_info    0x00002a1e     0x1762 Drivers\STM32F4xx_HAL_Driver\Src\stm32f4xx_hal_cortex.o
 .debug_info    0x00004180      0xfd6 Drivers\STM32F4xx_HAL_Driver\Src\stm32f4xx_hal_gpio.o
 .debug_info    0x00005156     0x12a9 Drivers\STM32F4xx_HAL_Driver\Src\stm32f4xx_hal_rcc.o
 .debug_info    0x000063ff     0x13fa Drivers\STM32F4xx_HAL_Driver\Src\stm32f4xx_hal_rcc_ex.o
 .debug_info    0x000077f9     0x3ba2 Drivers\STM32F4xx_HAL_Driver\Src\stm32f4xx_hal_tim.o
 .debug_info    0x0000b39b     0x1ea3 Drivers\STM32F4xx_HAL_Driver\Src\stm32f4xx_hal_uart.o
 .debug_info    0x0000d23e     0x15ce Src\can.o
 .debug_info    0x0000e80c     0x28b3 Src\connexion_mqtt.o
 .debug_info    0x000110bf     0x269a Src\event_buffer.o
 .debug_info    0x00013759     0x36ea Src\main.o
 .debug_info    0x00016e43     0x27c2 Src\ring_buffer.o
 .debug_info    0x00019605     0x2be7 Src\spwf04WiFi.o
 .debug_info    0x0001c1ec     0x32ac Src\stm32_spwf_wifi.o
 .debug_info    0x0001f498     0x1a22 Src\stm32f4xx_hal_msp.o
 .debug_info    0x00020eba      0xdd3 Src\stm32f4xx_it.o
 .debug_info    0x00021c8d     0x12c4 Src\stm32f4xx_nucleo.o
 .debug_info    0x00022f51      0xd50 Src\system_stm32f4xx.o
 .debug_info    0x00023ca1     0x260d Src\wifi_globals.o
 .debug_info    0x000262ae     0x55ef Src\wifi_interface.o
 .debug_info    0x0002b89d     0x55f5 Src\wifi_module.o
 .debug_info    0x00030e92     0x42bd Src\wifi_module_spi.o
 .debug_info    0x0003514f       0x62 startup\startup_stm32f446xx.o

.debug_abbrev   0x00000000     0x4799
 .debug_abbrev  0x00000000      0x308 Drivers\STM32F4xx_HAL_Driver\Src\stm32f4xx_hal.o
 .debug_abbrev  0x00000308      0x380 Drivers\STM32F4xx_HAL_Driver\Src\stm32f4xx_hal_can.o
 .debug_abbrev  0x00000688      0x399 Drivers\STM32F4xx_HAL_Driver\Src\stm32f4xx_hal_cortex.o
 .debug_abbrev  0x00000a21      0x268 Drivers\STM32F4xx_HAL_Driver\Src\stm32f4xx_hal_gpio.o
 .debug_abbrev  0x00000c89      0x353 Drivers\STM32F4xx_HAL_Driver\Src\stm32f4xx_hal_rcc.o
 .debug_abbrev  0x00000fdc      0x295 Drivers\STM32F4xx_HAL_Driver\Src\stm32f4xx_hal_rcc_ex.o
 .debug_abbrev  0x00001271      0x3ac Drivers\STM32F4xx_HAL_Driver\Src\stm32f4xx_hal_tim.o
 .debug_abbrev  0x0000161d      0x397 Drivers\STM32F4xx_HAL_Driver\Src\stm32f4xx_hal_uart.o
 .debug_abbrev  0x000019b4      0x2e0 Src\can.o
 .debug_abbrev  0x00001c94      0x2e5 Src\connexion_mqtt.o
 .debug_abbrev  0x00001f79      0x2e2 Src\event_buffer.o
 .debug_abbrev  0x0000225b      0x396 Src\main.o
 .debug_abbrev  0x000025f1      0x347 Src\ring_buffer.o
 .debug_abbrev  0x00002938      0x311 Src\spwf04WiFi.o
 .debug_abbrev  0x00002c49      0x38f Src\stm32_spwf_wifi.o
 .debug_abbrev  0x00002fd8      0x259 Src\stm32f4xx_hal_msp.o
 .debug_abbrev  0x00003231      0x24d Src\stm32f4xx_it.o
 .debug_abbrev  0x0000347e      0x2ad Src\stm32f4xx_nucleo.o
 .debug_abbrev  0x0000372b      0x1ca Src\system_stm32f4xx.o
 .debug_abbrev  0x000038f5      0x213 Src\wifi_globals.o
 .debug_abbrev  0x00003b08      0x406 Src\wifi_interface.o
 .debug_abbrev  0x00003f0e      0x44f Src\wifi_module.o
 .debug_abbrev  0x0000435d      0x42a Src\wifi_module_spi.o
 .debug_abbrev  0x00004787       0x12 startup\startup_stm32f446xx.o

.debug_loc      0x00000000     0xa323
 .debug_loc     0x00000000      0x11b Drivers\STM32F4xx_HAL_Driver\Src\stm32f4xx_hal.o
 .debug_loc     0x0000011b      0x938 Drivers\STM32F4xx_HAL_Driver\Src\stm32f4xx_hal_can.o
 .debug_loc     0x00000a53      0x4fb Drivers\STM32F4xx_HAL_Driver\Src\stm32f4xx_hal_cortex.o
 .debug_loc     0x00000f4e      0x3cd Drivers\STM32F4xx_HAL_Driver\Src\stm32f4xx_hal_gpio.o
 .debug_loc     0x0000131b      0x336 Drivers\STM32F4xx_HAL_Driver\Src\stm32f4xx_hal_rcc.o
 .debug_loc     0x00001651      0xa31 Drivers\STM32F4xx_HAL_Driver\Src\stm32f4xx_hal_rcc_ex.o
 .debug_loc     0x00002082     0x30b2 Drivers\STM32F4xx_HAL_Driver\Src\stm32f4xx_hal_tim.o
 .debug_loc     0x00005134     0x132c Drivers\STM32F4xx_HAL_Driver\Src\stm32f4xx_hal_uart.o
 .debug_loc     0x00006460      0x1d9 Src\can.o
 .debug_loc     0x00006639      0x25e Src\connexion_mqtt.o
 .debug_loc     0x00006897      0x112 Src\event_buffer.o