Archive member included to satisfy reference by file (symbol)

c:/program files (x86)/atollic/truestudio for stm32 9.1.0/armtools/bin/../lib/gcc/arm-atollic-eabi/6.3.1/../../../../arm-atollic-eabi/lib/armv7e-m/fpu\libc_nano.a(lib_a-atoi.o)
                              Src\spwf04WiFi.o (atoi)
c:/program files (x86)/atollic/truestudio for stm32 9.1.0/armtools/bin/../lib/gcc/arm-atollic-eabi/6.3.1/../../../../arm-atollic-eabi/lib/armv7e-m/fpu\libc_nano.a(lib_a-fflush.o)
                              Src\console.o (fflush)
c:/program files (x86)/atollic/truestudio for stm32 9.1.0/armtools/bin/../lib/gcc/arm-atollic-eabi/6.3.1/../../../../arm-atollic-eabi/lib/armv7e-m/fpu\libc_nano.a(lib_a-findfp.o)
                              c:/program files (x86)/atollic/truestudio for stm32 9.1.0/armtools/bin/../lib/gcc/arm-atollic-eabi/6.3.1/../../../../arm-atollic-eabi/lib/armv7e-m/fpu\libc_nano.a(lib_a-fflush.o) (__sinit)
c:/program files (x86)/atollic/truestudio for stm32 9.1.0/armtools/bin/../lib/gcc/arm-atollic-eabi/6.3.1/../../../../arm-atollic-eabi/lib/armv7e-m/fpu\libc_nano.a(lib_a-fwalk.o)
                              c:/program files (x86)/atollic/truestudio for stm32 9.1.0/armtools/bin/../lib/gcc/arm-atollic-eabi/6.3.1/../../../../arm-atollic-eabi/lib/armv7e-m/fpu\libc_nano.a(lib_a-findfp.o) (_fwalk)
c:/program files (x86)/atollic/truestudio for stm32 9.1.0/armtools/bin/../lib/gcc/arm-atollic-eabi/6.3.1/../../../../arm-atollic-eabi/lib/armv7e-m/fpu\libc_nano.a(lib_a-impure.o)
                              c:/program files (x86)/atollic/truestudio for stm32 9.1.0/armtools/bin/../lib/gcc/arm-atollic-eabi/6.3.1/../../../../arm-atollic-eabi/lib/armv7e-m/fpu\libc_nano.a(lib_a-fflush.o) (_global_impure_ptr)
c:/program files (x86)/atollic/truestudio for stm32 9.1.0/armtools/bin/../lib/gcc/arm-atollic-eabi/6.3.1/../../../../arm-atollic-eabi/lib/armv7e-m/fpu\libc_nano.a(lib_a-init.o)
                              startup\startup_stm32f446xx.o (__libc_init_array)
c:/program files (x86)/atollic/truestudio for stm32 9.1.0/armtools/bin/../lib/gcc/arm-atollic-eabi/6.3.1/../../../../arm-atollic-eabi/lib/armv7e-m/fpu\libc_nano.a(lib_a-memchr.o)
                              Src\wifi_module_uart_04.o (memchr)
c:/program files (x86)/atollic/truestudio for stm32 9.1.0/armtools/bin/../lib/gcc/arm-atollic-eabi/6.3.1/../../../../arm-atollic-eabi/lib/armv7e-m/fpu\libc_nano.a(lib_a-memcmp.o)
                              Src\wifi_module_uart_04.o (memcmp)
c:/program files (x86)/atollic/truestudio for stm32 9.1.0/armtools/bin/../lib/gcc/arm-atollic-eabi/6.3.1/../../../../arm-atollic-eabi/lib/armv7e-m/fpu\libc_nano.a(lib_a-memcpy-stub.o)
                              Src\ring_buffer.o (memcpy)
c:/program files (x86)/atollic/truestudio for stm32 9.1.0/armtools/bin/../lib/gcc/arm-atollic-eabi/6.3.1/../../../../arm-atollic-eabi/lib/armv7e-m/fpu\libc_nano.a(lib_a-memset.o)
                              Src\ring_buffer.o (memset)
c:/program files (x86)/atollic/truestudio for stm32 9.1.0/armtools/bin/../lib/gcc/arm-atollic-eabi/6.3.1/../../../../arm-atollic-eabi/lib/armv7e-m/fpu\libc_nano.a(lib_a-nano-freer.o)
                              c:/program files (x86)/atollic/truestudio for stm32 9.1.0/armtools/bin/../lib/gcc/arm-atollic-eabi/6.3.1/../../../../arm-atollic-eabi/lib/armv7e-m/fpu\libc_nano.a(lib_a-fflush.o) (_free_r)
c:/program files (x86)/atollic/truestudio for stm32 9.1.0/armtools/bin/../lib/gcc/arm-atollic-eabi/6.3.1/../../../../arm-atollic-eabi/lib/armv7e-m/fpu\libc_nano.a(lib_a-nano-mallocr.o)
                              c:/program files (x86)/atollic/truestudio for stm32 9.1.0/armtools/bin/../lib/gcc/arm-atollic-eabi/6.3.1/../../../../arm-atollic-eabi/lib/armv7e-m/fpu\libc_nano.a(lib_a-findfp.o) (_malloc_r)
c:/program files (x86)/atollic/truestudio for stm32 9.1.0/armtools/bin/../lib/gcc/arm-atollic-eabi/6.3.1/../../../../arm-atollic-eabi/lib/armv7e-m/fpu\libc_nano.a(lib_a-printf.o)
                              Src\config_wifi.o (printf)
c:/program files (x86)/atollic/truestudio for stm32 9.1.0/armtools/bin/../lib/gcc/arm-atollic-eabi/6.3.1/../../../../arm-atollic-eabi/lib/armv7e-m/fpu\libc_nano.a(lib_a-putchar.o)
                              Src\wifi_module_spi.o (putchar)
c:/program files (x86)/atollic/truestudio for stm32 9.1.0/armtools/bin/../lib/gcc/arm-atollic-eabi/6.3.1/../../../../arm-atollic-eabi/lib/armv7e-m/fpu\libc_nano.a(lib_a-puts.o)
                              Src\connexion_mqtt.o (puts)
c:/program files (x86)/atollic/truestudio for stm32 9.1.0/armtools/bin/../lib/gcc/arm-atollic-eabi/6.3.1/../../../../arm-atollic-eabi/lib/armv7e-m/fpu\libc_nano.a(lib_a-sbrkr.o)
                              c:/program files (x86)/atollic/truestudio for stm32 9.1.0/armtools/bin/../lib/gcc/arm-atollic-eabi/6.3.1/../../../../arm-atollic-eabi/lib/armv7e-m/fpu\libc_nano.a(lib_a-nano-mallocr.o) (_sbrk_r)
[...]
Memory Configuration

Name             Origin             Length             Attributes
RAM              0x20000000         0x00020000         xrw
FLASH            0x08000000         0x00080000         xr
*default*        0x00000000         0xffffffff

Linker script and memory map

LOAD c:/program files (x86)/atollic/truestudio for stm32 9.1.0/armtools/bin/../lib/gcc/arm-atollic-eabi/6.3.1/armv7e-m/fpu/crti.o
LOAD c:/program files (x86)/atollic/truestudio for stm32 9.1.0/armtools/bin/../lib/gcc/arm-atollic-eabi/6.3.1/armv7e-m/fpu/crtbegin.o
LOAD Drivers\STM32F4xx_HAL_Driver\Src\stm32f4xx_hal.o
LOAD Drivers\STM32F4xx_HAL_Driver\Src\stm32f4xx_hal_can.o
LOAD Drivers\STM32F4xx_HAL_Driver\Src\stm32f4xx_hal_cortex.o
LOAD Drivers\STM32F4xx_HAL_Driver\Src\stm32f4xx_hal_dma.o
LOAD Drivers\STM32F4xx_HAL_Driver\Src\stm32f4xx_hal_dma_ex.o
LOAD Drivers\STM32F4xx_HAL_Driver\Src\stm32f4xx_hal_flash.o
LOAD Drivers\STM32F4xx_HAL_Driver\Src\stm32f4xx_hal_flash_ex.o
LOAD Drivers\STM32F4xx_HAL_Driver\Src\stm32f4xx_hal_flash_ramfunc.o
LOAD Drivers\STM32F4xx_HAL_Driver\Src\stm32f4xx_hal_gpio.o
LOAD Drivers\STM32F4xx_HAL_Driver\Src\stm32f4xx_hal_pwr.o
LOAD Drivers\STM32F4xx_HAL_Driver\Src\stm32f4xx_hal_pwr_ex.o
LOAD Drivers\STM32F4xx_HAL_Driver\Src\stm32f4xx_hal_rcc.o
LOAD Drivers\STM32F4xx_HAL_Driver\Src\stm32f4xx_hal_rcc_ex.o
LOAD Drivers\STM32F4xx_HAL_Driver\Src\stm32f4xx_hal_tim.o
LOAD Drivers\STM32F4xx_HAL_Driver\Src\stm32f4xx_hal_tim_ex.o
LOAD Drivers\STM32F4xx_HAL_Driver\Src\stm32f4xx_hal_uart.o
LOAD Src\can.o
LOAD Src\config_wifi.o
LOAD Src\connexion_mqtt.o
LOAD Src\console.o
LOAD Src\event_buffer.o
LOAD Src\main.o
LOAD Src\ring_buffer.o
LOAD Src\spwf04WiFi.o
LOAD Src\stm32_spwf_wifi.o
LOAD Src\stm32f4xx_hal_msp.o
LOAD Src\stm32f4xx_hal_spi.o
LOAD Src\stm32f4xx_it.o
LOAD Src\stm32f4xx_ll_dma.o
LOAD Src\stm32f4xx_ll_fmc.o
LOAD Src\stm32f4xx_ll_fsmc.o
LOAD Src\stm32f4xx_ll_sdmmc.o
LOAD Src\stm32f4xx_ll_usb.o
LOAD Src\stm32f4xx_nucleo.o
LOAD Src\system_stm32f4xx.o
LOAD Src\wifi_globals.o
LOAD Src\wifi_interface.o
LOAD Src\wifi_module.o
LOAD Src\wifi_module_spi.o
LOAD Src\wifi_module_uart_01.o
LOAD Src\wifi_module_uart_04.o
LOAD startup\startup_stm32f446xx.o
                0x00000080                malloc_getpagesize_P = 0x80
START GROUP
LOAD c:/program files (x86)/atollic/truestudio for stm32 9.1.0/armtools/bin/../lib/gcc/arm-atollic-eabi/6.3.1/../../../../arm-atollic-eabi/lib/armv7e-m/fpu\libc_nano.a
LOAD c:/program files (x86)/atollic/truestudio for stm32 9.1.0/armtools/bin/../lib/gcc/arm-atollic-eabi/6.3.1/../../../../arm-atollic-eabi/lib/armv7e-m/fpu\libm.a
END GROUP
START GROUP
LOAD c:/program files (x86)/atollic/truestudio for stm32 9.1.0/armtools/bin/../lib/gcc/arm-atollic-eabi/6.3.1/armv7e-m/fpu\libgcc.a
LOAD c:/program files (x86)/atollic/truestudio for stm32 9.1.0/armtools/bin/../lib/gcc/arm-atollic-eabi/6.3.1/../../../../arm-atollic-eabi/lib/armv7e-m/fpu\libc_nano.a
END GROUP
START GROUP
LOAD c:/program files (x86)/atollic/truestudio for stm32 9.1.0/armtools/bin/../lib/gcc/arm-atollic-eabi/6.3.1/armv7e-m/fpu\libgcc.a
LOAD c:/program files (x86)/atollic/truestudio for stm32 9.1.0/armtools/bin/../lib/gcc/arm-atollic-eabi/6.3.1/../../../../arm-atollic-eabi/lib/armv7e-m/fpu\libc_nano.a
LOAD c:/program files (x86)/atollic/truestudio for stm32 9.1.0/armtools/bin/../lib/gcc/arm-atollic-eabi/6.3.1/../../../../arm-atollic-eabi/lib/armv7e-m/fpu\libnosys.a
END GROUP
START GROUP
LOAD c:/program files (x86)/atollic/truestudio for stm32 9.1.0/armtools/bin/../lib/gcc/arm-atollic-eabi/6.3.1/armv7e-m/fpu\libgcc.a
LOAD c:/program files (x86)/atollic/truestudio for stm32 9.1.0/armtools/bin/../lib/gcc/arm-atollic-eabi/6.3.1/../../../../arm-atollic-eabi/lib/armv7e-m/fpu\libc_nano.a
LOAD c:/program files (x86)/atollic/truestudio for stm32 9.1.0/armtools/bin/../lib/gcc/arm-atollic-eabi/6.3.1/../../../../arm-atollic-eabi/lib/armv7e-m/fpu\libnosys.a
END GROUP
LOAD c:/program files (x86)/atollic/truestudio for stm32 9.1.0/armtools/bin/../lib/gcc/arm-atollic-eabi/6.3.1/armv7e-m/fpu/crtend.o
LOAD c:/program files (x86)/atollic/truestudio for stm32 9.1.0/armtools/bin/../lib/gcc/arm-atollic-eabi/6.3.1/armv7e-m/fpu/crtn.o
                0x20020000                _estack = 0x20020000
                0x00000200                _Min_Heap_Size = 0x200
                0x00000400                _Min_Stack_Size = 0x400

.isr_vector     0x08000000      0x1c4
                0x08000000                . = ALIGN (0x4)
 *(.isr_vector)
 .isr_vector    0x08000000      0x1c4 startup\startup_stm32f446xx.o
                0x08000000                g_pfnVectors
                0x080001c4                . = ALIGN (0x4)

.text           0x080001d0     0x4cb8
                0x080001d0                . = ALIGN (0x4)
 *(.text)
 .text          0x080001d0       0x40 c:/program files (x86)/atollic/truestudio for stm32 9.1.0/armtools/bin/../lib/gcc/arm-atollic-eabi/6.3.1/armv7e-m/fpu/crtbegin.o
 .text          0x08000210       0xa0 c:/program files (x86)/atollic/truestudio for stm32 9.1.0/armtools/bin/../lib/gcc/arm-atollic-eabi/6.3.1/../../../../arm-atollic-eabi/lib/armv7e-m/fpu\libc_nano.a(lib_a-memchr.o)
                0x08000210                memchr
 .text          0x080002b0       0x14 c:/program files (x86)/atollic/truestudio for stm32 9.1.0/armtools/bin/../lib/gcc/arm-atollic-eabi/6.3.1/../../../../arm-atollic-eabi/lib/armv7e-m/fpu\libc_nano.a(lib_a-strcmp.o)
                0x080002b0                strcmp
 .text          0x080002c4       0x10 c:/program files (x86)/atollic/truestudio for stm32 9.1.0/armtools/bin/../lib/gcc/arm-atollic-eabi/6.3.1/../../../../arm-atollic-eabi/lib/armv7e-m/fpu\libc_nano.a(lib_a-strlen.o)
                0x080002c4                strlen
 .text          0x080002d4       0x30 c:/program files (x86)/atollic/truestudio for stm32 9.1.0/armtools/bin/../lib/gcc/arm-atollic-eabi/6.3.1/armv7e-m/fpu\libgcc.a(_aeabi_uldivmod.o)
                0x080002d4                __aeabi_uldivmod
 .text          0x08000304      0x2dc c:/program files (x86)/atollic/truestudio for stm32 9.1.0/armtools/bin/../lib/gcc/arm-atollic-eabi/6.3.1/armv7e-m/fpu\libgcc.a(_udivmoddi4.o)
                0x08000304                __udivmoddi4
 .text          0x080005e0        0x4 c:/program files (x86)/atollic/truestudio for stm32 9.1.0/armtools/bin/../lib/gcc/arm-atollic-eabi/6.3.1/armv7e-m/fpu\libgcc.a(_dvmd_tls.o)
                0x080005e0                __aeabi_idiv0
                0x080005e0                __aeabi_ldiv0
 *(.text*)
 .text.HAL_InitTick
                0x080005e4       0x48 Drivers\STM32F4xx_HAL_Driver\Src\stm32f4xx_hal.o
                0x080005e4                HAL_InitTick
 .text.HAL_Init
                0x0800062c       0x34 Drivers\STM32F4xx_HAL_Driver\Src\stm32f4xx_hal.o
                0x0800062c                HAL_Init
 .text.HAL_IncTick
                0x08000660       0x18 Drivers\STM32F4xx_HAL_Driver\Src\stm32f4xx_hal.o
                0x08000660                HAL_IncTick
 .text.HAL_GetTick
                0x08000678        0xc Drivers\STM32F4xx_HAL_Driver\Src\stm32f4xx_hal.o
                0x08000678                HAL_GetTick
 .text.HAL_Delay
                0x08000684       0x28 Drivers\STM32F4xx_HAL_Driver\Src\stm32f4xx_hal.o
                0x08000684                HAL_Delay
 .text.HAL_CAN_Init
                0x080006ac       0xf6 Drivers\STM32F4xx_HAL_Driver\Src\stm32f4xx_hal_can.o
                0x080006ac                HAL_CAN_Init
 *fill*         0x080007a2        0x2 
 .text.HAL_CAN_ConfigFilter
                0x080007a4      0x114 Drivers\STM32F4xx_HAL_Driver\Src\stm32f4xx_hal_can.o
                0x080007a4                HAL_CAN_ConfigFilter
 .text.HAL_CAN_Start
                0x080008b8       0x56 Drivers\STM32F4xx_HAL_Driver\Src\stm32f4xx_hal_can.o
                0x080008b8                HAL_CAN_Start
 .text.HAL_CAN_GetRxMessage
                0x0800090e       0xfc Drivers\STM32F4xx_HAL_Driver\Src\stm32f4xx_hal_can.o
                0x0800090e                HAL_CAN_GetRxMessage
 .text.HAL_CAN_ActivateNotification
                0x08000a0a       0x28 Drivers\STM32F4xx_HAL_Driver\Src\stm32f4xx_hal_can.o
                0x08000a0a                HAL_CAN_ActivateNotification
 .text.HAL_CAN_TxMailbox0CompleteCallback
                0x08000a32        0x2 Drivers\STM32F4xx_HAL_Driver\Src\stm32f4xx_hal_can.o
                0x08000a32                HAL_CAN_TxMailbox0CompleteCallback
 .text.HAL_CAN_TxMailbox1CompleteCallback
                0x08000a34        0x2 Drivers\STM32F4xx_HAL_Driver\Src\stm32f4xx_hal_can.o
                0x08000a34                HAL_CAN_TxMailbox1CompleteCallback
 .text.HAL_CAN_TxMailbox2CompleteCallback
                0x08000a36        0x2 Drivers\STM32F4xx_HAL_Driver\Src\stm32f4xx_hal_can.o
                0x08000a36                HAL_CAN_TxMailbox2CompleteCallback
 .text.HAL_CAN_TxMailbox0AbortCallback
                0x08000a38        0x2 Drivers\STM32F4xx_HAL_Driver\Src\stm32f4xx_hal_can.o
                0x08000a38                HAL_CAN_TxMailbox0AbortCallback
 .text.HAL_CAN_TxMailbox1AbortCallback
                0x08000a3a        0x2 Drivers\STM32F4xx_HAL_Driver\Src\stm32f4xx_hal_can.o
                0x08000a3a                HAL_CAN_TxMailbox1AbortCallback
 .text.HAL_CAN_TxMailbox2AbortCallback
                0x08000a3c        0x2 Drivers\STM32F4xx_HAL_Driver\Src\stm32f4xx_hal_can.o
                0x08000a3c                HAL_CAN_TxMailbox2AbortCallback
 .text.HAL_CAN_RxFifo0FullCallback
                0x08000a3e        0x2 Drivers\STM32F4xx_HAL_Driver\Src\stm32f4xx_hal_can.o
                0x08000a3e                HAL_CAN_RxFifo0FullCallback
 .text.HAL_CAN_RxFifo1MsgPendingCallback
                0x08000a40        0x2 Drivers\STM32F4xx_HAL_Driver\Src\stm32f4xx_hal_can.o
                0x08000a40                HAL_CAN_RxFifo1MsgPendingCallback
 .text.HAL_CAN_RxFifo1FullCallback
                0x08000a42        0x2 Drivers\STM32F4xx_HAL_Driver\Src\stm32f4xx_hal_can.o
                0x08000a42                HAL_CAN_RxFifo1FullCallback
 .text.HAL_CAN_SleepCallback
                0x08000a44        0x2 Drivers\STM32F4xx_HAL_Driver\Src\stm32f4xx_hal_can.o
                0x08000a44                HAL_CAN_SleepCallback
 .text.HAL_CAN_WakeUpFromRxMsgCallback
                0x08000a46        0x2 Drivers\STM32F4xx_HAL_Driver\Src\stm32f4xx_hal_can.o
                0x08000a46                HAL_CAN_WakeUpFromRxMsgCallback
 .text.HAL_CAN_IRQHandler
                0x08000a48      0x1fc Drivers\STM32F4xx_HAL_Driver\Src\stm32f4xx_hal_can.o
                0x08000a48                HAL_CAN_IRQHandler
 .text.HAL_CAN_GetError
                0x08000c44        0x4 Drivers\STM32F4xx_HAL_Driver\Src\stm32f4xx_hal_can.o
                0x08000c44                HAL_CAN_GetError
 .text.HAL_NVIC_SetPriorityGrouping
                0x08000c48       0x24 Drivers\STM32F4xx_HAL_Driver\Src\stm32f4xx_hal_cortex.o
                0x08000c48                HAL_NVIC_SetPriorityGrouping
 .text.HAL_NVIC_SetPriority
                0x08000c6c       0x68 Drivers\STM32F4xx_HAL_Driver\Src\stm32f4xx_hal_cortex.o
                0x08000c6c                HAL_NVIC_SetPriority
 .text.HAL_NVIC_EnableIRQ
                0x08000cd4       0x18 Drivers\STM32F4xx_HAL_Driver\Src\stm32f4xx_hal_cortex.o
                0x08000cd4                HAL_NVIC_EnableIRQ
 .text.HAL_NVIC_DisableIRQ
                0x08000cec       0x1c Drivers\STM32F4xx_HAL_Driver\Src\stm32f4xx_hal_cortex.o
                0x08000cec                HAL_NVIC_DisableIRQ
 .text.HAL_SYSTICK_Config
                0x08000d08       0x2c Drivers\STM32F4xx_HAL_Driver\Src\stm32f4xx_hal_cortex.o
                0x08000d08                HAL_SYSTICK_Config
 .text.HAL_NVIC_ClearPendingIRQ
                0x08000d34       0x1c Drivers\STM32F4xx_HAL_Driver\Src\stm32f4xx_hal_cortex.o
                0x08000d34                HAL_NVIC_ClearPendingIRQ
 .text.HAL_SYSTICK_CLKSourceConfig
                0x08000d50       0x18 Drivers\STM32F4xx_HAL_Driver\Src\stm32f4xx_hal_cortex.o
                0x08000d50                HAL_SYSTICK_CLKSourceConfig
 .text.HAL_SYSTICK_Callback
                0x08000d68        0x2 Drivers\STM32F4xx_HAL_Driver\Src\stm32f4xx_hal_cortex.o
                0x08000d68                HAL_SYSTICK_Callback
 .text.HAL_SYSTICK_IRQHandler
                0x08000d6a        0x8 Drivers\STM32F4xx_HAL_Driver\Src\stm32f4xx_hal_cortex.o
                0x08000d6a                HAL_SYSTICK_IRQHandler
 *fill*         0x08000d72        0x2 
 .text.HAL_GPIO_Init
                0x08000d74      0x1b4 Drivers\STM32F4xx_HAL_Driver\Src\stm32f4xx_hal_gpio.o
                0x08000d74                HAL_GPIO_Init
 .text.HAL_GPIO_DeInit
                0x08000f28      0x128 Drivers\STM32F4xx_HAL_Driver\Src\stm32f4xx_hal_gpio.o
                0x08000f28                HAL_GPIO_DeInit
 .text.HAL_GPIO_ReadPin
                0x08001050        0xc Drivers\STM32F4xx_HAL_Driver\Src\stm32f4xx_hal_gpio.o
                0x08001050                HAL_GPIO_ReadPin
 .text.HAL_GPIO_WritePin
                0x0800105c        0xa Drivers\STM32F4xx_HAL_Driver\Src\stm32f4xx_hal_gpio.o
                0x0800105c                HAL_GPIO_WritePin
 *fill*         0x08001066        0x2 
 .text.HAL_RCC_ClockConfig
                0x08001068      0x134 Drivers\STM32F4xx_HAL_Driver\Src\stm32f4xx_hal_rcc.o
                0x08001068                HAL_RCC_ClockConfig
 .text.HAL_RCC_GetHCLKFreq
                0x0800119c        0xc Drivers\STM32F4xx_HAL_Driver\Src\stm32f4xx_hal_rcc.o
                0x0800119c                HAL_RCC_GetHCLKFreq
 .text.HAL_RCC_GetPCLK1Freq
                0x080011a8       0x20 Drivers\STM32F4xx_HAL_Driver\Src\stm32f4xx_hal_rcc.o
                0x080011a8                HAL_RCC_GetPCLK1Freq
 .text.HAL_RCC_GetPCLK2Freq
                0x080011c8       0x20 Drivers\STM32F4xx_HAL_Driver\Src\stm32f4xx_hal_rcc.o
                0x080011c8                HAL_RCC_GetPCLK2Freq
 .text.HAL_RCC_GetSysClockFreq
                0x080011e8       0x90 Drivers\STM32F4xx_HAL_Driver\Src\stm32f4xx_hal_rcc_ex.o
                0x080011e8                HAL_RCC_GetSysClockFreq
 .text.HAL_RCC_OscConfig
                0x08001278      0x334 Drivers\STM32F4xx_HAL_Driver\Src\stm32f4xx_hal_rcc_ex.o
                0x08001278                HAL_RCC_OscConfig
 .text.HAL_TIM_Base_MspInit
                0x080015ac        0x2 Drivers\STM32F4xx_HAL_Driver\Src\stm32f4xx_hal_tim.o
                0x080015ac                HAL_TIM_Base_MspInit
 .text.HAL_TIM_Base_Start_IT
                0x080015ae       0x16 Drivers\STM32F4xx_HAL_Driver\Src\stm32f4xx_hal_tim.o
                0x080015ae                HAL_TIM_Base_Start_IT
 .text.TIM_Base_SetConfig
                0x080015c4       0xc8 Drivers\STM32F4xx_HAL_Driver\Src\stm32f4xx_hal_tim.o
                0x080015c4                TIM_Base_SetConfig
 .text.HAL_TIM_Base_Init
                0x0800168c       0x34 Drivers\STM32F4xx_HAL_Driver\Src\stm32f4xx_hal_tim.o
                0x0800168c                HAL_TIM_Base_Init
 .text.UART_SetConfig
                0x080016c0      0x234 Drivers\STM32F4xx_HAL_Driver\Src\stm32f4xx_hal_uart.o
 .text.UART_WaitOnFlagUntilTimeout.constprop.3
                0x080018f4       0x50 Drivers\STM32F4xx_HAL_Driver\Src\stm32f4xx_hal_uart.o
 .text.HAL_UART_Init
                0x08001944       0x5c Drivers\STM32F4xx_HAL_Driver\Src\stm32f4xx_hal_uart.o
                0x08001944                HAL_UART_Init
 .text.HAL_UART_DeInit
                0x080019a0       0x26 Drivers\STM32F4xx_HAL_Driver\Src\stm32f4xx_hal_uart.o
                0x080019a0                HAL_UART_DeInit
 .text.HAL_UART_Transmit
                0x080019c6       0xba Drivers\STM32F4xx_HAL_Driver\Src\stm32f4xx_hal_uart.o
                0x080019c6                HAL_UART_Transmit
 .text.CAN_Config
                0x08001a80       0x60 Src\can.o
                0x08001a80                CAN_Config
 .text.plog     0x08001ae0       0x20 Src\can.o
                0x08001ae0                plog
 .text.HAL_CAN_RxFifo0MsgPendingCallback
                0x08001b00       0x54 Src\can.o
                0x08001b00                HAL_CAN_RxFifo0MsgPendingCallback
 .text.HAL_CAN_ErrorCallback
                0x08001b54       0x54 Src\can.o
                0x08001b54                HAL_CAN_ErrorCallback
 .text.event_init
                0x08001ba8       0x18 Src\event_buffer.o
                0x08001ba8                event_init
 .text.SystemClock_Config
                0x08001bc0       0xac Src\main.o
                0x08001bc0                SystemClock_Config
 .text.startup.main
                0x08001c6c      0x190 Src\main.o
                0x08001c6c                main
 .text._Error_Handler
                0x08001dfc        0x2 Src\main.o
                0x08001dfc                _Error_Handler
 *fill*         0x08001dfe        0x2 
 .text.init     0x08001e00       0x14 Src\ring_buffer.o
                0x08001e00                init
 .text.cmd_funcArgs
                0x08001e14       0xd0 Src\spwf04WiFi.o
 .text.get_cmd_id
                0x08001ee4       0x3c Src\spwf04WiFi.o
                0x08001ee4                get_cmd_id
 .text.get_cmd_string
                0x08001f20       0x34 Src\spwf04WiFi.o
                0x08001f20                get_cmd_string
 .text.run_spi_cmd
                0x08001f54       0x88 Src\spwf04WiFi.o
                0x08001f54                run_spi_cmd
 .text.Timer_Config
                0x08001fdc       0x50 Src\stm32_spwf_wifi.o
                0x08001fdc                Timer_Config
 .text.UART_Configuration
                0x0800202c       0x4c Src\stm32_spwf_wifi.o
                0x0800202c                UART_Configuration
 .text.WiFi_SPI_Init
                0x08002078       0x48 Src\stm32_spwf_wifi.o
                0x08002078                WiFi_SPI_Init
 .text.Enable_SPI_Receiving_Path
                0x080020c0       0x1c Src\stm32_spwf_wifi.o
                0x080020c0                Enable_SPI_Receiving_Path
 .text.Disable_SPI_Receiving_Path
                0x080020dc        0x6 Src\stm32_spwf_wifi.o
                0x080020dc                Disable_SPI_Receiving_Path
 *fill*         0x080020e2        0x2 
 .text.Enable_SPI_CS
                0x080020e4       0x20 Src\stm32_spwf_wifi.o
                0x080020e4                Enable_SPI_CS
 .text.Disable_SPI_CS
                0x08002104       0x1c Src\stm32_spwf_wifi.o
                0x08002104                Disable_SPI_CS
 .text.HAL_MspInit
                0x08002120       0x90 Src\stm32f4xx_hal_msp.o
                0x08002120                HAL_MspInit
 .text.HAL_CAN_MspInit
                0x080021b0       0x90 Src\stm32f4xx_hal_msp.o
                0x080021b0                HAL_CAN_MspInit
 .text.HAL_UART_MspInit
                0x08002240       0x50 Src\stm32f4xx_hal_msp.o
                0x08002240                HAL_UART_MspInit
 .text.HAL_UART_MspDeInit
                0x08002290       0x28 Src\stm32f4xx_hal_msp.o
                0x08002290                HAL_UART_MspDeInit
 .text.SPI_WaitFlagStateUntilTimeout
                0x080022b8       0x8e Src\stm32f4xx_hal_spi.o
 .text.SPI_CheckFlag_BSY
                0x08002346       0x20 Src\stm32f4xx_hal_spi.o
 .text.HAL_SPI_MspInit
                0x08002366        0x2 Src\stm32f4xx_hal_spi.o
                0x08002366                HAL_SPI_MspInit
 .text.HAL_SPI_Init
                0x08002368       0x7a Src\stm32f4xx_hal_spi.o
                0x08002368                HAL_SPI_Init
 .text.HAL_SPI_Transmit
                0x080023e2      0x152 Src\stm32f4xx_hal_spi.o
                0x080023e2                HAL_SPI_Transmit
 .text.NMI_Handler
                0x08002534        0x2 Src\stm32f4xx_it.o
                0x08002534                NMI_Handler
 .text.HardFault_Handler
                0x08002536        0x2 Src\stm32f4xx_it.o
                0x08002536                HardFault_Handler
 .text.MemManage_Handler
                0x08002538        0x2 Src\stm32f4xx_it.o
                0x08002538                MemManage_Handler
 .text.BusFault_Handler
                0x0800253a        0x2 Src\stm32f4xx_it.o
                0x0800253a                BusFault_Handler
 .text.UsageFault_Handler
                0x0800253c        0x2 Src\stm32f4xx_it.o
                0x0800253c                UsageFault_Handler
 .text.SVC_Handler
                0x0800253e        0x2 Src\stm32f4xx_it.o
                0x0800253e                SVC_Handler
 .text.DebugMon_Handler
                0x08002540        0x2 Src\stm32f4xx_it.o
                0x08002540                DebugMon_Handler
 .text.PendSV_Handler
                0x08002542        0x2 Src\stm32f4xx_it.o
                0x08002542                PendSV_Handler
 .text.SysTick_Handler
                0x08002544        0xe Src\stm32f4xx_it.o
                0x08002544                SysTick_Handler
 *fill*         0x08002552        0x2 
 .text.CAN1_SCE_IRQHandler
                0x08002554        0xc Src\stm32f4xx_it.o
                0x08002554                CAN1_SCE_IRQHandler
 .text.CAN1_RX1_IRQHandler
                0x08002560        0x4 Src\stm32f4xx_it.o
                0x08002560                CAN1_RX1_IRQHandler
 .text.CAN1_RX0_IRQHandler
                0x08002564        0x4 Src\stm32f4xx_it.o
                0x08002564                CAN1_RX0_IRQHandler
 .text.CAN1_TX_IRQHandler
                0x08002568        0x4 Src\stm32f4xx_it.o
                0x08002568                CAN1_TX_IRQHandler
 .text.BSP_LED_On
                0x0800256c       0x14 Src\stm32f4xx_nucleo.o
                0x0800256c                BSP_LED_On
 .text.SystemInit
                0x08002580       0x4c Src\system_stm32f4xx.o
                0x08002580                SystemInit
 .text.SystemCoreClockUpdate
                0x080025cc       0x74 Src\system_stm32f4xx.o
                0x080025cc                SystemCoreClockUpdate
 .text.wifi_connect
                0x08002640      0x1a8 Src\wifi_interface.o
                0x08002640                wifi_connect
 .text.wifi_wakeup
                0x080027e8       0x54 Src\wifi_interface.o
                0x080027e8                wifi_wakeup
 .text.wifi_init
                0x0800283c      0x158 Src\wifi_interface.o
                0x0800283c                wifi_init
 .text.Set_WiFi_Control_Variables
                0x08002994       0x78 Src\wifi_module.o
                0x08002994                Set_WiFi_Control_Variables
 .text.Set_WiFi_Counter_Variables
                0x08002a0c       0x68 Src\wifi_module.o
                0x08002a0c                Set_WiFi_Counter_Variables
 .text.wifi_reset
                0x08002a74       0x9c Src\wifi_module.o
                0x08002a74                wifi_reset
 .text.Start_Timer
                0x08002b10       0x14 Src\wifi_module.o
                0x08002b10                Start_Timer
 .text.USART_Receive_AT_Resp
                0x08002b24       0x24 Src\wifi_module.o
                0x08002b24                USART_Receive_AT_Resp
 .text.Reset_AT_CMD_Buffer
                0x08002b48       0x10 Src\wifi_module.o
                0x08002b48                Reset_AT_CMD_Buffer
 .text.wifi_firmware_middleware_version_compatibility
                0x08002b58       0x9c Src\wifi_module.o
                0x08002b58                wifi_firmware_middleware_version_compatibility
 .text.WiFi_UART_Error_Handler
                0x08002bf4        0x6 Src\wifi_module.o
                0x08002bf4                WiFi_UART_Error_Handler
 *fill*         0x08002bfa        0x2 
 .text.WiFi_Module_Init
                0x08002bfc       0x78 Src\wifi_module.o
                0x08002bfc                WiFi_Module_Init
 .text.SET_Configuration_Addr
                0x08002c74       0x54 Src\wifi_module.o
                0x08002c74                SET_Configuration_Addr
 .text.SET_Configuration_Value
                0x08002cc8       0x30 Src\wifi_module.o
                0x08002cc8                SET_Configuration_Value
 .text.SET_SSID
                0x08002cf8       0x58 Src\wifi_module.o
                0x08002cf8                SET_SSID
 .text.SET_WiFi_SecKey
                0x08002d50       0x48 Src\wifi_module.o
                0x08002d50                SET_WiFi_SecKey
 .text.SPI_Transmit_Manager
                0x08002d98       0xf0 Src\wifi_module_spi.o
                0x08002d98                SPI_Transmit_Manager
 .text.TransmitClosure
                0x08002e88       0x34 Src\wifi_module_spi.o
                0x08002e88                TransmitClosure
 .text.SPI_Transmit_Manager_Poll
                0x08002ebc       0x2c Src\wifi_module_spi.o
                0x08002ebc                SPI_Transmit_Manager_Poll
 .text.SPI_Send_AT_Command
                0x08002ee8       0x50 Src\wifi_module_spi.o
                0x08002ee8                SPI_Send_AT_Command
 .text.Reset_Handler
                0x08002f38       0x50 startup\startup_stm32f446xx.o
                0x08002f38                Reset_Handler
 .text.Default_Handler
                0x08002f88        0x2 startup\startup_stm32f446xx.o
                0x08002f88                RTC_Alarm_IRQHandler
                0x08002f88                EXTI2_IRQHandler
                0x08002f88                TIM8_CC_IRQHandler
                0x08002f88                SPI4_IRQHandler
                0x08002f88                TIM1_CC_IRQHandler
                0x08002f88                DMA2_Stream5_IRQHandler
                0x08002f88                DMA1_Stream5_IRQHandler
                0x08002f88                PVD_IRQHandler
                0x08002f88                SDIO_IRQHandler
                0x08002f88                TAMP_STAMP_IRQHandler
                0x08002f88                CAN2_RX1_IRQHandler
                0x08002f88                EXTI3_IRQHandler
                0x08002f88                TIM8_TRG_COM_TIM14_IRQHandler
                0x08002f88                TIM1_UP_TIM10_IRQHandler
                0x08002f88                TIM8_UP_TIM13_IRQHandler
                0x08002f88                I2C3_ER_IRQHandler
                0x08002f88                FMPI2C1_Event_IRQHandler
                0x08002f88                EXTI0_IRQHandler
                0x08002f88                I2C2_EV_IRQHandler
                0x08002f88                DMA1_Stream2_IRQHandler
                0x08002f88                FPU_IRQHandler
                0x08002f88                OTG_HS_WKUP_IRQHandler
                0x08002f88                CAN2_SCE_IRQHandler
                0x08002f88                DMA2_Stream2_IRQHandler
                0x08002f88                SPI1_IRQHandler
                0x08002f88                TIM6_DAC_IRQHandler
                0x08002f88                TIM1_BRK_TIM9_IRQHandler
                0x08002f88                DCMI_IRQHandler
                0x08002f88                CAN2_RX0_IRQHandler
                0x08002f88                DMA2_Stream3_IRQHandler
                0x08002f88                SAI2_IRQHandler
                0x08002f88                USART6_IRQHandler
                0x08002f88                USART3_IRQHandler
                0x08002f88                UART5_IRQHandler
                0x08002f88                DMA2_Stream0_IRQHandler
                0x08002f88                TIM4_IRQHandler
                0x08002f88                QUADSPI_IRQHandler
                0x08002f88                I2C1_EV_IRQHandler
                0x08002f88                DMA1_Stream6_IRQHandler
                0x08002f88                DMA1_Stream1_IRQHandler
                0x08002f88                UART4_IRQHandler
                0x08002f88                TIM3_IRQHandler
                0x08002f88                RCC_IRQHandler
                0x08002f88                TIM8_BRK_TIM12_IRQHandler
                0x08002f88                Default_Handler
                0x08002f88                CEC_IRQHandler
                0x08002f88                EXTI15_10_IRQHandler
                0x08002f88                ADC_IRQHandler
                0x08002f88                DMA1_Stream7_IRQHandler
                0x08002f88                TIM7_IRQHandler
                0x08002f88                CAN2_TX_IRQHandler
                0x08002f88                TIM5_IRQHandler
                0x08002f88                DMA2_Stream7_IRQHandler
                0x08002f88                I2C3_EV_IRQHandler
                0x08002f88                EXTI9_5_IRQHandler
                0x08002f88                RTC_WKUP_IRQHandler
                0x08002f88                SPDIF_RX_IRQHandler
                0x08002f88                SPI2_IRQHandler
                0x08002f88                OTG_HS_EP1_IN_IRQHandler
                0x08002f88                DMA1_Stream0_IRQHandler
                0x08002f88                EXTI4_IRQHandler
                0x08002f88                OTG_HS_EP1_OUT_IRQHandler
                0x08002f88                WWDG_IRQHandler
                0x08002f88                TIM2_IRQHandler
                0x08002f88                OTG_FS_WKUP_IRQHandler
                0x08002f88                TIM1_TRG_COM_TIM11_IRQHandler
                0x08002f88                OTG_HS_IRQHandler
                0x08002f88                EXTI1_IRQHandler
                0x08002f88                USART2_IRQHandler
                0x08002f88                I2C2_ER_IRQHandler
                0x08002f88                DMA2_Stream1_IRQHandler
                0x08002f88                FLASH_IRQHandler
                0x08002f88                DMA2_Stream4_IRQHandler
                0x08002f88                USART1_IRQHandler
                0x08002f88                OTG_FS_IRQHandler
                0x08002f88                SPI3_IRQHandler
                0x08002f88                DMA1_Stream4_IRQHandler
                0x08002f88                I2C1_ER_IRQHandler
                0x08002f88                FMC_IRQHandler
                0x08002f88                DMA2_Stream6_IRQHandler
                0x08002f88                SAI1_IRQHandler
                0x08002f88                DMA1_Stream3_IRQHandler
                0x08002f88                FMPI2C1_Error_IRQHandler
 .text.atoi     0x08002f8a        0x8 c:/program files (x86)/atollic/truestudio for stm32 9.1.0/armtools/bin/../lib/gcc/arm-atollic-eabi/6.3.1/../../../../arm-atollic-eabi/lib/armv7e-m/fpu\libc_nano.a(lib_a-atoi.o)
                0x08002f8a                atoi
 *fill*         0x08002f92        0x2 
 .text.__sflush_r
                0x08002f94      0x110 c:/program files (x86)/atollic/truestudio for stm32 9.1.0/armtools/bin/../lib/gcc/arm-atollic-eabi/6.3.1/../../../../arm-atollic-eabi/lib/armv7e-m/fpu\libc_nano.a(lib_a-fflush.o)
                0x08002f94                __sflush_r
 .text._fflush_r
                0x080030a4       0x54 c:/program files (x86)/atollic/truestudio for stm32 9.1.0/armtools/bin/../lib/gcc/arm-atollic-eabi/6.3.1/../../../../arm-atollic-eabi/lib/armv7e-m/fpu\libc_nano.a(lib_a-fflush.o)
                0x080030a4                _fflush_r
 .text.fflush   0x080030f8       0x24 c:/program files (x86)/atollic/truestudio for stm32 9.1.0/armtools/bin/../lib/gcc/arm-atollic-eabi/6.3.1/../../../../arm-atollic-eabi/lib/armv7e-m/fpu\libc_nano.a(lib_a-fflush.o)
                0x080030f8                fflush
 .text._cleanup_r
                0x0800311c        0xc c:/program files (x86)/atollic/truestudio for stm32 9.1.0/armtools/bin/../lib/gcc/arm-atollic-eabi/6.3.1/../../../../arm-atollic-eabi/lib/armv7e-m/fpu\libc_nano.a(lib_a-findfp.o)
                0x0800311c                _cleanup_r
 .text.std.isra.0
                0x08003128       0x48 c:/program files (x86)/atollic/truestudio for stm32 9.1.0/armtools/bin/../lib/gcc/arm-atollic-eabi/6.3.1/../../../../arm-atollic-eabi/lib/armv7e-m/fpu\libc_nano.a(lib_a-findfp.o)
 .text.__sfmoreglue
                0x08003170       0x2c c:/program files (x86)/atollic/truestudio for stm32 9.1.0/armtools/bin/../lib/gcc/arm-atollic-eabi/6.3.1/../../../../arm-atollic-eabi/lib/armv7e-m/fpu\libc_nano.a(lib_a-findfp.o)
                0x08003170                __sfmoreglue
 .text.__sinit  0x0800319c       0x60 c:/program files (x86)/atollic/truestudio for stm32 9.1.0/armtools/bin/../lib/gcc/arm-atollic-eabi/6.3.1/../../../../arm-atollic-eabi/lib/armv7e-m/fpu\libc_nano.a(lib_a-findfp.o)
                0x0800319c                __sinit
 .text.__sfp    0x080031fc       0x78 c:/program files (x86)/atollic/truestudio for stm32 9.1.0/armtools/bin/../lib/gcc/arm-atollic-eabi/6.3.1/../../../../arm-atollic-eabi/lib/armv7e-m/fpu\libc_nano.a(lib_a-findfp.o)
                0x080031fc                __sfp
 .text._fwalk_reent
                0x08003274       0x3c c:/program files (x86)/atollic/truestudio for stm32 9.1.0/armtools/bin/../lib/gcc/arm-atollic-eabi/6.3.1/../../../../arm-atollic-eabi/lib/armv7e-m/fpu\libc_nano.a(lib_a-fwalk.o)
                0x08003274                _fwalk_reent
 .text.__libc_init_array
                0x080032b0       0x48 c:/program files (x86)/atollic/truestudio for stm32 9.1.0/armtools/bin/../lib/gcc/arm-atollic-eabi/6.3.1/../../../../arm-atollic-eabi/lib/armv7e-m/fpu\libc_nano.a(lib_a-init.o)
                0x080032b0                __libc_init_array
 .text.memcpy   0x080032f8       0x16 c:/program files (x86)/atollic/truestudio for stm32 9.1.0/armtools/bin/../lib/gcc/arm-atollic-eabi/6.3.1/../../../../arm-atollic-eabi/lib/armv7e-m/fpu\libc_nano.a(lib_a-memcpy-stub.o)
                0x080032f8                memcpy
 .text.memset   0x0800330e       0x10 c:/program files (x86)/atollic/truestudio for stm32 9.1.0/armtools/bin/../lib/gcc/arm-atollic-eabi/6.3.1/../../../../arm-atollic-eabi/lib/armv7e-m/fpu\libc_nano.a(lib_a-memset.o)
                0x0800330e                memset
 *fill*         0x0800331e        0x2 
 .text._free_r  0x08003320       0x9c c:/program files (x86)/atollic/truestudio for stm32 9.1.0/armtools/bin/../lib/gcc/arm-atollic-eabi/6.3.1/../../../../arm-atollic-eabi/lib/armv7e-m/fpu\libc_nano.a(lib_a-nano-freer.o)
                0x08003320                _free_r
 .text._malloc_r
                0x080033bc       0xbc c:/program files (x86)/atollic/truestudio for stm32 9.1.0/armtools/bin/../lib/gcc/arm-atollic-eabi/6.3.1/../../../../arm-atollic-eabi/lib/armv7e-m/fpu\libc_nano.a(lib_a-nano-mallocr.o)
                0x080033bc                _malloc_r
 .text.printf   0x08003478       0x30 c:/program files (x86)/atollic/truestudio for stm32 9.1.0/armtools/bin/../lib/gcc/arm-atollic-eabi/6.3.1/../../../../arm-atollic-eabi/lib/armv7e-m/fpu\libc_nano.a(lib_a-printf.o)
                0x08003478                iprintf
                0x08003478                printf
 .text._puts_r  0x080034a8       0xb8 c:/program files (x86)/atollic/truestudio for stm32 9.1.0/armtools/bin/../lib/gcc/arm-atollic-eabi/6.3.1/../../../../arm-atollic-eabi/lib/armv7e-m/fpu\libc_nano.a(lib_a-puts.o)
                0x080034a8                _puts_r
 .text.puts     0x08003560       0x10 c:/program files (x86)/atollic/truestudio for stm32 9.1.0/armtools/bin/../lib/gcc/arm-atollic-eabi/6.3.1/../../../../arm-atollic-eabi/lib/armv7e-m/fpu\libc_nano.a(lib_a-puts.o)
                0x08003560                puts
 .text._sbrk_r  0x08003570       0x20 c:/program files (x86)/atollic/truestudio for stm32 9.1.0/armtools/bin/../lib/gcc/arm-atollic-eabi/6.3.1/../../../../arm-atollic-eabi/lib/armv7e-m/fpu\libc_nano.a(lib_a-sbrkr.o)
                0x08003570                _sbrk_r
 .text.sprintf  0x08003590       0x48 c:/program files (x86)/atollic/truestudio for stm32 9.1.0/armtools/bin/../lib/gcc/arm-atollic-eabi/6.3.1/../../../../arm-atollic-eabi/lib/armv7e-m/fpu\libc_nano.a(lib_a-sprintf.o)
                0x08003590                siprintf
                0x08003590                sprintf
 .text.sscanf   0x080035d8       0x54 c:/program files (x86)/atollic/truestudio for stm32 9.1.0/armtools/bin/../lib/gcc/arm-atollic-eabi/6.3.1/../../../../arm-atollic-eabi/lib/armv7e-m/fpu\libc_nano.a(lib_a-sscanf.o)
                0x080035d8                siscanf
                0x080035d8                sscanf
 .text.__sread  0x0800362c       0x22 c:/program files (x86)/atollic/truestudio for stm32 9.1.0/armtools/bin/../lib/gcc/arm-atollic-eabi/6.3.1/../../../../arm-atollic-eabi/lib/armv7e-m/fpu\libc_nano.a(lib_a-stdio.o)
                0x0800362c                __sread
 .text.__seofread
                0x0800364e        0x4 c:/program files (x86)/atollic/truestudio for stm32 9.1.0/armtools/bin/../lib/gcc/arm-atollic-eabi/6.3.1/../../../../arm-atollic-eabi/lib/armv7e-m/fpu\libc_nano.a(lib_a-stdio.o)
                0x0800364e                __seofread
 .text.__swrite
                0x08003652       0x38 c:/program files (x86)/atollic/truestudio for stm32 9.1.0/armtools/bin/../lib/gcc/arm-atollic-eabi/6.3.1/../../../../arm-atollic-eabi/lib/armv7e-m/fpu\libc_nano.a(lib_a-stdio.o)
                0x08003652                __swrite
 .text.__sseek  0x0800368a       0x24 c:/program files (x86)/atollic/truestudio for stm32 9.1.0/armtools/bin/../lib/gcc/arm-atollic-eabi/6.3.1/../../../../arm-atollic-eabi/lib/armv7e-m/fpu\libc_nano.a(lib_a-stdio.o)
                0x0800368a                __sseek
 .text.__sclose
                0x080036ae        0x8 c:/program files (x86)/atollic/truestudio for stm32 9.1.0/armtools/bin/../lib/gcc/arm-atollic-eabi/6.3.1/../../../../arm-atollic-eabi/lib/armv7e-m/fpu\libc_nano.a(lib_a-stdio.o)
                0x080036ae                __sclose
 .text.strchr   0x080036b6       0x1c c:/program files (x86)/atollic/truestudio for stm32 9.1.0/armtools/bin/../lib/gcc/arm-atollic-eabi/6.3.1/../../../../arm-atollic-eabi/lib/armv7e-m/fpu\libc_nano.a(lib_a-strchr.o)
                0x080036b6                strchr
 .text.strcpy   0x080036d2       0x10 c:/program files (x86)/atollic/truestudio for stm32 9.1.0/armtools/bin/../lib/gcc/arm-atollic-eabi/6.3.1/../../../../arm-atollic-eabi/lib/armv7e-m/fpu\libc_nano.a(lib_a-strcpy.o)
                0x080036d2                strcpy
 .text.strncasecmp
                0x080036e2       0x4e c:/program files (x86)/atollic/truestudio for stm32 9.1.0/armtools/bin/../lib/gcc/arm-atollic-eabi/6.3.1/../../../../arm-atollic-eabi/lib/armv7e-m/fpu\libc_nano.a(lib_a-strncasecmp.o)
                0x080036e2                strncasecmp
 .text.strrchr  0x08003730       0x26 c:/program files (x86)/atollic/truestudio for stm32 9.1.0/armtools/bin/../lib/gcc/arm-atollic-eabi/6.3.1/../../../../arm-atollic-eabi/lib/armv7e-m/fpu\libc_nano.a(lib_a-strrchr.o)
                0x08003730                strrchr
 .text.strstr   0x08003756       0x36 c:/program files (x86)/atollic/truestudio for stm32 9.1.0/armtools/bin/../lib/gcc/arm-atollic-eabi/6.3.1/../../../../arm-atollic-eabi/lib/armv7e-m/fpu\libc_nano.a(lib_a-strstr.o)
                0x08003756                strstr
 .text.strtok   0x0800378c       0x54 c:/program files (x86)/atollic/truestudio for stm32 9.1.0/armtools/bin/../lib/gcc/arm-atollic-eabi/6.3.1/../../../../arm-atollic-eabi/lib/armv7e-m/fpu\libc_nano.a(lib_a-strtok.o)
                0x0800378c                strtok
 .text.__strtok_r
                0x080037e0       0x52 c:/program files (x86)/atollic/truestudio for stm32 9.1.0/armtools/bin/../lib/gcc/arm-atollic-eabi/6.3.1/../../../../arm-atollic-eabi/lib/armv7e-m/fpu\libc_nano.a(lib_a-strtok_r.o)
                0x080037e0                __strtok_r
 .text._strtol_l.isra.0
                0x08003832      0x100 c:/program files (x86)/atollic/truestudio for stm32 9.1.0/armtools/bin/../lib/gcc/arm-atollic-eabi/6.3.1/../../../../arm-atollic-eabi/lib/armv7e-m/fpu\libc_nano.a(lib_a-strtol.o)
 *fill*         0x08003932        0x2 
 .text._strtol_r
                0x08003934       0x24 c:/program files (x86)/atollic/truestudio for stm32 9.1.0/armtools/bin/../lib/gcc/arm-atollic-eabi/6.3.1/../../../../arm-atollic-eabi/lib/armv7e-m/fpu\libc_nano.a(lib_a-strtol.o)
                0x08003934                _strtol_r
 .text.strtol   0x08003958       0x2c c:/program files (x86)/atollic/truestudio for stm32 9.1.0/armtools/bin/../lib/gcc/arm-atollic-eabi/6.3.1/../../../../arm-atollic-eabi/lib/armv7e-m/fpu\libc_nano.a(lib_a-strtol.o)
                0x08003958                strtol
 .text.__swbuf_r
                0x08003984       0xa4 c:/program files (x86)/atollic/truestudio for stm32 9.1.0/armtools/bin/../lib/gcc/arm-atollic-eabi/6.3.1/../../../../arm-atollic-eabi/lib/armv7e-m/fpu\libc_nano.a(lib_a-wbuf.o)
                0x08003984                __swbuf_r
 .text._write_r
                0x08003a28       0x24 c:/program files (x86)/atollic/truestudio for stm32 9.1.0/armtools/bin/../lib/gcc/arm-atollic-eabi/6.3.1/../../../../arm-atollic-eabi/lib/armv7e-m/fpu\libc_nano.a(lib_a-writer.o)
                0x08003a28                _write_r
 .text.__swsetup_r
                0x08003a4c       0xdc c:/program files (x86)/atollic/truestudio for stm32 9.1.0/armtools/bin/../lib/gcc/arm-atollic-eabi/6.3.1/../../../../arm-atollic-eabi/lib/armv7e-m/fpu\libc_nano.a(lib_a-wsetup.o)
                0x08003a4c                __swsetup_r
 .text._close_r
                0x08003b28       0x20 c:/program files (x86)/atollic/truestudio for stm32 9.1.0/armtools/bin/../lib/gcc/arm-atollic-eabi/6.3.1/../../../../arm-atollic-eabi/lib/armv7e-m/fpu\libc_nano.a(lib_a-closer.o)
                0x08003b28                _close_r
 .text.__locale_ctype_ptr_l
                0x08003b48        0x6 c:/program files (x86)/atollic/truestudio for stm32 9.1.0/armtools/bin/../lib/gcc/arm-atollic-eabi/6.3.1/../../../../arm-atollic-eabi/lib/armv7e-m/fpu\libc_nano.a(lib_a-locale.o)
                0x08003b48                __locale_ctype_ptr_l
 *fill*         0x08003b4e        0x2 
 .text.__locale_ctype_ptr
                0x08003b50       0x1c c:/program files (x86)/atollic/truestudio for stm32 9.1.0/armtools/bin/../lib/gcc/arm-atollic-eabi/6.3.1/../../../../arm-atollic-eabi/lib/armv7e-m/fpu\libc_nano.a(lib_a-locale.o)
                0x08003b50                __locale_ctype_ptr
 .text._lseek_r
                0x08003b6c       0x24 c:/program files (x86)/atollic/truestudio for stm32 9.1.0/armtools/bin/../lib/gcc/arm-atollic-eabi/6.3.1/../../../../arm-atollic-eabi/lib/armv7e-m/fpu\libc_nano.a(lib_a-lseekr.o)
                0x08003b6c                _lseek_r
 .text.__swhatbuf_r
                0x08003b90       0x48 c:/program files (x86)/atollic/truestudio for stm32 9.1.0/armtools/bin/../lib/gcc/arm-atollic-eabi/6.3.1/../../../../arm-atollic-eabi/lib/armv7e-m/fpu\libc_nano.a(lib_a-makebuf.o)
                0x08003b90                __swhatbuf_r
 .text.__smakebuf_r
                0x08003bd8       0x80 c:/program files (x86)/atollic/truestudio for stm32 9.1.0/armtools/bin/../lib/gcc/arm-atollic-eabi/6.3.1/../../../../arm-atollic-eabi/lib/armv7e-m/fpu\libc_nano.a(lib_a-makebuf.o)
                0x08003bd8                __smakebuf_r
 .text.malloc   0x08003c58       0x10 c:/program files (x86)/atollic/truestudio for stm32 9.1.0/armtools/bin/../lib/gcc/arm-atollic-eabi/6.3.1/../../../../arm-atollic-eabi/lib/armv7e-m/fpu\libc_nano.a(lib_a-malloc.o)
                0x08003c58                malloc
 .text.__ascii_mbtowc
                0x08003c68       0x24 c:/program files (x86)/atollic/truestudio for stm32 9.1.0/armtools/bin/../lib/gcc/arm-atollic-eabi/6.3.1/../../../../arm-atollic-eabi/lib/armv7e-m/fpu\libc_nano.a(lib_a-mbtowc_r.o)
                0x08003c68                __ascii_mbtowc
 .text.__malloc_lock
                0x08003c8c        0x2 c:/program files (x86)/atollic/truestudio for stm32 9.1.0/armtools/bin/../lib/gcc/arm-atollic-eabi/6.3.1/../../../../arm-atollic-eabi/lib/armv7e-m/fpu\libc_nano.a(lib_a-mlock.o)
                0x08003c8c                __malloc_lock
 .text.__malloc_unlock
                0x08003c8e        0x2 c:/program files (x86)/atollic/truestudio for stm32 9.1.0/armtools/bin/../lib/gcc/arm-atollic-eabi/6.3.1/../../../../arm-atollic-eabi/lib/armv7e-m/fpu\libc_nano.a(lib_a-mlock.o)
                0x08003c8e                __malloc_unlock
 .text.__ssputs_r
                0x08003c90       0xb6 c:/program files (x86)/atollic/truestudio for stm32 9.1.0/armtools/bin/../lib/gcc/arm-atollic-eabi/6.3.1/../../../../arm-atollic-eabi/lib/armv7e-m/fpu\libc_nano.a(lib_a-nano-svfprintf.o)
                0x08003c90                __ssputs_r
 *fill*         0x08003d46        0x2 
 .text._svfprintf_r
                0x08003d48      0x1e8 c:/program files (x86)/atollic/truestudio for stm32 9.1.0/armtools/bin/../lib/gcc/arm-atollic-eabi/6.3.1/../../../../arm-atollic-eabi/lib/armv7e-m/fpu\libc_nano.a(lib_a-nano-svfprintf.o)
                0x08003d48                _svfiprintf_r
                0x08003d48                _svfprintf_r
 .text._sungetc_r
                0x08003f30       0x7a c:/program files (x86)/atollic/truestudio for stm32 9.1.0/armtools/bin/../lib/gcc/arm-atollic-eabi/6.3.1/../../../../arm-atollic-eabi/lib/armv7e-m/fpu\libc_nano.a(lib_a-nano-svfscanf.o)
                0x08003f30                _sungetc_r
 .text.__ssrefill_r
                0x08003faa       0x3a c:/program files (x86)/atollic/truestudio for stm32 9.1.0/armtools/bin/../lib/gcc/arm-atollic-eabi/6.3.1/../../../../arm-atollic-eabi/lib/armv7e-m/fpu\libc_nano.a(lib_a-nano-svfscanf.o)
                0x08003faa                __ssrefill_r
 .text.__ssvfscanf_r
                0x08003fe4      0x2a8 c:/program files (x86)/atollic/truestudio for stm32 9.1.0/armtools/bin/../lib/gcc/arm-atollic-eabi/6.3.1/../../../../arm-atollic-eabi/lib/armv7e-m/fpu\libc_nano.a(lib_a-nano-svfscanf.o)
                0x08003fe4                __ssvfiscanf_r
                0x08003fe4                __ssvfscanf_r
 .text.__sfputc_r
                0x0800428c       0x30 c:/program files (x86)/atollic/truestudio for stm32 9.1.0/armtools/bin/../lib/gcc/arm-atollic-eabi/6.3.1/../../../../arm-atollic-eabi/lib/armv7e-m/fpu\libc_nano.a(lib_a-nano-vfprintf.o)
 .text.__sfputs_r
                0x080042bc       0x24 c:/program files (x86)/atollic/truestudio for stm32 9.1.0/armtools/bin/../lib/gcc/arm-atollic-eabi/6.3.1/../../../../arm-atollic-eabi/lib/armv7e-m/fpu\libc_nano.a(lib_a-nano-vfprintf.o)
                0x080042bc                __sfputs_r
 .text._vfprintf_r
                0x080042e0      0x22c c:/program files (x86)/atollic/truestudio for stm32 9.1.0/armtools/bin/../lib/gcc/arm-atollic-eabi/6.3.1/../../../../arm-atollic-eabi/lib/armv7e-m/fpu\libc_nano.a(lib_a-nano-vfprintf.o)
                0x080042e0                _vfprintf_r
                0x080042e0                _vfiprintf_r
 .text._printf_common
                0x0800450c       0xec c:/program files (x86)/atollic/truestudio for stm32 9.1.0/armtools/bin/../lib/gcc/arm-atollic-eabi/6.3.1/../../../../arm-atollic-eabi/lib/armv7e-m/fpu\libc_nano.a(lib_a-nano-vfprintf_i.o)
                0x0800450c                _printf_common
 .text._printf_i
                0x080045f8      0x240 c:/program files (x86)/atollic/truestudio for stm32 9.1.0/armtools/bin/../lib/gcc/arm-atollic-eabi/6.3.1/../../../../arm-atollic-eabi/lib/armv7e-m/fpu\libc_nano.a(lib_a-nano-vfprintf_i.o)
                0x080045f8                _printf_i
 .text._scanf_chars
                0x08004838       0xc8 c:/program files (x86)/atollic/truestudio for stm32 9.1.0/armtools/bin/../lib/gcc/arm-atollic-eabi/6.3.1/../../../../arm-atollic-eabi/lib/armv7e-m/fpu\libc_nano.a(lib_a-nano-vfscanf_i.o)
                0x08004838                _scanf_chars
 .text._scanf_i
                0x08004900      0x1e8 c:/program files (x86)/atollic/truestudio for stm32 9.1.0/armtools/bin/../lib/gcc/arm-atollic-eabi/6.3.1/../../../../arm-atollic-eabi/lib/armv7e-m/fpu\libc_nano.a(lib_a-nano-vfscanf_i.o)
                0x08004900                _scanf_i
 .text._read_r  0x08004ae8       0x24 c:/program files (x86)/atollic/truestudio for stm32 9.1.0/armtools/bin/../lib/gcc/arm-atollic-eabi/6.3.1/../../../../arm-atollic-eabi/lib/armv7e-m/fpu\libc_nano.a(lib_a-readr.o)
                0x08004ae8                _read_r
 .text.__sccl   0x08004b0c       0x60 c:/program files (x86)/atollic/truestudio for stm32 9.1.0/armtools/bin/../lib/gcc/arm-atollic-eabi/6.3.1/../../../../arm-atollic-eabi/lib/armv7e-m/fpu\libc_nano.a(lib_a-sccl.o)
                0x08004b0c                __sccl
 .text._strtoul_l.isra.0
                0x08004b6c       0xfa c:/program files (x86)/atollic/truestudio for stm32 9.1.0/armtools/bin/../lib/gcc/arm-atollic-eabi/6.3.1/../../../../arm-atollic-eabi/lib/armv7e-m/fpu\libc_nano.a(lib_a-strtoul.o)
 *fill*         0x08004c66        0x2 
 .text._strtoul_r
                0x08004c68       0x24 c:/program files (x86)/atollic/truestudio for stm32 9.1.0/armtools/bin/../lib/gcc/arm-atollic-eabi/6.3.1/../../../../arm-atollic-eabi/lib/armv7e-m/fpu\libc_nano.a(lib_a-strtoul.o)
                0x08004c68                _strtoul_r
 .text.__submore
                0x08004c8c       0x76 c:/program files (x86)/atollic/truestudio for stm32 9.1.0/armtools/bin/../lib/gcc/arm-atollic-eabi/6.3.1/../../../../arm-atollic-eabi/lib/armv7e-m/fpu\libc_nano.a(lib_a-ungetc.o)
                0x08004c8c                __submore
 .text.__ascii_wctomb
                0x08004d02       0x1a c:/program files (x86)/atollic/truestudio for stm32 9.1.0/armtools/bin/../lib/gcc/arm-atollic-eabi/6.3.1/../../../../arm-atollic-eabi/lib/armv7e-m/fpu\libc_nano.a(lib_a-wctomb_r.o)
                0x08004d02                __ascii_wctomb
 .text._fstat_r
                0x08004d1c       0x24 c:/program files (x86)/atollic/truestudio for stm32 9.1.0/armtools/bin/../lib/gcc/arm-atollic-eabi/6.3.1/../../../../arm-atollic-eabi/lib/armv7e-m/fpu\libc_nano.a(lib_a-fstatr.o)
                0x08004d1c                _fstat_r
 .text._isatty_r
                0x08004d40       0x20 c:/program files (x86)/atollic/truestudio for stm32 9.1.0/armtools/bin/../lib/gcc/arm-atollic-eabi/6.3.1/../../../../arm-atollic-eabi/lib/armv7e-m/fpu\libc_nano.a(lib_a-isattyr.o)
                0x08004d40                _isatty_r
 .text.memmove  0x08004d60       0x34 c:/program files (x86)/atollic/truestudio for stm32 9.1.0/armtools/bin/../lib/gcc/arm-atollic-eabi/6.3.1/../../../../arm-atollic-eabi/lib/armv7e-m/fpu\libc_nano.a(lib_a-memmove.o)
                0x08004d60                memmove
 .text._realloc_r
                0x08004d94       0x4c c:/program files (x86)/atollic/truestudio for stm32 9.1.0/armtools/bin/../lib/gcc/arm-atollic-eabi/6.3.1/../../../../arm-atollic-eabi/lib/armv7e-m/fpu\libc_nano.a(lib_a-nano-reallocr.o)
                0x08004d94                _realloc_r
 .text._malloc_usable_size_r
                0x08004de0       0x12 c:/program files (x86)/atollic/truestudio for stm32 9.1.0/armtools/bin/../lib/gcc/arm-atollic-eabi/6.3.1/../../../../arm-atollic-eabi/lib/armv7e-m/fpu\libc_nano.a(lib_a-nano-msizer.o)
                0x08004de0                _malloc_usable_size_r
 *fill*         0x08004df2        0x2 
 .text._close   0x08004df4       0x10 c:/program files (x86)/atollic/truestudio for stm32 9.1.0/armtools/bin/../lib/gcc/arm-atollic-eabi/6.3.1/../../../../arm-atollic-eabi/lib/armv7e-m/fpu\libnosys.a(close.o)
                0x08004df4                _close
 .text._fstat   0x08004e04       0x10 c:/program files (x86)/atollic/truestudio for stm32 9.1.0/armtools/bin/../lib/gcc/arm-atollic-eabi/6.3.1/../../../../arm-atollic-eabi/lib/armv7e-m/fpu\libnosys.a(fstat.o)
                0x08004e04                _fstat
 .text._isatty  0x08004e14       0x10 c:/program files (x86)/atollic/truestudio for stm32 9.1.0/armtools/bin/../lib/gcc/arm-atollic-eabi/6.3.1/../../../../arm-atollic-eabi/lib/armv7e-m/fpu\libnosys.a(isatty.o)
                0x08004e14                _isatty
 .text._lseek   0x08004e24       0x10 c:/program files (x86)/atollic/truestudio for stm32 9.1.0/armtools/bin/../lib/gcc/arm-atollic-eabi/6.3.1/../../../../arm-atollic-eabi/lib/armv7e-m/fpu\libnosys.a(lseek.o)
                0x08004e24                _lseek
 .text._read    0x08004e34       0x10 c:/program files (x86)/atollic/truestudio for stm32 9.1.0/armtools/bin/../lib/gcc/arm-atollic-eabi/6.3.1/../../../../arm-atollic-eabi/lib/armv7e-m/fpu\libnosys.a(read.o)
                0x08004e34                _read
 .text._sbrk    0x08004e44       0x1c c:/program files (x86)/atollic/truestudio for stm32 9.1.0/armtools/bin/../lib/gcc/arm-atollic-eabi/6.3.1/../../../../arm-atollic-eabi/lib/armv7e-m/fpu\libnosys.a(sbrk.o)
                0x08004e44                _sbrk
 .text._write   0x08004e60       0x10 c:/program files (x86)/atollic/truestudio for stm32 9.1.0/armtools/bin/../lib/gcc/arm-atollic-eabi/6.3.1/../../../../arm-atollic-eabi/lib/armv7e-m/fpu\libnosys.a(write.o)
                0x08004e60                _write
 *(.glue_7)
 .glue_7        0x08004e70        0x0 linker stubs
 *(.glue_7t)
 .glue_7t       0x08004e70        0x0 linker stubs
 *(.eh_frame)
 .eh_frame      0x08004e70        0x0 c:/program files (x86)/atollic/truestudio for stm32 9.1.0/armtools/bin/../lib/gcc/arm-atollic-eabi/6.3.1/armv7e-m/fpu/crtbegin.o
 *(.init)
 .init          0x08004e70        0x4 c:/program files (x86)/atollic/truestudio for stm32 9.1.0/armtools/bin/../lib/gcc/arm-atollic-eabi/6.3.1/armv7e-m/fpu/crti.o
                0x08004e70                _init
 .init          0x08004e74        0x8 c:/program files (x86)/atollic/truestudio for stm32 9.1.0/armtools/bin/../lib/gcc/arm-atollic-eabi/6.3.1/armv7e-m/fpu/crtn.o
 *(.fini)
 .fini          0x08004e7c        0x4 c:/program files (x86)/atollic/truestudio for stm32 9.1.0/armtools/bin/../lib/gcc/arm-atollic-eabi/6.3.1/armv7e-m/fpu/crti.o
                0x08004e7c                _fini
 .fini          0x08004e80        0x8 c:/program files (x86)/atollic/truestudio for stm32 9.1.0/armtools/bin/../lib/gcc/arm-atollic-eabi/6.3.1/armv7e-m/fpu/crtn.o
                0x08004e88                . = ALIGN (0x4)
                0x08004e88                _etext = .

.vfp11_veneer   0x08004e88        0x0
 .vfp11_veneer  0x08004e88        0x0 linker stubs

.v4_bx          0x08004e88        0x0
 .v4_bx         0x08004e88        0x0 linker stubs

.iplt           0x08004e88        0x0
 .iplt          0x08004e88        0x0 c:/program files (x86)/atollic/truestudio for stm32 9.1.0/armtools/bin/../lib/gcc/arm-atollic-eabi/6.3.1/armv7e-m/fpu/crtbegin.o

.rodata         0x08004e88     0x1df0
                0x08004e88                . = ALIGN (0x4)
 *(.rodata)
 .rodata        0x08004e88        0xc c:/program files (x86)/atollic/truestudio for stm32 9.1.0/armtools/bin/../lib/gcc/arm-atollic-eabi/6.3.1/../../../../arm-atollic-eabi/lib/armv7e-m/fpu\libc_nano.a(lib_a-nano-vfscanf_i.o)
 *(.rodata*)
 .rodata.HAL_CAN_ErrorCallback.str1.1
                0x08004e94       0x51 Src\can.o
 .rodata.HAL_CAN_RxFifo0MsgPendingCallback.str1.1
                0x08004ee5       0x77 Src\can.o
 .rodata.main.str1.1
                0x08004f5c       0x44 Src\main.o
 .rodata.cmd_funcArgs.str1.1
                0x08004fa0        0x5 Src\spwf04WiFi.o
                                  0x7 (size before relaxing)
 *fill*         0x08004fa5        0x3 
 .rodata.cmds   0x08004fa8      0x5dc Src\spwf04WiFi.o
 .rodata.get_cmd_id.str1.1
                0x08005584       0x19 Src\spwf04WiFi.o
 .rodata.run_spi_cmd.str1.1
                0x0800559d        0xe Src\spwf04WiFi.o
                                 0x11 (size before relaxing)
 .rodata.str1.1
                0x080055ab     0x1142 Src\spwf04WiFi.o
                               0x1145 (size before relaxing)
 .rodata.Timer_Config.str1.1
                0x080066ed       0x19 Src\stm32_spwf_wifi.o
 .rodata.AHBPrescTable
                0x08006706       0x10 Src\system_stm32f4xx.o
                0x08006706                AHBPrescTable
 .rodata.APBPrescTable
                0x08006716        0x8 Src\system_stm32f4xx.o
                0x08006716                APBPrescTable
 .rodata.str1.1
                0x0800671e       0x41 Src\wifi_globals.o
 .rodata.wifi_ap_start.str1.1
                0x0800675f       0x53 Src\wifi_interface.o
 .rodata.wifi_connect.str1.1
                0x080067b2      0x11d Src\wifi_interface.o
 .rodata.wifi_init.str1.1
                0x080068cf       0xac Src\wifi_interface.o
                                 0xc0 (size before relaxing)
 .rodata.SET_Configuration_Addr.str1.1
                0x0800697b       0x26 Src\wifi_module.o
 .rodata.SET_Configuration_Value.str1.1
                0x080069a1       0x10 Src\wifi_module.o
 .rodata.SET_SSID.str1.1
                0x080069b1       0x55 Src\wifi_module.o
 .rodata.SET_WiFi_SecKey.str1.1
                0x08006a06       0x4e Src\wifi_module.o
 .rodata.WiFi_Module_Init.str1.1
                0x08006a54       0x4e Src\wifi_module.o
                                  0x6 (size before relaxing)
 .rodata.wifi_firmware_middleware_version_compatibility.str1.1
                0x08006a54       0x5e Src\wifi_module.o
 .rodata.SPI_Send_AT_Command.str1.1
                0x08006ab2        0x9 Src\wifi_module_spi.o
 *fill*         0x08006abb        0x1 
 .rodata.__sf_fake_stderr
                0x08006abc       0x20 c:/program files (x86)/atollic/truestudio for stm32 9.1.0/armtools/bin/../lib/gcc/arm-atollic-eabi/6.3.1/../../../../arm-atollic-eabi/lib/armv7e-m/fpu\libc_nano.a(lib_a-findfp.o)
                0x08006abc                __sf_fake_stderr
 .rodata.__sf_fake_stdin
                0x08006adc       0x20 c:/program files (x86)/atollic/truestudio for stm32 9.1.0/armtools/bin/../lib/gcc/arm-atollic-eabi/6.3.1/../../../../arm-atollic-eabi/lib/armv7e-m/fpu\libc_nano.a(lib_a-findfp.o)
                0x08006adc                __sf_fake_stdin
 .rodata.__sf_fake_stdout
                0x08006afc       0x20 c:/program files (x86)/atollic/truestudio for stm32 9.1.0/armtools/bin/../lib/gcc/arm-atollic-eabi/6.3.1/../../../../arm-atollic-eabi/lib/armv7e-m/fpu\libc_nano.a(lib_a-findfp.o)
                0x08006afc                __sf_fake_stdout
 .rodata._global_impure_ptr
                0x08006b1c        0x4 c:/program files (x86)/atollic/truestudio for stm32 9.1.0/armtools/bin/../lib/gcc/arm-atollic-eabi/6.3.1/../../../../arm-atollic-eabi/lib/armv7e-m/fpu\libc_nano.a(lib_a-impure.o)
                0x08006b1c                _global_impure_ptr
 .rodata._setlocale_r.str1.1
                0x08006b20        0x6 c:/program files (x86)/atollic/truestudio for stm32 9.1.0/armtools/bin/../lib/gcc/arm-atollic-eabi/6.3.1/../../../../arm-atollic-eabi/lib/armv7e-m/fpu\libc_nano.a(lib_a-locale.o)
                                  0x9 (size before relaxing)
 .rodata.str1.1
                0x08006b26        0x6 c:/program files (x86)/atollic/truestudio for stm32 9.1.0/armtools/bin/../lib/gcc/arm-atollic-eabi/6.3.1/../../../../arm-atollic-eabi/lib/armv7e-m/fpu\libc_nano.a(lib_a-locale.o)
                                  0x2 (size before relaxing)
 .rodata._svfprintf_r.str1.1
                0x08006b26       0x11 c:/program files (x86)/atollic/truestudio for stm32 9.1.0/armtools/bin/../lib/gcc/arm-atollic-eabi/6.3.1/../../../../arm-atollic-eabi/lib/armv7e-m/fpu\libc_nano.a(lib_a-nano-svfprintf.o)
 .rodata.__ssvfscanf_r.str1.1
                0x08006b37        0x4 c:/program files (x86)/atollic/truestudio for stm32 9.1.0/armtools/bin/../lib/gcc/arm-atollic-eabi/6.3.1/../../../../arm-atollic-eabi/lib/armv7e-m/fpu\libc_nano.a(lib_a-nano-svfscanf.o)
 .rodata._vfprintf_r.str1.1
                0x08006b37       0x11 c:/program files (x86)/atollic/truestudio for stm32 9.1.0/armtools/bin/../lib/gcc/arm-atollic-eabi/6.3.1/../../../../arm-atollic-eabi/lib/armv7e-m/fpu\libc_nano.a(lib_a-nano-vfprintf.o)
 .rodata._printf_i.str1.1
                0x08006b37       0x22 c:/program files (x86)/atollic/truestudio for stm32 9.1.0/armtools/bin/../lib/gcc/arm-atollic-eabi/6.3.1/../../../../arm-atollic-eabi/lib/armv7e-m/fpu\libc_nano.a(lib_a-nano-vfprintf_i.o)
 .rodata._scanf_i.str1.1
                0x08006b59       0x12 c:/program files (x86)/atollic/truestudio for stm32 9.1.0/armtools/bin/../lib/gcc/arm-atollic-eabi/6.3.1/../../../../arm-atollic-eabi/lib/armv7e-m/fpu\libc_nano.a(lib_a-nano-vfscanf_i.o)
 .rodata.str1.1
                0x08006b6b        0x9 c:/program files (x86)/atollic/truestudio for stm32 9.1.0/armtools/bin/../lib/gcc/arm-atollic-eabi/6.3.1/../../../../arm-atollic-eabi/lib/armv7e-m/fpu\libc_nano.a(lib_a-nano-vfscanf_i.o)
 .rodata._ctype_
                0x08006b74      0x101 c:/program files (x86)/atollic/truestudio for stm32 9.1.0/armtools/bin/../lib/gcc/arm-atollic-eabi/6.3.1/../../../../arm-atollic-eabi/lib/armv7e-m/fpu\libc_nano.a(lib_a-ctype_.o)
                0x08006b74                _ctype_
                0x08006c78                . = ALIGN (0x4)
 *fill*         0x08006c75        0x3 

.ARM.extab
 *(.ARM.extab* .gnu.linkonce.armextab.*)

.ARM            0x08006c78        0x8
                0x08006c78                __exidx_start = .
 *(.ARM.exidx*)
 .ARM.exidx     0x08006c78        0x8 c:/program files (x86)/atollic/truestudio for stm32 9.1.0/armtools/bin/../lib/gcc/arm-atollic-eabi/6.3.1/armv7e-m/fpu\libgcc.a(_udivmoddi4.o)
                0x08006c80                __exidx_end = .

.rel.dyn        0x08006c80        0x0
 .rel.iplt      0x08006c80        0x0 c:/program files (x86)/atollic/truestudio for stm32 9.1.0/armtools/bin/../lib/gcc/arm-atollic-eabi/6.3.1/armv7e-m/fpu/crtbegin.o

.preinit_array  0x08006c80        0x0
                0x08006c80                PROVIDE (__preinit_array_start, .)
 *(.preinit_array*)
                0x08006c80                PROVIDE (__preinit_array_end, .)

.init_array     0x08006c80        0x4
                0x08006c80                PROVIDE (__init_array_start, .)
 *(SORT(.init_array.*))
 *(.init_array*)
 .init_array    0x08006c80        0x4 c:/program files (x86)/atollic/truestudio for stm32 9.1.0/armtools/bin/../lib/gcc/arm-atollic-eabi/6.3.1/armv7e-m/fpu/crtbegin.o
                0x08006c84                PROVIDE (__init_array_end, .)

.fini_array     0x08006c84        0x4
                [!provide]                PROVIDE (__fini_array_start, .)
 *(SORT(.fini_array.*))
 *(.fini_array*)
 .fini_array    0x08006c84        0x4 c:/program files (x86)/atollic/truestudio for stm32 9.1.0/armtools/bin/../lib/gcc/arm-atollic-eabi/6.3.1/armv7e-m/fpu/crtbegin.o
                [!provide]                PROVIDE (__fini_array_end, .)
                0x08006c88                _sidata = LOADADDR (.data)

.data           0x20000000      0x1ec load address 0x08006c88
                0x20000000                . = ALIGN (0x4)
                0x20000000                _sdata = .
 *(.data)
 *(.data*)
 .data.uwTickFreq
                0x20000000        0x1 Drivers\STM32F4xx_HAL_Driver\Src\stm32f4xx_hal.o
                0x20000000                uwTickFreq
 *fill*         0x20000001        0x3 
 .data.uwTickPrio
                0x20000004        0x4 Drivers\STM32F4xx_HAL_Driver\Src\stm32f4xx_hal.o
                0x20000004                uwTickPrio
 .data.baud_rate
                0x20000008        0x4 Src\main.o
                0x20000008                baud_rate
 .data.GPIO_PORT
                0x2000000c        0x4 Src\stm32f4xx_nucleo.o
                0x2000000c                GPIO_PORT
 .data.SystemCoreClock
                0x20000010        0x4 Src\system_stm32f4xx.o
                0x20000010                SystemCoreClock
 .data.SW_FW_COMPATIBILITY
                0x20000014        0x8 Src\wifi_globals.o
                0x20000014                SW_FW_COMPATIBILITY
 .data._impure_ptr
                0x2000001c        0x4 c:/program files (x86)/atollic/truestudio for stm32 9.1.0/armtools/bin/../lib/gcc/arm-atollic-eabi/6.3.1/../../../../arm-atollic-eabi/lib/armv7e-m/fpu\libc_nano.a(lib_a-impure.o)
                0x2000001c                _impure_ptr
 .data.impure_data
                0x20000020       0x60 c:/program files (x86)/atollic/truestudio for stm32 9.1.0/armtools/bin/../lib/gcc/arm-atollic-eabi/6.3.1/../../../../arm-atollic-eabi/lib/armv7e-m/fpu\libc_nano.a(lib_a-impure.o)
 .data.__global_locale
                0x20000080      0x16c c:/program files (x86)/atollic/truestudio for stm32 9.1.0/armtools/bin/../lib/gcc/arm-atollic-eabi/6.3.1/../../../../arm-atollic-eabi/lib/armv7e-m/fpu\libc_nano.a(lib_a-locale.o)
                0x20000080                __global_locale
                0x200001ec                . = ALIGN (0x4)
                0x200001ec                _edata = .

.igot.plt       0x200001ec        0x0 load address 0x08006e74
 .igot.plt      0x200001ec        0x0 c:/program files (x86)/atollic/truestudio for stm32 9.1.0/armtools/bin/../lib/gcc/arm-atollic-eabi/6.3.1/armv7e-m/fpu/crtbegin.o
                0x200001ec                . = ALIGN (0x4)

.bss            0x200001ec     0x22a0 load address 0x08006e74
                0x200001ec                _sbss = .
                0x200001ec                __bss_start__ = _sbss
 *(.bss)
 .bss           0x200001ec       0x1c c:/program files (x86)/atollic/truestudio for stm32 9.1.0/armtools/bin/../lib/gcc/arm-atollic-eabi/6.3.1/armv7e-m/fpu/crtbegin.o
 *(.bss*)
 .bss.event_buffer
                0x20000208      0x190 Src\event_buffer.o
 .bss.ring_buffer
                0x20000398      0x400 Src\ring_buffer.o
 .bss.uwPrescalerValue
                0x20000798        0x4 Src\stm32_spwf_wifi.o
                0x20000798                uwPrescalerValue
 .bss.wifi_connected
                0x2000079c        0x1 Src\wifi_globals.o
                0x2000079c                wifi_connected
 *fill*         0x2000079d        0x3 
 .bss.__malloc_free_list
                0x200007a0        0x4 c:/program files (x86)/atollic/truestudio for stm32 9.1.0/armtools/bin/../lib/gcc/arm-atollic-eabi/6.3.1/../../../../arm-atollic-eabi/lib/armv7e-m/fpu\libc_nano.a(lib_a-nano-mallocr.o)
                0x200007a0                __malloc_free_list
 .bss.__malloc_sbrk_start
                0x200007a4        0x4 c:/program files (x86)/atollic/truestudio for stm32 9.1.0/armtools/bin/../lib/gcc/arm-atollic-eabi/6.3.1/../../../../arm-atollic-eabi/lib/armv7e-m/fpu\libc_nano.a(lib_a-nano-mallocr.o)
                0x200007a4                __malloc_sbrk_start
 .bss.heap_end.5239
                0x200007a8        0x4 c:/program files (x86)/atollic/truestudio for stm32 9.1.0/armtools/bin/../lib/gcc/arm-atollic-eabi/6.3.1/../../../../arm-atollic-eabi/lib/armv7e-m/fpu\libnosys.a(sbrk.o)
 *(COMMON)
 COMMON         0x200007ac        0x4 Drivers\STM32F4xx_HAL_Driver\Src\stm32f4xx_hal.o
                0x200007ac                uwTick
 COMMON         0x200007b0       0xb0 Src\can.o
                0x200007b0                TxData
                0x200007b8                TxMailbox
                0x200007bc                RxData
                0x200007c4                huart2
                0x20000804                hcan1
                0x2000082c                TxHeader
                0x20000844                RxHeader
 COMMON         0x20000860       0x90 Src\main.o
                0x20000860                wifi_ip_addr
                0x20000874                wifi_state
                0x20000878                UART_MsgHandle
                0x200008b8                config
 COMMON         0x200008f0     0x171c Src\wifi_globals.o
                0x200008f0                client_connected_on_server_socket
                0x20000900                IO_status_flag
                0x20000918                UartMsgHandle
                0x2000091c                wifi_scanned_list
                0x20000920                UserDataBuff
                0x20000b20                UartWiFiHandle
                0x20000b60                packet_payload_data_available
                0x20000b61                WiFi_Control_Variables
                0x20000b6c                WiFi_Counter_Variables
                0x20000c68                WiFi_SPI_Packet
                0x20000ce8                open_sockets
                0x20000cf0                PushTimHandle
                0x20000d2c                open_web_socket
                0x20000d30                SpiHandle
                0x20000d88                dma_buffer
                0x20001588                element
                0x20001590                Client_Socket_Close_Callback
                0x20001598                WiFi_Config_Variables
                0x200015cc                WiFi_AT_Cmd_Buff
                0x20001dcc                pop_buffer
                0x20001fcc                open_server_sockets
                0x20001fd0                TimHandle
 COMMON         0x2000200c       0x4c Src\wifi_module.o
                0x2000200c                ssidpourconnect
                0x20002010                keypourconnect
                0x20002014                wifi_instances
 COMMON         0x20002058      0x42d Src\wifi_module_spi.o
                0x20002058                SPI_Tx_Transfer
                0x2000205a                http_packet_len
                0x2000205c                tx_header_size
                0x20002060                payload_size_to_transmit
                0x20002064                tx_header_data
                0x20002068                payload_len
                0x2000206a                sync
                0x2000206c                payload_read_len
                0x2000206e                Received_Header
                0x20002073                Spi_Transmit_Event
                0x20002074                wind_no
                0x20002075                Spi_Receive_Event
                0x20002076                tx_payload_size
                0x20002077                kind_of_event
                0x20002078                tx_payload_data
                0x2000207c                packet_cont
                0x2000207e                payload_to_read
                0x20002080                dataBuff
                0x20002480                dummy_Header
 *fill*         0x20002485        0x3 
 COMMON         0x20002488        0x4 c:/program files (x86)/atollic/truestudio for stm32 9.1.0/armtools/bin/../lib/gcc/arm-atollic-eabi/6.3.1/../../../../arm-atollic-eabi/lib/armv7e-m/fpu\libc_nano.a(lib_a-reent.o)
                0x20002488                errno
                0x2000248c                . = ALIGN (0x4)
                0x2000248c                _ebss = .
                0x2000248c                __bss_end__ = _ebss

._user_heap_stack
                0x2000248c      0x600 load address 0x08006e74
                0x2000248c                . = ALIGN (0x4)
                0x2000248c                PROVIDE (end, .)
                [!provide]                PROVIDE (_end, .)
                0x2000268c                . = (. + _Min_Heap_Size)
 *fill*         0x2000248c      0x200 
                0x20002a8c                . = (. + _Min_Stack_Size)
 *fill*         0x2000268c      0x400 
                0x20002a8c                . = ALIGN (0x4)

/DISCARD/
 libc.a(*)
 libm.a(*)
 libgcc.a(*)

.ARM.attributes
                0x00000000       0x30
 *(.ARM.attributes)
 .ARM.attributes
                0x00000000       0x22 c:/program files (x86)/atollic/truestudio for stm32 9.1.0/armtools/bin/../lib/gcc/arm-atollic-eabi/6.3.1/armv7e-m/fpu/crti.o
 .ARM.attributes
                0x00000022       0x34 c:/program files (x86)/atollic/truestudio for stm32 9.1.0/armtools/bin/../lib/gcc/arm-atollic-eabi/6.3.1/armv7e-m/fpu/crtbegin.o
 .ARM.attributes
                0x00000056       0x39 Drivers\STM32F4xx_HAL_Driver\Src\stm32f4xx_hal.o
 .ARM.attributes
                0x0000008f       0x39 Drivers\STM32F4xx_HAL_Driver\Src\stm32f4xx_hal_can.o
 .ARM.attributes
                0x000000c8       0x39 Drivers\STM32F4xx_HAL_Driver\Src\stm32f4xx_hal_cortex.o
 .ARM.attributes
                0x00000101       0x39 Drivers\STM32F4xx_HAL_Driver\Src\stm32f4xx_hal_gpio.o
 .ARM.attributes
                0x0000013a       0x39 Drivers\STM32F4xx_HAL_Driver\Src\stm32f4xx_hal_rcc.o
 .ARM.attributes
                0x00000173       0x39 Drivers\STM32F4xx_HAL_Driver\Src\stm32f4xx_hal_rcc_ex.o
 .ARM.attributes
                0x000001ac       0x39 Drivers\STM32F4xx_HAL_Driver\Src\stm32f4xx_hal_tim.o
 .ARM.attributes
                0x000001e5       0x39 Drivers\STM32F4xx_HAL_Driver\Src\stm32f4xx_hal_uart.o
 .ARM.attributes
                0x0000021e       0x39 Src\can.o
 .ARM.attributes
                0x00000257       0x39 Src\event_buffer.o
 .ARM.attributes
                0x00000290       0x39 Src\main.o
 .ARM.attributes
                0x000002c9       0x39 Src\ring_buffer.o
 .ARM.attributes
                0x00000302       0x39 Src\spwf04WiFi.o
 .ARM.attributes
                0x0000033b       0x39 Src\stm32_spwf_wifi.o
 .ARM.attributes
                0x00000374       0x39 Src\stm32f4xx_hal_msp.o
 .ARM.attributes
                0x000003ad       0x39 Src\stm32f4xx_hal_spi.o
 .ARM.attributes
                0x000003e6       0x39 Src\stm32f4xx_it.o
 .ARM.attributes
                0x0000041f       0x39 Src\stm32f4xx_nucleo.o
 .ARM.attributes
                0x00000458       0x39 Src\system_stm32f4xx.o
 .ARM.attributes
                0x00000491       0x39 Src\wifi_globals.o
 .ARM.attributes
                0x000004ca       0x39 Src\wifi_interface.o
 .ARM.attributes
                0x00000503       0x39 Src\wifi_module.o
 .ARM.attributes
                0x0000053c       0x39 Src\wifi_module_spi.o
 .ARM.attributes
                0x00000575       0x21 startup\startup_stm32f446xx.o
 .ARM.attributes
                0x00000596       0x34 c:/program files (x86)/atollic/truestudio for stm32 9.1.0/armtools/bin/../lib/gcc/arm-atollic-eabi/6.3.1/../../../../arm-atollic-eabi/lib/armv7e-m/fpu\libc_nano.a(lib_a-atoi.o)
 .ARM.attributes
                0x000005ca       0x34 c:/program files (x86)/atollic/truestudio for stm32 9.1.0/armtools/bin/../lib/gcc/arm-atollic-eabi/6.3.1/../../../../arm-atollic-eabi/lib/armv7e-m/fpu\libc_nano.a(lib_a-fflush.o)
 .ARM.attributes
                0x000005fe       0x34 c:/program files (x86)/atollic/truestudio for stm32 9.1.0/armtools/bin/../lib/gcc/arm-atollic-eabi/6.3.1/../../../../arm-atollic-eabi/lib/armv7e-m/fpu\libc_nano.a(lib_a-findfp.o)
 .ARM.attributes
                0x00000632       0x34 c:/program files (x86)/atollic/truestudio for stm32 9.1.0/armtools/bin/../lib/gcc/arm-atollic-eabi/6.3.1/../../../../arm-atollic-eabi/lib/armv7e-m/fpu\libc_nano.a(lib_a-fwalk.o)
 .ARM.attributes
                0x00000666       0x34 c:/program files (x86)/atollic/truestudio for stm32 9.1.0/armtools/bin/../lib/gcc/arm-atollic-eabi/6.3.1/../../../../arm-atollic-eabi/lib/armv7e-m/fpu\libc_nano.a(lib_a-impure.o)
 .ARM.attributes
                0x0000069a       0x34 c:/program files (x86)/atollic/truestudio for stm32 9.1.0/armtools/bin/../lib/gcc/arm-atollic-eabi/6.3.1/../../../../arm-atollic-eabi/lib/armv7e-m/fpu\libc_nano.a(lib_a-init.o)
 .ARM.attributes
                0x000006ce       0x20 c:/program files (x86)/atollic/truestudio for stm32 9.1.0/armtools/bin/../lib/gcc/arm-atollic-eabi/6.3.1/../../../../arm-atollic-eabi/lib/armv7e-m/fpu\libc_nano.a(lib_a-memchr.o)
 .ARM.attributes
                0x000006ee       0x34 c:/program files (x86)/atollic/truestudio for stm32 9.1.0/armtools/bin/../lib/gcc/arm-atollic-eabi/6.3.1/../../../../arm-atollic-eabi/lib/armv7e-m/fpu\libc_nano.a(lib_a-memcpy-stub.o)
 .ARM.attributes
                0x00000722       0x34 c:/program files (x86)/atollic/truestudio for stm32 9.1.0/armtools/bin/../lib/gcc/arm-atollic-eabi/6.3.1/../../../../arm-atollic-eabi/lib/armv7e-m/fpu\libc_nano.a(lib_a-memset.o)
 .ARM.attributes
                0x00000756       0x34 c:/program files (x86)/atollic/truestudio for stm32 9.1.0/armtools/bin/../lib/gcc/arm-atollic-eabi/6.3.1/../../../../arm-atollic-eabi/lib/armv7e-m/fpu\libc_nano.a(lib_a-nano-freer.o)
 .ARM.attributes
                0x0000078a       0x34 c:/program files (x86)/atollic/truestudio for stm32 9.1.0/armtools/bin/../lib/gcc/arm-atollic-eabi/6.3.1/../../../../arm-atollic-eabi/lib/armv7e-m/fpu\libc_nano.a(lib_a-nano-mallocr.o)
 .ARM.attributes
                0x000007be       0x34 c:/program files (x86)/atollic/truestudio for stm32 9.1.0/armtools/bin/../lib/gcc/arm-atollic-eabi/6.3.1/../../../../arm-atollic-eabi/lib/armv7e-m/fpu\libc_nano.a(lib_a-printf.o)
 .ARM.attributes
                0x000007f2       0x34 c:/program files (x86)/atollic/truestudio for stm32 9.1.0/armtools/bin/../lib/gcc/arm-atollic-eabi/6.3.1/../../../../arm-atollic-eabi/lib/armv7e-m/fpu\libc_nano.a(lib_a-puts.o)
 .ARM.attributes
                0x00000826       0x34 c:/program files (x86)/atollic/truestudio for stm32 9.1.0/armtools/bin/../lib/gcc/arm-atollic-eabi/6.3.1/../../../../arm-atollic-eabi/lib/armv7e-m/fpu\libc_nano.a(lib_a-sbrkr.o)
 .ARM.attributes
                0x0000085a       0x34 c:/program files (x86)/atollic/truestudio for stm32 9.1.0/armtools/bin/../lib/gcc/arm-atollic-eabi/6.3.1/../../../../arm-atollic-eabi/lib/armv7e-m/fpu\libc_nano.a(lib_a-sprintf.o)
 .ARM.attributes
                0x0000088e       0x34 c:/program files (x86)/atollic/truestudio for stm32 9.1.0/armtools/bin/../lib/gcc/arm-atollic-eabi/6.3.1/../../../../arm-atollic-eabi/lib/armv7e-m/fpu\libc_nano.a(lib_a-sscanf.o)
 .ARM.attributes
                0x000008c2       0x34 c:/program files (x86)/atollic/truestudio for stm32 9.1.0/armtools/bin/../lib/gcc/arm-atollic-eabi/6.3.1/../../../../arm-atollic-eabi/lib/armv7e-m/fpu\libc_nano.a(lib_a-stdio.o)
 .ARM.attributes
                0x000008f6       0x34 c:/program files (x86)/atollic/truestudio for stm32 9.1.0/armtools/bin/../lib/gcc/arm-atollic-eabi/6.3.1/../../../../arm-atollic-eabi/lib/armv7e-m/fpu\libc_nano.a(lib_a-strchr.o)
 .ARM.attributes
                0x0000092a       0x20 c:/program files (x86)/atollic/truestudio for stm32 9.1.0/armtools/bin/../lib/gcc/arm-atollic-eabi/6.3.1/../../../../arm-atollic-eabi/lib/armv7e-m/fpu\libc_nano.a(lib_a-strcmp.o)
 .ARM.attributes
                0x0000094a       0x34 c:/program files (x86)/atollic/truestudio for stm32 9.1.0/armtools/bin/../lib/gcc/arm-atollic-eabi/6.3.1/../../../../arm-atollic-eabi/lib/armv7e-m/fpu\libc_nano.a(lib_a-strcpy.o)
 .ARM.attributes
                0x0000097e       0x1b c:/program files (x86)/atollic/truestudio for stm32 9.1.0/armtools/bin/../lib/gcc/arm-atollic-eabi/6.3.1/../../../../arm-atollic-eabi/lib/armv7e-m/fpu\libc_nano.a(lib_a-strlen.o)
 .ARM.attributes
                0x00000999       0x34 c:/program files (x86)/atollic/truestudio for stm32 9.1.0/armtools/bin/../lib/gcc/arm-atollic-eabi/6.3.1/../../../../arm-atollic-eabi/lib/armv7e-m/fpu\libc_nano.a(lib_a-strncasecmp.o)
 .ARM.attributes
                0x000009cd       0x34 c:/program files (x86)/atollic/truestudio for stm32 9.1.0/armtools/bin/../lib/gcc/arm-atollic-eabi/6.3.1/../../../../arm-atollic-eabi/lib/armv7e-m/fpu\libc_nano.a(lib_a-strrchr.o)
 .ARM.attributes
                0x00000a01       0x34 c:/program files (x86)/atollic/truestudio for stm32 9.1.0/armtools/bin/../lib/gcc/arm-atollic-eabi/6.3.1/../../../../arm-atollic-eabi/lib/armv7e-m/fpu\libc_nano.a(lib_a-strstr.o)
 .ARM.attributes
                0x00000a35       0x34 c:/program files (x86)/atollic/truestudio for stm32 9.1.0/armtools/bin/../lib/gcc/arm-atollic-eabi/6.3.1/../../../../arm-atollic-eabi/lib/armv7e-m/fpu\libc_nano.a(lib_a-strtok.o)
 .ARM.attributes
                0x00000a69       0x34 c:/program files (x86)/atollic/truestudio for stm32 9.1.0/armtools/bin/../lib/gcc/arm-atollic-eabi/6.3.1/../../../../arm-atollic-eabi/lib/armv7e-m/fpu\libc_nano.a(lib_a-strtok_r.o)
 .ARM.attributes
                0x00000a9d       0x34 c:/program files (x86)/atollic/truestudio for stm32 9.1.0/armtools/bin/../lib/gcc/arm-atollic-eabi/6.3.1/../../../../arm-atollic-eabi/lib/armv7e-m/fpu\libc_nano.a(lib_a-strtol.o)
 .ARM.attributes
                0x00000ad1       0x34 c:/program files (x86)/atollic/truestudio for stm32 9.1.0/armtools/bin/../lib/gcc/arm-atollic-eabi/6.3.1/../../../../arm-atollic-eabi/lib/armv7e-m/fpu\libc_nano.a(lib_a-wbuf.o)
 .ARM.attributes
                0x00000b05       0x34 c:/program files (x86)/atollic/truestudio for stm32 9.1.0/armtools/bin/../lib/gcc/arm-atollic-eabi/6.3.1/../../../../arm-atollic-eabi/lib/armv7e-m/fpu\libc_nano.a(lib_a-writer.o)
 .ARM.attributes
                0x00000b39       0x34 c:/program files (x86)/atollic/truestudio for stm32 9.1.0/armtools/bin/../lib/gcc/arm-atollic-eabi/6.3.1/../../../../arm-atollic-eabi/lib/armv7e-m/fpu\libc_nano.a(lib_a-wsetup.o)
 .ARM.attributes
                0x00000b6d       0x34 c:/program files (x86)/atollic/truestudio for stm32 9.1.0/armtools/bin/../lib/gcc/arm-atollic-eabi/6.3.1/../../../../arm-atollic-eabi/lib/armv7e-m/fpu\libc_nano.a(lib_a-closer.o)
 .ARM.attributes
                0x00000ba1       0x34 c:/program files (x86)/atollic/truestudio for stm32 9.1.0/armtools/bin/../lib/gcc/arm-atollic-eabi/6.3.1/../../../../arm-atollic-eabi/lib/armv7e-m/fpu\libc_nano.a(lib_a-locale.o)
 .ARM.attributes
                0x00000bd5       0x34 c:/program files (x86)/atollic/truestudio for stm32 9.1.0/armtools/bin/../lib/gcc/arm-atollic-eabi/6.3.1/../../../../arm-atollic-eabi/lib/armv7e-m/fpu\libc_nano.a(lib_a-lseekr.o)
 .ARM.attributes
                0x00000c09       0x34 c:/program files (x86)/atollic/truestudio for stm32 9.1.0/armtools/bin/../lib/gcc/arm-atollic-eabi/6.3.1/../../../../arm-atollic-eabi/lib/armv7e-m/fpu\libc_nano.a(lib_a-makebuf.o)
 .ARM.attributes
                0x00000c3d       0x34 c:/program files (x86)/atollic/truestudio for stm32 9.1.0/armtools/bin/../lib/gcc/arm-atollic-eabi/6.3.1/../../../../arm-atollic-eabi/lib/armv7e-m/fpu\libc_nano.a(lib_a-malloc.o)
 .ARM.attributes
                0x00000c71       0x34 c:/program files (x86)/atollic/truestudio for stm32 9.1.0/armtools/bin/../lib/gcc/arm-atollic-eabi/6.3.1/../../../../arm-atollic-eabi/lib/armv7e-m/fpu\libc_nano.a(lib_a-mbtowc_r.o)
 .ARM.attributes
                0x00000ca5       0x34 c:/program files (x86)/atollic/truestudio for stm32 9.1.0/armtools/bin/../lib/gcc/arm-atollic-eabi/6.3.1/../../../../arm-atollic-eabi/lib/armv7e-m/fpu\libc_nano.a(lib_a-mlock.o)
 .ARM.attributes
                0x00000cd9       0x34 c:/program files (x86)/atollic/truestudio for stm32 9.1.0/armtools/bin/../lib/gcc/arm-atollic-eabi/6.3.1/../../../../arm-atollic-eabi/lib/armv7e-m/fpu\libc_nano.a(lib_a-nano-svfprintf.o)
 .ARM.attributes
                0x00000d0d       0x34 c:/program files (x86)/atollic/truestudio for stm32 9.1.0/armtools/bin/../lib/gcc/arm-atollic-eabi/6.3.1/../../../../arm-atollic-eabi/lib/armv7e-m/fpu\libc_nano.a(lib_a-nano-svfscanf.o)
 .ARM.attributes
                0x00000d41       0x34 c:/program files (x86)/atollic/truestudio for stm32 9.1.0/armtools/bin/../lib/gcc/arm-atollic-eabi/6.3.1/../../../../arm-atollic-eabi/lib/armv7e-m/fpu\libc_nano.a(lib_a-nano-vfprintf.o)
 .ARM.attributes
                0x00000d75       0x34 c:/program files (x86)/atollic/truestudio for stm32 9.1.0/armtools/bin/../lib/gcc/arm-atollic-eabi/6.3.1/../../../../arm-atollic-eabi/lib/armv7e-m/fpu\libc_nano.a(lib_a-nano-vfprintf_i.o)
 .ARM.attributes
                0x00000da9       0x34 c:/program files (x86)/atollic/truestudio for stm32 9.1.0/armtools/bin/../lib/gcc/arm-atollic-eabi/6.3.1/../../../../arm-atollic-eabi/lib/armv7e-m/fpu\libc_nano.a(lib_a-nano-vfscanf_i.o)
 .ARM.attributes
                0x00000ddd       0x34 c:/program files (x86)/atollic/truestudio for stm32 9.1.0/armtools/bin/../lib/gcc/arm-atollic-eabi/6.3.1/../../../../arm-atollic-eabi/lib/armv7e-m/fpu\libc_nano.a(lib_a-readr.o)
 .ARM.attributes
                0x00000e11       0x34 c:/program files (x86)/atollic/truestudio for stm32 9.1.0/armtools/bin/../lib/gcc/arm-atollic-eabi/6.3.1/../../../../arm-atollic-eabi/lib/armv7e-m/fpu\libc_nano.a(lib_a-reent.o)
 .ARM.attributes
                0x00000e45       0x34 c:/program files (x86)/atollic/truestudio for stm32 9.1.0/armtools/bin/../lib/gcc/arm-atollic-eabi/6.3.1/../../../../arm-atollic-eabi/lib/armv7e-m/fpu\libc_nano.a(lib_a-sccl.o)
 .ARM.attributes
                0x00000e79       0x34 c:/program files (x86)/atollic/truestudio for stm32 9.1.0/armtools/bin/../lib/gcc/arm-atollic-eabi/6.3.1/../../../../arm-atollic-eabi/lib/armv7e-m/fpu\libc_nano.a(lib_a-strtoul.o)
 .ARM.attributes
                0x00000ead       0x34 c:/program files (x86)/atollic/truestudio for stm32 9.1.0/armtools/bin/../lib/gcc/arm-atollic-eabi/6.3.1/../../../../arm-atollic-eabi/lib/armv7e-m/fpu\libc_nano.a(lib_a-ungetc.o)
 .ARM.attributes
                0x00000ee1       0x34 c:/program files (x86)/atollic/truestudio for stm32 9.1.0/armtools/bin/../lib/gcc/arm-atollic-eabi/6.3.1/../../../../arm-atollic-eabi/lib/armv7e-m/fpu\libc_nano.a(lib_a-wctomb_r.o)
 .ARM.attributes
                0x00000f15       0x34 c:/program files (x86)/atollic/truestudio for stm32 9.1.0/armtools/bin/../lib/gcc/arm-atollic-eabi/6.3.1/../../../../arm-atollic-eabi/lib/armv7e-m/fpu\libc_nano.a(lib_a-ctype_.o)
 .ARM.attributes
                0x00000f49       0x34 c:/program files (x86)/atollic/truestudio for stm32 9.1.0/armtools/bin/../lib/gcc/arm-atollic-eabi/6.3.1/../../../../arm-atollic-eabi/lib/armv7e-m/fpu\libc_nano.a(lib_a-fstatr.o)
 .ARM.attributes
                0x00000f7d       0x34 c:/program files (x86)/atollic/truestudio for stm32 9.1.0/armtools/bin/../lib/gcc/arm-atollic-eabi/6.3.1/../../../../arm-atollic-eabi/lib/armv7e-m/fpu\libc_nano.a(lib_a-isattyr.o)
 .ARM.attributes
                0x00000fb1       0x34 c:/program files (x86)/atollic/truestudio for stm32 9.1.0/armtools/bin/../lib/gcc/arm-atollic-eabi/6.3.1/../../../../arm-atollic-eabi/lib/armv7e-m/fpu\libc_nano.a(lib_a-memmove.o)
 .ARM.attributes
                0x00000fe5       0x34 c:/program files (x86)/atollic/truestudio for stm32 9.1.0/armtools/bin/../lib/gcc/arm-atollic-eabi/6.3.1/../../../../arm-atollic-eabi/lib/armv7e-m/fpu\libc_nano.a(lib_a-nano-reallocr.o)
 .ARM.attributes
                0x00001019       0x34 c:/program files (x86)/atollic/truestudio for stm32 9.1.0/armtools/bin/../lib/gcc/arm-atollic-eabi/6.3.1/../../../../arm-atollic-eabi/lib/armv7e-m/fpu\libc_nano.a(lib_a-nano-msizer.o)
 .ARM.attributes
                0x0000104d       0x22 c:/program files (x86)/atollic/truestudio for stm32 9.1.0/armtools/bin/../lib/gcc/arm-atollic-eabi/6.3.1/armv7e-m/fpu\libgcc.a(_aeabi_uldivmod.o)
 .ARM.attributes
                0x0000106f       0x34 c:/program files (x86)/atollic/truestudio for stm32 9.1.0/armtools/bin/../lib/gcc/arm-atollic-eabi/6.3.1/armv7e-m/fpu\libgcc.a(_udivmoddi4.o)
 .ARM.attributes
                0x000010a3       0x22 c:/program files (x86)/atollic/truestudio for stm32 9.1.0/armtools/bin/../lib/gcc/arm-atollic-eabi/6.3.1/armv7e-m/fpu\libgcc.a(_dvmd_tls.o)
 .ARM.attributes
                0x000010c5       0x34 c:/program files (x86)/atollic/truestudio for stm32 9.1.0/armtools/bin/../lib/gcc/arm-atollic-eabi/6.3.1/../../../../arm-atollic-eabi/lib/armv7e-m/fpu\libnosys.a(close.o)
 .ARM.attributes
                0x000010f9       0x34 c:/program files (x86)/atollic/truestudio for stm32 9.1.0/armtools/bin/../lib/gcc/arm-atollic-eabi/6.3.1/../../../../arm-atollic-eabi/lib/armv7e-m/fpu\libnosys.a(fstat.o)
 .ARM.attributes
                0x0000112d       0x34 c:/program files (x86)/atollic/truestudio for stm32 9.1.0/armtools/bin/../lib/gcc/arm-atollic-eabi/6.3.1/../../../../arm-atollic-eabi/lib/armv7e-m/fpu\libnosys.a(isatty.o)
 .ARM.attributes
                0x00001161       0x34 c:/program files (x86)/atollic/truestudio for stm32 9.1.0/armtools/bin/../lib/gcc/arm-atollic-eabi/6.3.1/../../../../arm-atollic-eabi/lib/armv7e-m/fpu\libnosys.a(lseek.o)
 .ARM.attributes
                0x00001195       0x34 c:/program files (x86)/atollic/truestudio for stm32 9.1.0/armtools/bin/../lib/gcc/arm-atollic-eabi/6.3.1/../../../../arm-atollic-eabi/lib/armv7e-m/fpu\libnosys.a(read.o)
 .ARM.attributes
                0x000011c9       0x34 c:/program files (x86)/atollic/truestudio for stm32 9.1.0/armtools/bin/../lib/gcc/arm-atollic-eabi/6.3.1/../../../../arm-atollic-eabi/lib/armv7e-m/fpu\libnosys.a(sbrk.o)
 .ARM.attributes
                0x000011fd       0x34 c:/program files (x86)/atollic/truestudio for stm32 9.1.0/armtools/bin/../lib/gcc/arm-atollic-eabi/6.3.1/../../../../arm-atollic-eabi/lib/armv7e-m/fpu\libnosys.a(write.o)
 .ARM.attributes
                0x00001231       0x22 c:/program files (x86)/atollic/truestudio for stm32 9.1.0/armtools/bin/../lib/gcc/arm-atollic-eabi/6.3.1/armv7e-m/fpu/crtn.o
OUTPUT(test_led2.elf elf32-littlearm)

.debug_info     0x00000000    0x356fd
 .debug_info    0x00000000     0x123e Drivers\STM32F4xx_HAL_Driver\Src\stm32f4xx_hal.o
 .debug_info    0x0000123e     0x17e0 Drivers\STM32F4xx_HAL_Driver\Src\stm32f4xx_hal_can.o
 .debug_info    0x00002a1e     0x1762 Drivers\STM32F4xx_HAL_Driver\Src\stm32f4xx_hal_cortex.o
 .debug_info    0x00004180      0xfd6 Drivers\STM32F4xx_HAL_Driver\Src\stm32f4xx_hal_gpio.o
 .debug_info    0x00005156     0x12a9 Drivers\STM32F4xx_HAL_Driver\Src\stm32f4xx_hal_rcc.o
 .debug_info    0x000063ff     0x13fa Drivers\STM32F4xx_HAL_Driver\Src\stm32f4xx_hal_rcc_ex.o
 .debug_info    0x000077f9     0x3ba2 Drivers\STM32F4xx_HAL_Driver\Src\stm32f4xx_hal_tim.o
 .debug_info    0x0000b39b     0x1ea3 Drivers\STM32F4xx_HAL_Driver\Src\stm32f4xx_hal_uart.o
 .debug_info    0x0000d23e     0x15ce Src\can.o
 .debug_info    0x0000e80c     0x269a Src\event_buffer.o
 .debug_info    0x00010ea6     0x369c Src\main.o
 .debug_info    0x00014542     0x27c2 Src\ring_buffer.o
 .debug_info    0x00016d04     0x2be7 Src\spwf04WiFi.o
 .debug_info    0x000198eb     0x32ac Src\stm32_spwf_wifi.o
 .debug_info    0x0001cb97     0x1a22 Src\stm32f4xx_hal_msp.o
 .debug_info    0x0001e5b9     0x2144 Src\stm32f4xx_hal_spi.o
 .debug_info    0x000206fd      0xdd3 Src\stm32f4xx_it.o
 .debug_info    0x000214d0     0x1fcd Src\stm32f4xx_nucleo.o
 .debug_info    0x0002349d      0xd50 Src\system_stm32f4xx.o
 .debug_info    0x000241ed     0x260d Src\wifi_globals.o
 .debug_info    0x000267fa     0x55ef Src\wifi_interface.o
 .debug_info    0x0002bde9     0x55f5 Src\wifi_module.o
 .debug_info    0x000313de     0x42bd Src\wifi_module_spi.o
 .debug_info    0x0003569b       0x62 startup\startup_stm32f446xx.o

.debug_abbrev   0x00000000     0x4938
 .debug_abbrev  0x00000000      0x308 Drivers\STM32F4xx_HAL_Driver\Src\stm32f4xx_hal.o
 .debug_abbrev  0x00000308      0x380 Drivers\STM32F4xx_HAL_Driver\Src\stm32f4xx_hal_can.o
 .debug_abbrev  0x00000688      0x399 Drivers\STM32F4xx_HAL_Driver\Src\stm32f4xx_hal_cortex.o
 .debug_abbrev  0x00000a21      0x268 Drivers\STM32F4xx_HAL_Driver\Src\stm32f4xx_hal_gpio.o
 .debug_abbrev  0x00000c89      0x353 Drivers\STM32F4xx_HAL_Driver\Src\stm32f4xx_hal_rcc.o
 .debug_abbrev  0x00000fdc      0x295 Drivers\STM32F4xx_HAL_Driver\Src\stm32f4xx_hal_rcc_ex.o
 .debug_abbrev  0x00001271      0x3ac Drivers\STM32F4xx_HAL_Driver\Src\stm32f4xx_hal_tim.o
 .debug_abbrev  0x0000161d      0x397 Drivers\STM32F4xx_HAL_Driver\Src\stm32f4xx_hal_uart.o
 .debug_abbrev  0x000019b4      0x2e0 Src\can.o
 .debug_abbrev  0x00001c94      0x2e2 Src\event_buffer.o
 .debug_abbrev  0x00001f76      0x374 Src\main.o
 .debug_abbrev  0x000022ea      0x347 Src\ring_buffer.o
 .debug_abbrev  0x00002631      0x311 Src\spwf04WiFi.o
 .debug_abbrev  0x00002942      0x38f Src\stm32_spwf_wifi.o
 .debug_abbrev  0x00002cd1      0x259 Src\stm32f4xx_hal_msp.o
 .debug_abbrev  0x00002f2a      0x394 Src\stm32f4xx_hal_spi.o
 .debug_abbrev  0x000032be      0x24d Src\stm32f4xx_it.o
 .debug_abbrev  0x0000350b      0x3bf Src\stm32f4xx_nucleo.o
 .debug_abbrev  0x000038ca      0x1ca Src\system_stm32f4xx.o
 .debug_abbrev  0x00003a94      0x213 Src\wifi_globals.o
 .debug_abbrev  0x00003ca7      0x406 Src\wifi_interface.o
 .debug_abbrev  0x000040ad      0x44f Src\wifi_module.o
 .debug_abbrev  0x000044fc      0x42a Src\wifi_module_spi.o
 .debug_abbrev  0x00004926       0x12 startup\startup_stm32f446xx.o

.debug_loc      0x00000000     0xb851
 .debug_loc     0x00000000      0x11b Drivers\STM32F4xx_HAL_Driver\Src\stm32f4xx_hal.o
 .debug_loc     0x0000011b      0x938 Drivers\STM32F4xx_HAL_Driver\Src\stm32f4xx_hal_can.o
 .debug_loc     0x00000a53      0x4fb Drivers\STM32F4xx_HAL_Driver\Src\stm32f4xx_hal_cortex.o
 .debug_loc     0x00000f4e      0x3cd Drivers\STM32F4xx_HAL_Driver\Src\stm32f4xx_hal_gpio.o
 .debug_loc     0x0000131b      0x336 Drivers\STM32F4xx_HAL_Driver\Src\stm32f4xx_hal_rcc.o
 .debug_loc     0x00001651      0xa31 Drivers\STM32F4xx_HAL_Driver\Src\stm32f4xx_hal_rcc_ex.o
 .debug_loc     0x00002082     0x30b2 Drivers\STM32F4xx_HAL_Driver\Src\stm32f4xx_hal_tim.o
 .debug_loc     0x00005134     0x132c Drivers\STM32F4xx_HAL_Driver\Src\stm32f4xx_hal_uart.o
 .debug_loc     0x00006460      0x1d9 Src\can.o
 .debug_loc     0x00006639      0x112 Src\event_buffer.o
 .debug_loc     0x0000674b       0x5a Src\main.o
 .debug_loc     0x000067a5      0x199 Src\ring_buffer.o
 .debug_loc     0x0000693e      0x387 Src\spwf04WiFi.o
 .debug_loc     0x00006cc5      0x151 Src\stm32_spwf_wifi.o
 .debug_loc     0x00006e16       0x9a Src\stm32f4xx_hal_msp.o
 .debug_loc     0x00006eb0     0x1408 Src\stm32f4xx_hal_spi.o
 .debug_loc     0x000082b8      0x4df Src\stm32f4xx_nucleo.o
 .debug_loc     0x00008797      0x11c Src\system_stm32f4xx.o
 .debug_loc     0x000088b3     0x16f7 Src\wifi_interface.o
 .debug_loc     0x00009faa      0xf83 Src\wifi_module.o